[0.920s] Invoking command in '/root/ros2_ws/build/checkpoint_pkg': PYTHONPATH=/root/ros2_ws/build/checkpoint_pkg/prefix_override:/usr/lib/python3/dist-packages/colcon_core/task/python/colcon_distutils_commands:/root/ros2_ws/install/checkpoint_pkg/lib/python3.10/site-packages:${PYTHONPATH} /usr/bin/python3 -W ignore:setup.py install is deprecated setup.py develop --editable --build-directory /root/ros2_ws/build/checkpoint_pkg/build --no-deps symlink_data
[1.253s] running develop
[1.254s] /usr/lib/python3/dist-packages/setuptools/command/easy_install.py:158: EasyInstallDeprecationWarning: easy_install command is deprecated. Use build and pip and other standards-based tools.
[1.254s]   warnings.warn(
[1.396s] running egg_info
[1.396s] creating checkpoint_pkg.egg-info
[1.397s] writing checkpoint_pkg.egg-info/PKG-INFO
[1.397s] writing dependency_links to checkpoint_pkg.egg-info/dependency_links.txt
[1.397s] writing entry points to checkpoint_pkg.egg-info/entry_points.txt
[1.397s] writing requirements to checkpoint_pkg.egg-info/requires.txt
[1.397s] writing top-level names to checkpoint_pkg.egg-info/top_level.txt
[1.398s] writing manifest file 'checkpoint_pkg.egg-info/SOURCES.txt'
[1.400s] reading manifest file 'checkpoint_pkg.egg-info/SOURCES.txt'
[1.400s] writing manifest file 'checkpoint_pkg.egg-info/SOURCES.txt'
[1.402s] running build_ext
[1.403s] Creating /root/ros2_ws/install/checkpoint_pkg/lib/python3.10/site-packages/checkpoint-pkg.egg-link (link to .)
[1.404s] Installing aruco_pose_node script to /root/ros2_ws/install/checkpoint_pkg/lib/checkpoint_pkg
[1.404s] Installing find_opening script to /root/ros2_ws/install/checkpoint_pkg/lib/checkpoint_pkg
[1.404s] Installing lidar_node script to /root/ros2_ws/install/checkpoint_pkg/lib/checkpoint_pkg
[1.405s] Installing move_robot script to /root/ros2_ws/install/checkpoint_pkg/lib/checkpoint_pkg
[1.405s] Installing rotate_robot script to /root/ros2_ws/install/checkpoint_pkg/lib/checkpoint_pkg
[1.405s] 
[1.405s] Installed /root/ros2_ws/build/checkpoint_pkg
[1.405s] running symlink_data
[1.405s] creating /root/ros2_ws/install/checkpoint_pkg/share/ament_index
[1.405s] creating /root/ros2_ws/install/checkpoint_pkg/share/ament_index/resource_index
[1.405s] creating /root/ros2_ws/install/checkpoint_pkg/share/ament_index/resource_index/packages
[1.406s] symbolically linking /root/ros2_ws/build/checkpoint_pkg/resource/checkpoint_pkg -> /root/ros2_ws/install/checkpoint_pkg/share/ament_index/resource_index/packages
[1.406s] symbolically linking /root/ros2_ws/build/checkpoint_pkg/package.xml -> /root/ros2_ws/install/checkpoint_pkg/share/checkpoint_pkg
[1.480s] Invoked command in '/root/ros2_ws/build/checkpoint_pkg' returned '0': PYTHONPATH=/root/ros2_ws/build/checkpoint_pkg/prefix_override:/usr/lib/python3/dist-packages/colcon_core/task/python/colcon_distutils_commands:/root/ros2_ws/install/checkpoint_pkg/lib/python3.10/site-packages:${PYTHONPATH} /usr/bin/python3 -W ignore:setup.py install is deprecated setup.py develop --editable --build-directory /root/ros2_ws/build/checkpoint_pkg/build --no-deps symlink_data
