[0.033s] Invoking command in '/root/ros2_ws/build/checkpoint_interfaces': CMAKE_PREFIX_PATH=/opt/ros/humble /usr/bin/cmake /root/ros2_ws/src/checkpoint_interfaces -DCMAKE_INSTALL_PREFIX=/root/ros2_ws/install/checkpoint_interfaces
[0.050s] -- Found ament_cmake: 1.3.12 (/opt/ros/humble/share/ament_cmake/cmake)
[0.220s] -- Found rosidl_default_generators: 1.2.0 (/opt/ros/humble/share/rosidl_default_generators/cmake)
[0.223s] -- Using all available rosidl_typesupport_c: rosidl_typesupport_fastrtps_c;rosidl_typesupport_introspection_c
[0.229s] -- Found rosidl_adapter: 3.1.7 (/opt/ros/humble/share/rosidl_adapter/cmake)
[0.269s] -- Using all available rosidl_typesupport_cpp: rosidl_typesupport_fastrtps_cpp;rosidl_typesupport_introspection_cpp
[0.478s] [31mCMake Error at /opt/ros/humble/share/rosidl_adapter/cmake/rosidl_adapt_interfaces.cmake:59 (message):
[0.479s]   execute_process(/usr/bin/python3 -m rosidl_adapter --package-name
[0.480s]   checkpoint_interfaces --arguments-file
[0.481s]   /root/ros2_ws/build/checkpoint_interfaces/rosidl_adapter__arguments__checkpoint_interfaces.json
[0.481s]   --output-dir
[0.482s]   /root/ros2_ws/build/checkpoint_interfaces/rosidl_adapter/checkpoint_interfaces
[0.483s]   --output-file
[0.484s]   /root/ros2_ws/build/checkpoint_interfaces/rosidl_adapter/checkpoint_interfaces.idls)
[0.485s]   returned error code 1:
[0.485s] 
[0.486s]   Error processing 'float32 alignmentError' of
[0.486s]   'checkpoint_interfaces/ParametersToTarget': ''alignmentError' is an invalid
[0.487s]   field name.  It should have the pattern
[0.488s]   '^(?!.*__)(?!.*_$)[a-z][a-z0-9_]*$''
[0.489s] 
[0.491s]   Traceback (most recent call last):
[0.495s] 
[0.496s]     File "/usr/lib/python3.10/runpy.py", line 196, in _run_module_as_main
[0.497s]       return _run_code(code, main_globals, None,
[0.498s]     File "/usr/lib/python3.10/runpy.py", line 86, in _run_code
[0.498s]       exec(code, run_globals)
[0.499s]     File "/opt/ros/humble/local/lib/python3.10/dist-packages/rosidl_adapter/__main__.py", line 19, in <module>
[0.500s]       sys.exit(main())
[0.502s]     File "/opt/ros/humble/local/lib/python3.10/dist-packages/rosidl_adapter/main.py", line 53, in main
[0.502s]       abs_idl_file = convert_to_idl(
[0.503s]     File "/opt/ros/humble/local/lib/python3.10/dist-packages/rosidl_adapter/__init__.py", line 19, in convert_to_idl
[0.505s]       return convert_msg_to_idl(
[0.507s]     File "/opt/ros/humble/local/lib/python3.10/dist-packages/rosidl_adapter/msg/__init__.py", line 28, in convert_msg_to_idl
[0.509s]       msg = parse_message_string(package_name, input_file.stem, content)
[0.511s]     File "/opt/ros/humble/local/lib/python3.10/dist-packages/rosidl_adapter/parser.py", line 519, in parse_message_string
[0.513s]       fields.append(Field(
[0.515s]     File "/opt/ros/humble/local/lib/python3.10/dist-packages/rosidl_adapter/parser.py", line 354, in __init__
[0.520s]       raise NameError(
[0.525s] 
[0.526s]   NameError: 'alignmentError' is an invalid field name.  It should have the
[0.527s]   pattern '^(?!.*__)(?!.*_$)[a-z][a-z0-9_]*$'
[0.528s] 
[0.529s] Call Stack (most recent call first):
[0.530s]   /opt/ros/humble/share/rosidl_cmake/cmake/rosidl_generate_interfaces.cmake:130 (rosidl_adapt_interfaces)
[0.530s]   CMakeLists.txt:16 (rosidl_generate_interfaces)
[0.531s] 
[0.532s] [0m
[0.532s] -- Configuring incomplete, errors occurred!
[0.533s] See also "/root/ros2_ws/build/checkpoint_interfaces/CMakeFiles/CMakeOutput.log".
[0.534s] Invoked command in '/root/ros2_ws/build/checkpoint_interfaces' returned '1': CMAKE_PREFIX_PATH=/opt/ros/humble /usr/bin/cmake /root/ros2_ws/src/checkpoint_interfaces -DCMAKE_INSTALL_PREFIX=/root/ros2_ws/install/checkpoint_interfaces
