running develop
running egg_info
creating checkpoint_pkg.egg-info
writing checkpoint_pkg.egg-info/PKG-INFO
writing dependency_links to checkpoint_pkg.egg-info/dependency_links.txt
writing entry points to checkpoint_pkg.egg-info/entry_points.txt
writing requirements to checkpoint_pkg.egg-info/requires.txt
writing top-level names to checkpoint_pkg.egg-info/top_level.txt
writing manifest file 'checkpoint_pkg.egg-info/SOURCES.txt'
reading manifest file 'checkpoint_pkg.egg-info/SOURCES.txt'
writing manifest file 'checkpoint_pkg.egg-info/SOURCES.txt'
running build_ext
Creating /root/ros2_ws/src/checkpoint_pkg/install/checkpoint_pkg/lib/python3.10/site-packages/checkpoint-pkg.egg-link (link to .)
Installing aruco_pose_node script to /root/ros2_ws/src/checkpoint_pkg/install/checkpoint_pkg/lib/checkpoint_pkg
Installing find_opening script to /root/ros2_ws/src/checkpoint_pkg/install/checkpoint_pkg/lib/checkpoint_pkg
Installing lidar_node script to /root/ros2_ws/src/checkpoint_pkg/install/checkpoint_pkg/lib/checkpoint_pkg
Installing move_robot script to /root/ros2_ws/src/checkpoint_pkg/install/checkpoint_pkg/lib/checkpoint_pkg
Installing rotate_robot script to /root/ros2_ws/src/checkpoint_pkg/install/checkpoint_pkg/lib/checkpoint_pkg

Installed /root/ros2_ws/src/checkpoint_pkg/build/checkpoint_pkg
running symlink_data
creating /root/ros2_ws/src/checkpoint_pkg/install/checkpoint_pkg/share/ament_index
creating /root/ros2_ws/src/checkpoint_pkg/install/checkpoint_pkg/share/ament_index/resource_index
creating /root/ros2_ws/src/checkpoint_pkg/install/checkpoint_pkg/share/ament_index/resource_index/packages
symbolically linking /root/ros2_ws/src/checkpoint_pkg/build/checkpoint_pkg/resource/checkpoint_pkg -> /root/ros2_ws/src/checkpoint_pkg/install/checkpoint_pkg/share/ament_index/resource_index/packages
symbolically linking /root/ros2_ws/src/checkpoint_pkg/build/checkpoint_pkg/package.xml -> /root/ros2_ws/src/checkpoint_pkg/install/checkpoint_pkg/share/checkpoint_pkg
