[1.101s] Invoking command in '/root/ros2_ws/build/final_pkg': PYTHONPATH=/root/ros2_ws/build/final_pkg/prefix_override:/usr/lib/python3/dist-packages/colcon_core/task/python/colcon_distutils_commands:/root/ros2_ws/install/final_pkg/lib/python3.10/site-packages:${PYTHONPATH} /usr/bin/python3 -W ignore:setup.py install is deprecated -W ignore:easy_install command is deprecated setup.py develop --editable --build-directory /root/ros2_ws/build/final_pkg/build --no-deps symlink_data
[1.514s] running develop
[1.754s] running egg_info
[1.756s] creating final_pkg.egg-info
[1.757s] writing final_pkg.egg-info/PKG-INFO
[1.759s] writing dependency_links to final_pkg.egg-info/dependency_links.txt
[1.761s] writing entry points to final_pkg.egg-info/entry_points.txt
[1.763s] writing requirements to final_pkg.egg-info/requires.txt
[1.764s] writing top-level names to final_pkg.egg-info/top_level.txt
[1.766s] writing manifest file 'final_pkg.egg-info/SOURCES.txt'
[1.785s] reading manifest file 'final_pkg.egg-info/SOURCES.txt'
[1.794s] writing manifest file 'final_pkg.egg-info/SOURCES.txt'
[1.797s] running build_ext
[1.798s] Creating /root/ros2_ws/install/final_pkg/lib/python3.10/site-packages/final-pkg.egg-link (link to .)
[1.804s] Installing aruco_detector script to /root/ros2_ws/install/final_pkg/lib/final_pkg
[1.808s] Installing aruco_pose_node script to /root/ros2_ws/install/final_pkg/lib/final_pkg
[1.813s] Installing lidar script to /root/ros2_ws/install/final_pkg/lib/final_pkg
[1.820s] Installing localizer script to /root/ros2_ws/install/final_pkg/lib/final_pkg
[1.824s] Installing move_robot script to /root/ros2_ws/install/final_pkg/lib/final_pkg
[1.829s] Installing move_robot_follow_path script to /root/ros2_ws/install/final_pkg/lib/final_pkg
[1.833s] Installing move_robot_outside_box script to /root/ros2_ws/install/final_pkg/lib/final_pkg
[1.836s] Installing move_robot_to_aruco script to /root/ros2_ws/install/final_pkg/lib/final_pkg
[1.840s] Installing navigator script to /root/ros2_ws/install/final_pkg/lib/final_pkg
[1.844s] Installing process_lidar script to /root/ros2_ws/install/final_pkg/lib/final_pkg
[1.848s] Installing robot_manager script to /root/ros2_ws/install/final_pkg/lib/final_pkg
[1.853s] Installing rotate_robot script to /root/ros2_ws/install/final_pkg/lib/final_pkg
[1.857s] Installing rotate_robot_to_aruco script to /root/ros2_ws/install/final_pkg/lib/final_pkg
[1.861s] Installing user_interface script to /root/ros2_ws/install/final_pkg/lib/final_pkg
[1.868s] 
[1.869s] Installed /root/ros2_ws/build/final_pkg
[1.872s] running symlink_data
[1.873s] creating /root/ros2_ws/install/final_pkg/share/ament_index
[1.876s] creating /root/ros2_ws/install/final_pkg/share/ament_index/resource_index
[1.877s] creating /root/ros2_ws/install/final_pkg/share/ament_index/resource_index/packages
[1.881s] symbolically linking /root/ros2_ws/build/final_pkg/resource/final_pkg -> /root/ros2_ws/install/final_pkg/share/ament_index/resource_index/packages
[1.884s] symbolically linking /root/ros2_ws/build/final_pkg/package.xml -> /root/ros2_ws/install/final_pkg/share/final_pkg
[1.938s] Invoked command in '/root/ros2_ws/build/final_pkg' returned '0': PYTHONPATH=/root/ros2_ws/build/final_pkg/prefix_override:/usr/lib/python3/dist-packages/colcon_core/task/python/colcon_distutils_commands:/root/ros2_ws/install/final_pkg/lib/python3.10/site-packages:${PYTHONPATH} /usr/bin/python3 -W ignore:setup.py install is deprecated -W ignore:easy_install command is deprecated setup.py develop --editable --build-directory /root/ros2_ws/build/final_pkg/build --no-deps symlink_data
