[0.077s] Invoking command in '/root/ros2_ws/build/checkpoint_interfaces': CMAKE_PREFIX_PATH=/opt/ros/humble /usr/bin/cmake /root/ros2_ws/src/checkpoint_interfaces -DCMAKE_INSTALL_PREFIX=/root/ros2_ws/install/checkpoint_interfaces
[0.483s] -- The C compiler identification is GNU 11.4.0
[0.783s] -- The CXX compiler identification is GNU 11.4.0
[0.808s] -- Detecting C compiler ABI info
[1.064s] -- Detecting C compiler ABI info - done
[1.163s] -- Check for working C compiler: /usr/bin/cc - skipped
[1.169s] -- Detecting C compile features
[1.170s] -- Detecting C compile features - done
[1.190s] -- Detecting CXX compiler ABI info
[1.455s] -- Detecting CXX compiler ABI info - done
[1.482s] -- Check for working CXX compiler: /usr/bin/c++ - skipped
[1.484s] -- Detecting CXX compile features
[1.485s] -- Detecting CXX compile features - done
[1.519s] -- Found ament_cmake: 1.3.12 (/opt/ros/humble/share/ament_cmake/cmake)
[1.750s] -- Found Python3: /usr/bin/python3 (found version "3.10.12") found components: Interpreter 
[1.982s] -- Found rosidl_default_generators: 1.2.0 (/opt/ros/humble/share/rosidl_default_generators/cmake)
[1.996s] -- Using all available rosidl_typesupport_c: rosidl_typesupport_fastrtps_c;rosidl_typesupport_introspection_c
[2.023s] -- Found rosidl_adapter: 3.1.7 (/opt/ros/humble/share/rosidl_adapter/cmake)
[2.154s] -- Using all available rosidl_typesupport_cpp: rosidl_typesupport_fastrtps_cpp;rosidl_typesupport_introspection_cpp
[2.223s] [31mCMake Error at /opt/ros/humble/share/rosidl_cmake/cmake/rosidl_generate_interfaces.cmake:93 (message):
[2.224s]   rosidl_generate_interfaces() the passed file 'msg/ParametersToTarget.msg'
[2.225s]   doesn't exist relative to the CMAKE_CURRENT_SOURCE_DIR
[2.226s]   '/root/ros2_ws/src/checkpoint_interfaces'
[2.227s] Call Stack (most recent call first):
[2.227s]   CMakeLists.txt:16 (rosidl_generate_interfaces)
[2.228s] 
[2.232s] [0m
[2.233s] -- Configuring incomplete, errors occurred!
[2.233s] See also "/root/ros2_ws/build/checkpoint_interfaces/CMakeFiles/CMakeOutput.log".
[2.236s] Invoked command in '/root/ros2_ws/build/checkpoint_interfaces' returned '1': CMAKE_PREFIX_PATH=/opt/ros/humble /usr/bin/cmake /root/ros2_ws/src/checkpoint_interfaces -DCMAKE_INSTALL_PREFIX=/root/ros2_ws/install/checkpoint_interfaces
