[1.916s] Invoking command in '/root/ros2_ws/build/final_pkg': PYTHONPATH=/root/ros2_ws/build/final_pkg/prefix_override:/usr/lib/python3/dist-packages/colcon_core/task/python/colcon_distutils_commands:/root/ros2_ws/install/final_pkg/lib/python3.10/site-packages:${PYTHONPATH} /usr/bin/python3 -W ignore:setup.py install is deprecated setup.py develop --editable --build-directory /root/ros2_ws/build/final_pkg/build --no-deps symlink_data
[2.290s] running develop
[2.295s] /usr/lib/python3/dist-packages/setuptools/command/easy_install.py:158: EasyInstallDeprecationWarning: easy_install command is deprecated. Use build and pip and other standards-based tools.
[2.295s]   warnings.warn(
[2.468s] running egg_info
[2.468s] writing final_pkg.egg-info/PKG-INFO
[2.469s] writing dependency_links to final_pkg.egg-info/dependency_links.txt
[2.475s] writing entry points to final_pkg.egg-info/entry_points.txt
[2.476s] writing requirements to final_pkg.egg-info/requires.txt
[2.477s] writing top-level names to final_pkg.egg-info/top_level.txt
[2.481s] reading manifest file 'final_pkg.egg-info/SOURCES.txt'
[2.483s] writing manifest file 'final_pkg.egg-info/SOURCES.txt'
[2.485s] running build_ext
[2.486s] Creating /root/ros2_ws/install/final_pkg/lib/python3.10/site-packages/final-pkg.egg-link (link to .)
[2.487s] Installing aruco_detector script to /root/ros2_ws/install/final_pkg/lib/final_pkg
[2.488s] Installing aruco_pose_node script to /root/ros2_ws/install/final_pkg/lib/final_pkg
[2.488s] Installing lidar script to /root/ros2_ws/install/final_pkg/lib/final_pkg
[2.488s] Installing localizer script to /root/ros2_ws/install/final_pkg/lib/final_pkg
[2.488s] Installing move_robot script to /root/ros2_ws/install/final_pkg/lib/final_pkg
[2.489s] Installing move_robot_follow_path script to /root/ros2_ws/install/final_pkg/lib/final_pkg
[2.489s] Installing move_robot_outside_box script to /root/ros2_ws/install/final_pkg/lib/final_pkg
[2.489s] Installing move_robot_to_aruco script to /root/ros2_ws/install/final_pkg/lib/final_pkg
[2.489s] Installing navigator script to /root/ros2_ws/install/final_pkg/lib/final_pkg
[2.489s] Installing process_lidar script to /root/ros2_ws/install/final_pkg/lib/final_pkg
[2.489s] Installing robot_manager script to /root/ros2_ws/install/final_pkg/lib/final_pkg
[2.490s] Installing rotate_robot script to /root/ros2_ws/install/final_pkg/lib/final_pkg
[2.490s] Installing rotate_robot_to_aruco script to /root/ros2_ws/install/final_pkg/lib/final_pkg
[2.490s] Installing user_interface script to /root/ros2_ws/install/final_pkg/lib/final_pkg
[2.490s] 
[2.490s] Installed /root/ros2_ws/build/final_pkg
[2.490s] running symlink_data
[2.572s] Invoked command in '/root/ros2_ws/build/final_pkg' returned '0': PYTHONPATH=/root/ros2_ws/build/final_pkg/prefix_override:/usr/lib/python3/dist-packages/colcon_core/task/python/colcon_distutils_commands:/root/ros2_ws/install/final_pkg/lib/python3.10/site-packages:${PYTHONPATH} /usr/bin/python3 -W ignore:setup.py install is deprecated setup.py develop --editable --build-directory /root/ros2_ws/build/final_pkg/build --no-deps symlink_data
