[1.420s] Invoking command in '/root/ros2_ws/build/checkpoint_pkg': PYTHONPATH=/root/ros2_ws/build/checkpoint_pkg/prefix_override:/usr/lib/python3/dist-packages/colcon_core/task/python/colcon_distutils_commands:/root/ros2_ws/install/checkpoint_pkg/lib/python3.10/site-packages:${PYTHONPATH} /usr/bin/python3 -W ignore:setup.py install is deprecated -W ignore:easy_install command is deprecated setup.py develop --editable --build-directory /root/ros2_ws/build/checkpoint_pkg/build --no-deps symlink_data
[1.873s] running develop
[2.094s] running egg_info
[2.098s] creating checkpoint_pkg.egg-info
[2.099s] writing checkpoint_pkg.egg-info/PKG-INFO
[2.103s] writing dependency_links to checkpoint_pkg.egg-info/dependency_links.txt
[2.107s] writing entry points to checkpoint_pkg.egg-info/entry_points.txt
[2.110s] writing requirements to checkpoint_pkg.egg-info/requires.txt
[2.113s] writing top-level names to checkpoint_pkg.egg-info/top_level.txt
[2.119s] writing manifest file 'checkpoint_pkg.egg-info/SOURCES.txt'
[2.169s] reading manifest file 'checkpoint_pkg.egg-info/SOURCES.txt'
[2.177s] writing manifest file 'checkpoint_pkg.egg-info/SOURCES.txt'
[2.189s] running build_ext
[2.192s] Creating /root/ros2_ws/install/checkpoint_pkg/lib/python3.10/site-packages/checkpoint-pkg.egg-link (link to .)
[2.216s] Installing aruco_pose_node script to /root/ros2_ws/install/checkpoint_pkg/lib/checkpoint_pkg
[2.223s] Installing find_opening script to /root/ros2_ws/install/checkpoint_pkg/lib/checkpoint_pkg
[2.230s] Installing lidar_node script to /root/ros2_ws/install/checkpoint_pkg/lib/checkpoint_pkg
[2.237s] Installing move_robot script to /root/ros2_ws/install/checkpoint_pkg/lib/checkpoint_pkg
[2.247s] Installing rotate_robot script to /root/ros2_ws/install/checkpoint_pkg/lib/checkpoint_pkg
[2.255s] 
[2.261s] Installed /root/ros2_ws/build/checkpoint_pkg
[2.265s] running symlink_data
[2.266s] creating /root/ros2_ws/install/checkpoint_pkg/share/ament_index
[2.268s] creating /root/ros2_ws/install/checkpoint_pkg/share/ament_index/resource_index
[2.269s] creating /root/ros2_ws/install/checkpoint_pkg/share/ament_index/resource_index/packages
[2.274s] symbolically linking /root/ros2_ws/build/checkpoint_pkg/resource/checkpoint_pkg -> /root/ros2_ws/install/checkpoint_pkg/share/ament_index/resource_index/packages
[2.275s] symbolically linking /root/ros2_ws/build/checkpoint_pkg/package.xml -> /root/ros2_ws/install/checkpoint_pkg/share/checkpoint_pkg
[2.327s] Invoked command in '/root/ros2_ws/build/checkpoint_pkg' returned '0': PYTHONPATH=/root/ros2_ws/build/checkpoint_pkg/prefix_override:/usr/lib/python3/dist-packages/colcon_core/task/python/colcon_distutils_commands:/root/ros2_ws/install/checkpoint_pkg/lib/python3.10/site-packages:${PYTHONPATH} /usr/bin/python3 -W ignore:setup.py install is deprecated -W ignore:easy_install command is deprecated setup.py develop --editable --build-directory /root/ros2_ws/build/checkpoint_pkg/build --no-deps symlink_data
