[0.528s] DEBUG:colcon:Command line arguments: ['/usr/bin/colcon', 'build', '--packages-select', 'checkpoint_interfaces']
[0.528s] DEBUG:colcon:Parsed command line arguments: Namespace(log_base=None, log_level=None, verb_name='build', build_base='build', install_base='install', merge_install=False, symlink_install=False, test_result_base=None, continue_on_error=False, executor='parallel', parallel_workers=4, event_handlers=None, ignore_user_meta=False, metas=['./colcon.meta'], base_paths=['.'], packages_ignore=None, packages_ignore_regex=None, paths=None, packages_up_to=None, packages_up_to_regex=None, packages_above=None, packages_above_and_dependencies=None, packages_above_depth=None, packages_select_by_dep=None, packages_skip_by_dep=None, packages_skip_up_to=None, packages_select_build_failed=False, packages_skip_build_finished=False, packages_select_test_failures=False, packages_skip_test_passed=False, packages_select=['checkpoint_interfaces'], packages_skip=None, packages_select_regex=None, packages_skip_regex=None, packages_start=None, packages_end=None, cmake_args=None, cmake_target=None, cmake_target_skip_unavailable=False, cmake_clean_cache=False, cmake_clean_first=False, cmake_force_configure=False, ament_cmake_args=None, catkin_cmake_args=None, catkin_skip_building_tests=False, mixin_files=None, mixin=None, verb_parser=<colcon_mixin.mixin.mixin_argument.MixinArgumentDecorator object at 0xffff97210d90>, verb_extension=<colcon_core.verb.build.BuildVerb object at 0xffff972108e0>, main=<bound method BuildVerb.main of <colcon_core.verb.build.BuildVerb object at 0xffff972108e0>>, mixin_verb=('build',))
[1.089s] Level 1:colcon.colcon_core.package_discovery:discover_packages(colcon_meta) check parameters
[1.091s] INFO:colcon.colcon_metadata.package_discovery.colcon_meta:Using configuration from '/root/.colcon/metadata/default/Gazebo.meta'
[1.092s] INFO:colcon.colcon_metadata.package_discovery.colcon_meta:Using configuration from '/root/.colcon/metadata/default/fastrtps.meta'
[1.093s] Level 1:colcon.colcon_core.package_discovery:discover_packages(recursive) check parameters
[1.093s] Level 1:colcon.colcon_core.package_discovery:discover_packages(ignore) check parameters
[1.093s] Level 1:colcon.colcon_core.package_discovery:discover_packages(path) check parameters
[1.093s] Level 1:colcon.colcon_core.package_discovery:discover_packages(colcon_meta) discover
[1.093s] Level 1:colcon.colcon_core.package_discovery:discover_packages(recursive) discover
[1.093s] INFO:colcon.colcon_core.package_discovery:Crawling recursively for packages in '/root/ros2_ws'
[1.093s] Level 1:colcon.colcon_core.package_identification:_identify(.) by extensions ['ignore', 'ignore_ament_install']
[1.093s] Level 1:colcon.colcon_core.package_identification:_identify(.) by extension 'ignore'
[1.093s] Level 1:colcon.colcon_core.package_identification:_identify(.) by extension 'ignore_ament_install'
[1.094s] Level 1:colcon.colcon_core.package_identification:_identify(.) by extensions ['colcon_pkg']
[1.094s] Level 1:colcon.colcon_core.package_identification:_identify(.) by extension 'colcon_pkg'
[1.094s] Level 1:colcon.colcon_core.package_identification:_identify(.) by extensions ['colcon_meta']
[1.094s] Level 1:colcon.colcon_core.package_identification:_identify(.) by extension 'colcon_meta'
[1.094s] Level 1:colcon.colcon_core.package_identification:_identify(.) by extensions ['ros']
[1.094s] Level 1:colcon.colcon_core.package_identification:_identify(.) by extension 'ros'
[1.152s] Level 1:colcon.colcon_core.package_identification:_identify(.) by extensions ['cmake', 'python']
[1.153s] Level 1:colcon.colcon_core.package_identification:_identify(.) by extension 'cmake'
[1.153s] Level 1:colcon.colcon_core.package_identification:_identify(.) by extension 'python'
[1.153s] Level 1:colcon.colcon_core.package_identification:_identify(.) by extensions ['python_setup_py']
[1.153s] Level 1:colcon.colcon_core.package_identification:_identify(.) by extension 'python_setup_py'
[1.153s] Level 1:colcon.colcon_core.package_identification:_identify(build) by extensions ['ignore', 'ignore_ament_install']
[1.153s] Level 1:colcon.colcon_core.package_identification:_identify(build) by extension 'ignore'
[1.153s] Level 1:colcon.colcon_core.package_identification:_identify(build) ignored
[1.154s] Level 1:colcon.colcon_core.package_identification:_identify(install) by extensions ['ignore', 'ignore_ament_install']
[1.154s] Level 1:colcon.colcon_core.package_identification:_identify(install) by extension 'ignore'
[1.154s] Level 1:colcon.colcon_core.package_identification:_identify(install) ignored
[1.154s] Level 1:colcon.colcon_core.package_identification:_identify(log) by extensions ['ignore', 'ignore_ament_install']
[1.154s] Level 1:colcon.colcon_core.package_identification:_identify(log) by extension 'ignore'
[1.154s] Level 1:colcon.colcon_core.package_identification:_identify(log) ignored
[1.154s] Level 1:colcon.colcon_core.package_identification:_identify(src) by extensions ['ignore', 'ignore_ament_install']
[1.154s] Level 1:colcon.colcon_core.package_identification:_identify(src) by extension 'ignore'
[1.155s] Level 1:colcon.colcon_core.package_identification:_identify(src) by extension 'ignore_ament_install'
[1.155s] Level 1:colcon.colcon_core.package_identification:_identify(src) by extensions ['colcon_pkg']
[1.155s] Level 1:colcon.colcon_core.package_identification:_identify(src) by extension 'colcon_pkg'
[1.155s] Level 1:colcon.colcon_core.package_identification:_identify(src) by extensions ['colcon_meta']
[1.155s] Level 1:colcon.colcon_core.package_identification:_identify(src) by extension 'colcon_meta'
[1.155s] Level 1:colcon.colcon_core.package_identification:_identify(src) by extensions ['ros']
[1.155s] Level 1:colcon.colcon_core.package_identification:_identify(src) by extension 'ros'
[1.155s] Level 1:colcon.colcon_core.package_identification:_identify(src) by extensions ['cmake', 'python']
[1.155s] Level 1:colcon.colcon_core.package_identification:_identify(src) by extension 'cmake'
[1.155s] Level 1:colcon.colcon_core.package_identification:_identify(src) by extension 'python'
[1.155s] Level 1:colcon.colcon_core.package_identification:_identify(src) by extensions ['python_setup_py']
[1.155s] Level 1:colcon.colcon_core.package_identification:_identify(src) by extension 'python_setup_py'
[1.155s] Level 1:colcon.colcon_core.package_identification:_identify(src/checkpoint_interfaces) by extensions ['ignore', 'ignore_ament_install']
[1.156s] Level 1:colcon.colcon_core.package_identification:_identify(src/checkpoint_interfaces) by extension 'ignore'
[1.156s] Level 1:colcon.colcon_core.package_identification:_identify(src/checkpoint_interfaces) by extension 'ignore_ament_install'
[1.156s] Level 1:colcon.colcon_core.package_identification:_identify(src/checkpoint_interfaces) by extensions ['colcon_pkg']
[1.156s] Level 1:colcon.colcon_core.package_identification:_identify(src/checkpoint_interfaces) by extension 'colcon_pkg'
[1.156s] Level 1:colcon.colcon_core.package_identification:_identify(src/checkpoint_interfaces) by extensions ['colcon_meta']
[1.156s] Level 1:colcon.colcon_core.package_identification:_identify(src/checkpoint_interfaces) by extension 'colcon_meta'
[1.156s] Level 1:colcon.colcon_core.package_identification:_identify(src/checkpoint_interfaces) by extensions ['ros']
[1.156s] Level 1:colcon.colcon_core.package_identification:_identify(src/checkpoint_interfaces) by extension 'ros'
[1.168s] DEBUG:colcon.colcon_core.package_identification:Package 'src/checkpoint_interfaces' with type 'ros.ament_cmake' and name 'checkpoint_interfaces'
[1.168s] Level 1:colcon.colcon_core.package_identification:_identify(src/checkpoint_pkg) by extensions ['ignore', 'ignore_ament_install']
[1.168s] Level 1:colcon.colcon_core.package_identification:_identify(src/checkpoint_pkg) by extension 'ignore'
[1.168s] Level 1:colcon.colcon_core.package_identification:_identify(src/checkpoint_pkg) by extension 'ignore_ament_install'
[1.169s] Level 1:colcon.colcon_core.package_identification:_identify(src/checkpoint_pkg) by extensions ['colcon_pkg']
[1.169s] Level 1:colcon.colcon_core.package_identification:_identify(src/checkpoint_pkg) by extension 'colcon_pkg'
[1.169s] Level 1:colcon.colcon_core.package_identification:_identify(src/checkpoint_pkg) by extensions ['colcon_meta']
[1.169s] Level 1:colcon.colcon_core.package_identification:_identify(src/checkpoint_pkg) by extension 'colcon_meta'
[1.169s] Level 1:colcon.colcon_core.package_identification:_identify(src/checkpoint_pkg) by extensions ['ros']
[1.169s] Level 1:colcon.colcon_core.package_identification:_identify(src/checkpoint_pkg) by extension 'ros'
[1.171s] DEBUG:colcon.colcon_core.package_identification:Package 'src/checkpoint_pkg' with type 'ros.ament_python' and name 'checkpoint_pkg'
[1.171s] Level 1:colcon.colcon_core.package_identification:_identify(src/final_pkg) by extensions ['ignore', 'ignore_ament_install']
[1.171s] Level 1:colcon.colcon_core.package_identification:_identify(src/final_pkg) by extension 'ignore'
[1.171s] Level 1:colcon.colcon_core.package_identification:_identify(src/final_pkg) by extension 'ignore_ament_install'
[1.171s] Level 1:colcon.colcon_core.package_identification:_identify(src/final_pkg) by extensions ['colcon_pkg']
[1.171s] Level 1:colcon.colcon_core.package_identification:_identify(src/final_pkg) by extension 'colcon_pkg'
[1.171s] Level 1:colcon.colcon_core.package_identification:_identify(src/final_pkg) by extensions ['colcon_meta']
[1.171s] Level 1:colcon.colcon_core.package_identification:_identify(src/final_pkg) by extension 'colcon_meta'
[1.172s] Level 1:colcon.colcon_core.package_identification:_identify(src/final_pkg) by extensions ['ros']
[1.172s] Level 1:colcon.colcon_core.package_identification:_identify(src/final_pkg) by extension 'ros'
[1.173s] DEBUG:colcon.colcon_core.package_identification:Package 'src/final_pkg' with type 'ros.ament_python' and name 'final_pkg'
[1.173s] Level 1:colcon.colcon_core.package_identification:_identify(src/hw1_pkg) by extensions ['ignore', 'ignore_ament_install']
[1.173s] Level 1:colcon.colcon_core.package_identification:_identify(src/hw1_pkg) by extension 'ignore'
[1.174s] Level 1:colcon.colcon_core.package_identification:_identify(src/hw1_pkg) by extension 'ignore_ament_install'
[1.174s] Level 1:colcon.colcon_core.package_identification:_identify(src/hw1_pkg) by extensions ['colcon_pkg']
[1.174s] Level 1:colcon.colcon_core.package_identification:_identify(src/hw1_pkg) by extension 'colcon_pkg'
[1.174s] Level 1:colcon.colcon_core.package_identification:_identify(src/hw1_pkg) by extensions ['colcon_meta']
[1.174s] Level 1:colcon.colcon_core.package_identification:_identify(src/hw1_pkg) by extension 'colcon_meta'
[1.174s] Level 1:colcon.colcon_core.package_identification:_identify(src/hw1_pkg) by extensions ['ros']
[1.174s] Level 1:colcon.colcon_core.package_identification:_identify(src/hw1_pkg) by extension 'ros'
[1.176s] DEBUG:colcon.colcon_core.package_identification:Package 'src/hw1_pkg' with type 'ros.ament_python' and name 'hw1_pkg'
[1.176s] Level 1:colcon.colcon_core.package_identification:_identify(src/hw3_pkg) by extensions ['ignore', 'ignore_ament_install']
[1.176s] Level 1:colcon.colcon_core.package_identification:_identify(src/hw3_pkg) by extension 'ignore'
[1.176s] Level 1:colcon.colcon_core.package_identification:_identify(src/hw3_pkg) by extension 'ignore_ament_install'
[1.176s] Level 1:colcon.colcon_core.package_identification:_identify(src/hw3_pkg) by extensions ['colcon_pkg']
[1.176s] Level 1:colcon.colcon_core.package_identification:_identify(src/hw3_pkg) by extension 'colcon_pkg'
[1.176s] Level 1:colcon.colcon_core.package_identification:_identify(src/hw3_pkg) by extensions ['colcon_meta']
[1.176s] Level 1:colcon.colcon_core.package_identification:_identify(src/hw3_pkg) by extension 'colcon_meta'
[1.176s] Level 1:colcon.colcon_core.package_identification:_identify(src/hw3_pkg) by extensions ['ros']
[1.176s] Level 1:colcon.colcon_core.package_identification:_identify(src/hw3_pkg) by extension 'ros'
[1.178s] DEBUG:colcon.colcon_core.package_identification:Package 'src/hw3_pkg' with type 'ros.ament_python' and name 'hw3_pkg'
[1.178s] Level 1:colcon.colcon_core.package_discovery:discover_packages(recursive) using defaults
[1.178s] Level 1:colcon.colcon_core.package_discovery:discover_packages(ignore) discover
[1.178s] Level 1:colcon.colcon_core.package_discovery:discover_packages(ignore) using defaults
[1.178s] Level 1:colcon.colcon_core.package_discovery:discover_packages(path) discover
[1.178s] Level 1:colcon.colcon_core.package_discovery:discover_packages(path) using defaults
[1.281s] INFO:colcon.colcon_core.package_selection:Skipping not selected package 'final_pkg' in 'src/final_pkg'
[1.281s] INFO:colcon.colcon_core.package_selection:Skipping not selected package 'hw1_pkg' in 'src/hw1_pkg'
[1.281s] INFO:colcon.colcon_core.package_selection:Skipping not selected package 'hw3_pkg' in 'src/hw3_pkg'
[1.281s] INFO:colcon.colcon_core.package_selection:Skipping not selected package 'checkpoint_pkg' in 'src/checkpoint_pkg'
[1.282s] Level 5:colcon.colcon_core.verb:set package 'checkpoint_interfaces' build argument 'cmake_args' from command line to 'None'
[1.282s] Level 5:colcon.colcon_core.verb:set package 'checkpoint_interfaces' build argument 'cmake_target' from command line to 'None'
[1.282s] Level 5:colcon.colcon_core.verb:set package 'checkpoint_interfaces' build argument 'cmake_target_skip_unavailable' from command line to 'False'
[1.282s] Level 5:colcon.colcon_core.verb:set package 'checkpoint_interfaces' build argument 'cmake_clean_cache' from command line to 'False'
[1.282s] Level 5:colcon.colcon_core.verb:set package 'checkpoint_interfaces' build argument 'cmake_clean_first' from command line to 'False'
[1.282s] Level 5:colcon.colcon_core.verb:set package 'checkpoint_interfaces' build argument 'cmake_force_configure' from command line to 'False'
[1.282s] Level 5:colcon.colcon_core.verb:set package 'checkpoint_interfaces' build argument 'ament_cmake_args' from command line to 'None'
[1.282s] Level 5:colcon.colcon_core.verb:set package 'checkpoint_interfaces' build argument 'catkin_cmake_args' from command line to 'None'
[1.282s] Level 5:colcon.colcon_core.verb:set package 'checkpoint_interfaces' build argument 'catkin_skip_building_tests' from command line to 'False'
[1.282s] DEBUG:colcon.colcon_core.verb:Building package 'checkpoint_interfaces' with the following arguments: {'ament_cmake_args': None, 'build_base': '/root/ros2_ws/build/checkpoint_interfaces', 'catkin_cmake_args': None, 'catkin_skip_building_tests': False, 'cmake_args': None, 'cmake_clean_cache': False, 'cmake_clean_first': False, 'cmake_force_configure': False, 'cmake_target': None, 'cmake_target_skip_unavailable': False, 'install_base': '/root/ros2_ws/install/checkpoint_interfaces', 'merge_install': False, 'path': '/root/ros2_ws/src/checkpoint_interfaces', 'symlink_install': False, 'test_result_base': None}
[1.282s] INFO:colcon.colcon_core.executor:Executing jobs using 'parallel' executor
[1.284s] DEBUG:colcon.colcon_parallel_executor.executor.parallel:run_until_complete
[1.285s] INFO:colcon.colcon_ros.task.ament_cmake.build:Building ROS package in '/root/ros2_ws/src/checkpoint_interfaces' with build type 'ament_cmake'
[1.285s] INFO:colcon.colcon_cmake.task.cmake.build:Building CMake package in '/root/ros2_ws/src/checkpoint_interfaces'
[1.318s] INFO:colcon.colcon_core.plugin_system:Skipping extension 'colcon_core.shell.bat': Not used on non-Windows systems
[1.319s] INFO:colcon.colcon_core.shell:Skip shell extension 'powershell' for command environment: Not usable outside of PowerShell
[1.319s] DEBUG:colcon.colcon_core.shell:Skip shell extension 'dsv' for command environment
[1.351s] DEBUG:colcon.colcon_core.event_handler.log_command:Invoking command in '/root/ros2_ws/build/checkpoint_interfaces': CMAKE_PREFIX_PATH=${CMAKE_PREFIX_PATH}:/root/ros2_ws/install/hw3_pkg:/root/ros2_ws/install/hw1_pkg:/root/ros2_ws/install/final_pkg:/root/ros2_ws/install/checkpoint_pkg:/root/create3_ws/install/create3_teleop:/root/create3_ws/install/create3_examples_py:/opt/ros/humble /usr/bin/cmake /root/ros2_ws/src/checkpoint_interfaces -DCMAKE_INSTALL_PREFIX=/root/ros2_ws/install/checkpoint_interfaces
[4.102s] DEBUG:colcon.colcon_core.event_handler.log_command:Invoked command in '/root/ros2_ws/build/checkpoint_interfaces' returned '0': CMAKE_PREFIX_PATH=${CMAKE_PREFIX_PATH}:/root/ros2_ws/install/hw3_pkg:/root/ros2_ws/install/hw1_pkg:/root/ros2_ws/install/final_pkg:/root/ros2_ws/install/checkpoint_pkg:/root/create3_ws/install/create3_teleop:/root/create3_ws/install/create3_examples_py:/opt/ros/humble /usr/bin/cmake /root/ros2_ws/src/checkpoint_interfaces -DCMAKE_INSTALL_PREFIX=/root/ros2_ws/install/checkpoint_interfaces
[4.106s] DEBUG:colcon.colcon_core.event_handler.log_command:Invoking command in '/root/ros2_ws/build/checkpoint_interfaces': CMAKE_PREFIX_PATH=${CMAKE_PREFIX_PATH}:/root/ros2_ws/install/hw3_pkg:/root/ros2_ws/install/hw1_pkg:/root/ros2_ws/install/final_pkg:/root/ros2_ws/install/checkpoint_pkg:/root/create3_ws/install/create3_teleop:/root/create3_ws/install/create3_examples_py:/opt/ros/humble /usr/bin/cmake --build /root/ros2_ws/build/checkpoint_interfaces -- -j4 -l4
[10.211s] DEBUG:colcon.colcon_core.event_handler.log_command:Invoked command in '/root/ros2_ws/build/checkpoint_interfaces' returned '0': CMAKE_PREFIX_PATH=${CMAKE_PREFIX_PATH}:/root/ros2_ws/install/hw3_pkg:/root/ros2_ws/install/hw1_pkg:/root/ros2_ws/install/final_pkg:/root/ros2_ws/install/checkpoint_pkg:/root/create3_ws/install/create3_teleop:/root/create3_ws/install/create3_examples_py:/opt/ros/humble /usr/bin/cmake --build /root/ros2_ws/build/checkpoint_interfaces -- -j4 -l4
[10.346s] DEBUG:colcon.colcon_core.event_handler.log_command:Invoking command in '/root/ros2_ws/build/checkpoint_interfaces': CMAKE_PREFIX_PATH=${CMAKE_PREFIX_PATH}:/root/ros2_ws/install/hw3_pkg:/root/ros2_ws/install/hw1_pkg:/root/ros2_ws/install/final_pkg:/root/ros2_ws/install/checkpoint_pkg:/root/create3_ws/install/create3_teleop:/root/create3_ws/install/create3_examples_py:/opt/ros/humble /usr/bin/cmake --install /root/ros2_ws/build/checkpoint_interfaces
[10.520s] Level 1:colcon.colcon_core.environment:create_environment_scripts_only(checkpoint_interfaces)
[10.521s] DEBUG:colcon.colcon_core.event_handler.log_command:Invoked command in '/root/ros2_ws/build/checkpoint_interfaces' returned '0': CMAKE_PREFIX_PATH=${CMAKE_PREFIX_PATH}:/root/ros2_ws/install/hw3_pkg:/root/ros2_ws/install/hw1_pkg:/root/ros2_ws/install/final_pkg:/root/ros2_ws/install/checkpoint_pkg:/root/create3_ws/install/create3_teleop:/root/create3_ws/install/create3_examples_py:/opt/ros/humble /usr/bin/cmake --install /root/ros2_ws/build/checkpoint_interfaces
[10.539s] Level 1:colcon.colcon_core.environment:checking '/root/ros2_ws/install/checkpoint_interfaces' for CMake module files
[10.540s] Level 1:colcon.colcon_core.environment:checking '/root/ros2_ws/install/checkpoint_interfaces' for CMake config files
[10.541s] Level 1:colcon.colcon_core.shell:create_environment_hook('checkpoint_interfaces', 'cmake_prefix_path')
[10.541s] INFO:colcon.colcon_core.shell:Creating environment hook '/root/ros2_ws/install/checkpoint_interfaces/share/checkpoint_interfaces/hook/cmake_prefix_path.ps1'
[10.545s] INFO:colcon.colcon_core.shell:Creating environment descriptor '/root/ros2_ws/install/checkpoint_interfaces/share/checkpoint_interfaces/hook/cmake_prefix_path.dsv'
[10.548s] INFO:colcon.colcon_core.shell:Creating environment hook '/root/ros2_ws/install/checkpoint_interfaces/share/checkpoint_interfaces/hook/cmake_prefix_path.sh'
[10.552s] Level 1:colcon.colcon_core.environment:checking '/root/ros2_ws/install/checkpoint_interfaces/lib'
[10.552s] Level 1:colcon.colcon_core.shell:create_environment_hook('checkpoint_interfaces', 'ld_library_path_lib')
[10.552s] INFO:colcon.colcon_core.shell:Creating environment hook '/root/ros2_ws/install/checkpoint_interfaces/share/checkpoint_interfaces/hook/ld_library_path_lib.ps1'
[10.553s] INFO:colcon.colcon_core.shell:Creating environment descriptor '/root/ros2_ws/install/checkpoint_interfaces/share/checkpoint_interfaces/hook/ld_library_path_lib.dsv'
[10.555s] INFO:colcon.colcon_core.shell:Creating environment hook '/root/ros2_ws/install/checkpoint_interfaces/share/checkpoint_interfaces/hook/ld_library_path_lib.sh'
[10.557s] Level 1:colcon.colcon_core.environment:checking '/root/ros2_ws/install/checkpoint_interfaces/bin'
[10.558s] Level 1:colcon.colcon_core.environment:checking '/root/ros2_ws/install/checkpoint_interfaces/lib/pkgconfig/checkpoint_interfaces.pc'
[10.563s] Level 1:colcon.colcon_core.environment:checking '/root/ros2_ws/install/checkpoint_interfaces/lib/python3.10/site-packages'
[10.564s] Level 1:colcon.colcon_core.environment:checking '/root/ros2_ws/install/checkpoint_interfaces/bin'
[10.564s] INFO:colcon.colcon_core.shell:Creating package script '/root/ros2_ws/install/checkpoint_interfaces/share/checkpoint_interfaces/package.ps1'
[10.568s] INFO:colcon.colcon_core.shell:Creating package descriptor '/root/ros2_ws/install/checkpoint_interfaces/share/checkpoint_interfaces/package.dsv'
[10.571s] INFO:colcon.colcon_core.shell:Creating package script '/root/ros2_ws/install/checkpoint_interfaces/share/checkpoint_interfaces/package.sh'
[10.594s] INFO:colcon.colcon_core.shell:Creating package script '/root/ros2_ws/install/checkpoint_interfaces/share/checkpoint_interfaces/package.bash'
[10.608s] INFO:colcon.colcon_core.shell:Creating package script '/root/ros2_ws/install/checkpoint_interfaces/share/checkpoint_interfaces/package.zsh'
[10.614s] Level 1:colcon.colcon_core.environment:create_file_with_runtime_dependencies(/root/ros2_ws/install/checkpoint_interfaces/share/colcon-core/packages/checkpoint_interfaces)
[10.733s] Level 1:colcon.colcon_core.environment:create_environment_scripts_only(checkpoint_interfaces)
[10.733s] Level 1:colcon.colcon_core.environment:checking '/root/ros2_ws/install/checkpoint_interfaces' for CMake module files
[10.734s] Level 1:colcon.colcon_core.environment:checking '/root/ros2_ws/install/checkpoint_interfaces' for CMake config files
[10.735s] Level 1:colcon.colcon_core.shell:create_environment_hook('checkpoint_interfaces', 'cmake_prefix_path')
[10.735s] INFO:colcon.colcon_core.shell:Creating environment hook '/root/ros2_ws/install/checkpoint_interfaces/share/checkpoint_interfaces/hook/cmake_prefix_path.ps1'
[10.736s] INFO:colcon.colcon_core.shell:Creating environment descriptor '/root/ros2_ws/install/checkpoint_interfaces/share/checkpoint_interfaces/hook/cmake_prefix_path.dsv'
[10.742s] INFO:colcon.colcon_core.shell:Creating environment hook '/root/ros2_ws/install/checkpoint_interfaces/share/checkpoint_interfaces/hook/cmake_prefix_path.sh'
[10.744s] Level 1:colcon.colcon_core.environment:checking '/root/ros2_ws/install/checkpoint_interfaces/lib'
[10.744s] Level 1:colcon.colcon_core.shell:create_environment_hook('checkpoint_interfaces', 'ld_library_path_lib')
[10.744s] INFO:colcon.colcon_core.shell:Creating environment hook '/root/ros2_ws/install/checkpoint_interfaces/share/checkpoint_interfaces/hook/ld_library_path_lib.ps1'
[10.745s] INFO:colcon.colcon_core.shell:Creating environment descriptor '/root/ros2_ws/install/checkpoint_interfaces/share/checkpoint_interfaces/hook/ld_library_path_lib.dsv'
[10.746s] INFO:colcon.colcon_core.shell:Creating environment hook '/root/ros2_ws/install/checkpoint_interfaces/share/checkpoint_interfaces/hook/ld_library_path_lib.sh'
[10.746s] Level 1:colcon.colcon_core.environment:checking '/root/ros2_ws/install/checkpoint_interfaces/bin'
[10.747s] Level 1:colcon.colcon_core.environment:checking '/root/ros2_ws/install/checkpoint_interfaces/lib/pkgconfig/checkpoint_interfaces.pc'
[10.747s] Level 1:colcon.colcon_core.environment:checking '/root/ros2_ws/install/checkpoint_interfaces/lib/python3.10/site-packages'
[10.747s] Level 1:colcon.colcon_core.environment:checking '/root/ros2_ws/install/checkpoint_interfaces/bin'
[10.748s] INFO:colcon.colcon_core.shell:Creating package script '/root/ros2_ws/install/checkpoint_interfaces/share/checkpoint_interfaces/package.ps1'
[10.749s] INFO:colcon.colcon_core.shell:Creating package descriptor '/root/ros2_ws/install/checkpoint_interfaces/share/checkpoint_interfaces/package.dsv'
[10.750s] INFO:colcon.colcon_core.shell:Creating package script '/root/ros2_ws/install/checkpoint_interfaces/share/checkpoint_interfaces/package.sh'
[10.751s] INFO:colcon.colcon_core.shell:Creating package script '/root/ros2_ws/install/checkpoint_interfaces/share/checkpoint_interfaces/package.bash'
[10.752s] INFO:colcon.colcon_core.shell:Creating package script '/root/ros2_ws/install/checkpoint_interfaces/share/checkpoint_interfaces/package.zsh'
[10.753s] Level 1:colcon.colcon_core.environment:create_file_with_runtime_dependencies(/root/ros2_ws/install/checkpoint_interfaces/share/colcon-core/packages/checkpoint_interfaces)
[10.755s] DEBUG:colcon.colcon_parallel_executor.executor.parallel:closing loop
[10.756s] DEBUG:colcon.colcon_parallel_executor.executor.parallel:loop closed
[10.756s] DEBUG:colcon.colcon_parallel_executor.executor.parallel:run_until_complete finished with '0'
[10.756s] DEBUG:colcon.colcon_core.event_reactor:joining thread
[10.801s] INFO:colcon.colcon_core.plugin_system:Skipping extension 'colcon_notification.desktop_notification.notify_send': Could not find 'notify-send'
[10.801s] INFO:colcon.colcon_core.plugin_system:Skipping extension 'colcon_notification.desktop_notification.terminal_notifier': Not used on non-Darwin systems
[10.802s] INFO:colcon.colcon_core.plugin_system:Skipping extension 'colcon_notification.desktop_notification.win32': Not used on non-Windows systems
[10.802s] INFO:colcon.colcon_notification.desktop_notification:Sending desktop notification using 'notify2'
[10.818s] DEBUG:colcon.colcon_notification.desktop_notification.notify2:Failed to initialize notify2: org.freedesktop.DBus.Error.Spawn.ExecFailed: /usr/bin/dbus-launch terminated abnormally without any error message
[10.819s] DEBUG:colcon.colcon_core.event_reactor:joined thread
[10.819s] INFO:colcon.colcon_core.shell:Creating prefix script '/root/ros2_ws/install/local_setup.ps1'
[10.823s] INFO:colcon.colcon_core.shell:Creating prefix util module '/root/ros2_ws/install/_local_setup_util_ps1.py'
[10.827s] INFO:colcon.colcon_core.shell:Creating prefix chain script '/root/ros2_ws/install/setup.ps1'
[10.831s] INFO:colcon.colcon_core.shell:Creating prefix script '/root/ros2_ws/install/local_setup.sh'
[10.835s] INFO:colcon.colcon_core.shell:Creating prefix util module '/root/ros2_ws/install/_local_setup_util_sh.py'
[10.835s] INFO:colcon.colcon_core.shell:Creating prefix chain script '/root/ros2_ws/install/setup.sh'
[10.839s] INFO:colcon.colcon_core.shell:Creating prefix script '/root/ros2_ws/install/local_setup.bash'
[10.841s] INFO:colcon.colcon_core.shell:Creating prefix chain script '/root/ros2_ws/install/setup.bash'
[10.843s] INFO:colcon.colcon_core.shell:Creating prefix script '/root/ros2_ws/install/local_setup.zsh'
[10.845s] INFO:colcon.colcon_core.shell:Creating prefix chain script '/root/ros2_ws/install/setup.zsh'
