[0.026s] Invoking command in '/root/ros2_ws/build/checkpoint_interfaces': CMAKE_PREFIX_PATH=/opt/ros/humble /usr/bin/cmake /root/ros2_ws/src/checkpoint_interfaces -DCMAKE_INSTALL_PREFIX=/root/ros2_ws/install/checkpoint_interfaces
[0.041s] -- Found ament_cmake: 1.3.12 (/opt/ros/humble/share/ament_cmake/cmake)
[0.205s] -- Found rosidl_default_generators: 1.2.0 (/opt/ros/humble/share/rosidl_default_generators/cmake)
[0.211s] -- Using all available rosidl_typesupport_c: rosidl_typesupport_fastrtps_c;rosidl_typesupport_introspection_c
[0.217s] -- Found rosidl_adapter: 3.1.7 (/opt/ros/humble/share/rosidl_adapter/cmake)
[0.262s] -- Using all available rosidl_typesupport_cpp: rosidl_typesupport_fastrtps_cpp;rosidl_typesupport_introspection_cpp
[0.705s] -- Found ament_cmake_ros: 0.10.0 (/opt/ros/humble/share/ament_cmake_ros/cmake)
[1.105s] -- Using all available rosidl_typesupport_c: rosidl_typesupport_fastrtps_c;rosidl_typesupport_introspection_c
[1.507s] -- Using all available rosidl_typesupport_cpp: rosidl_typesupport_fastrtps_cpp;rosidl_typesupport_introspection_cpp
[1.539s] -- Found PythonInterp: /usr/bin/python3 (found suitable version "3.10.12", minimum required is "3.6") 
[1.543s] -- Found python_cmake_module: 0.10.0 (/opt/ros/humble/share/python_cmake_module/cmake)
[1.580s] -- Found PythonLibs: /usr/lib/x86_64-linux-gnu/libpython3.10.so (found suitable version "3.10.12", minimum required is "3.5") 
[1.581s] -- Using PYTHON_EXECUTABLE: /usr/bin/python3
[1.582s] -- Using PYTHON_INCLUDE_DIRS: /usr/include/python3.10
[1.583s] -- Using PYTHON_LIBRARIES: /usr/lib/x86_64-linux-gnu/libpython3.10.so
[1.608s] -- Found PythonExtra: .so  
[1.708s] -- Found ament_lint_auto: 0.12.14 (/opt/ros/humble/share/ament_lint_auto/cmake)
[1.873s] -- Added test 'lint_cmake' to check CMake code style
[1.901s] -- Added test 'xmllint' to check XML markup files
[1.983s] -- Configuring done
[3.063s] -- Generating done
[3.328s] -- Build files have been written to: /root/ros2_ws/build/checkpoint_interfaces
[3.336s] Invoked command in '/root/ros2_ws/build/checkpoint_interfaces' returned '0': CMAKE_PREFIX_PATH=/opt/ros/humble /usr/bin/cmake /root/ros2_ws/src/checkpoint_interfaces -DCMAKE_INSTALL_PREFIX=/root/ros2_ws/install/checkpoint_interfaces
[3.345s] Invoking command in '/root/ros2_ws/build/checkpoint_interfaces': CMAKE_PREFIX_PATH=/opt/ros/humble /usr/bin/cmake --build /root/ros2_ws/build/checkpoint_interfaces -- -j8 -l8
[3.454s] [  3%] [34m[1mGenerating C code for ROS interfaces[0m
[3.488s] [  6%] [34m[1mGenerating C++ code for ROS interfaces[0m
[3.499s] [  6%] Built target ament_cmake_python_copy_checkpoint_interfaces
[4.084s] running egg_info
[4.089s] creating checkpoint_interfaces.egg-info
[4.090s] writing checkpoint_interfaces.egg-info/PKG-INFO
[4.094s] writing dependency_links to checkpoint_interfaces.egg-info/dependency_links.txt
[4.098s] writing top-level names to checkpoint_interfaces.egg-info/top_level.txt
[4.104s] writing manifest file 'checkpoint_interfaces.egg-info/SOURCES.txt'
[4.124s] reading manifest file 'checkpoint_interfaces.egg-info/SOURCES.txt'
[4.130s] writing manifest file 'checkpoint_interfaces.egg-info/SOURCES.txt'
[4.168s] [  6%] Built target checkpoint_interfaces__cpp
[4.191s] [  6%] Built target ament_cmake_python_build_checkpoint_interfaces_egg
[4.203s] [ 16%] [34m[1mGenerating C++ type support for eProsima Fast-RTPS[0m
[4.208s] [ 16%] [34m[1mGenerating C++ type support dispatch for ROS interfaces[0m
[4.210s] [ 16%] [34m[1mGenerating C++ introspection for ROS interfaces[0m
[4.225s] [ 19%] [32mBuilding C object CMakeFiles/checkpoint_interfaces__rosidl_generator_c.dir/rosidl_generator_c/checkpoint_interfaces/msg/detail/parameters_to_target__functions.c.o[0m
[4.487s] [ 22%] [32m[1mLinking C shared library libcheckpoint_interfaces__rosidl_generator_c.so[0m
[4.636s] [ 22%] Built target checkpoint_interfaces__rosidl_generator_c
[4.670s] [ 32%] [34m[1mGenerating C introspection for ROS interfaces[0m
[4.674s] [ 32%] [34m[1mGenerating C type support dispatch for ROS interfaces[0m
[4.678s] [ 32%] [34m[1mGenerating C type support for eProsima Fast-RTPS[0m
[4.877s] [ 35%] [32mBuilding CXX object CMakeFiles/checkpoint_interfaces__rosidl_typesupport_cpp.dir/rosidl_typesupport_cpp/checkpoint_interfaces/msg/parameters_to_target__type_support.cpp.o[0m
[4.940s] [ 38%] [32mBuilding CXX object CMakeFiles/checkpoint_interfaces__rosidl_typesupport_fastrtps_cpp.dir/rosidl_typesupport_fastrtps_cpp/checkpoint_interfaces/msg/detail/dds_fastrtps/parameters_to_target__type_support.cpp.o[0m
[4.966s] [ 41%] [32mBuilding CXX object CMakeFiles/checkpoint_interfaces__rosidl_typesupport_introspection_cpp.dir/rosidl_typesupport_introspection_cpp/checkpoint_interfaces/msg/detail/parameters_to_target__type_support.cpp.o[0m
[5.341s] [ 45%] [32mBuilding CXX object CMakeFiles/checkpoint_interfaces__rosidl_typesupport_c.dir/rosidl_typesupport_c/checkpoint_interfaces/msg/parameters_to_target__type_support.cpp.o[0m
[5.370s] [ 48%] [32mBuilding C object CMakeFiles/checkpoint_interfaces__rosidl_typesupport_introspection_c.dir/rosidl_typesupport_introspection_c/checkpoint_interfaces/msg/detail/parameters_to_target__type_support.c.o[0m
[5.376s] [ 51%] [32mBuilding CXX object CMakeFiles/checkpoint_interfaces__rosidl_typesupport_fastrtps_c.dir/rosidl_typesupport_fastrtps_c/checkpoint_interfaces/msg/detail/parameters_to_target__type_support_c.cpp.o[0m
[5.458s] [ 54%] [32m[1mLinking CXX shared library libcheckpoint_interfaces__rosidl_typesupport_c.so[0m
[5.491s] [ 58%] [32m[1mLinking C shared library libcheckpoint_interfaces__rosidl_typesupport_introspection_c.so[0m
[5.584s] [ 58%] Built target checkpoint_interfaces__rosidl_typesupport_c
[5.587s] [ 58%] Built target checkpoint_interfaces__rosidl_typesupport_introspection_c
[5.728s] [ 61%] [32m[1mLinking CXX shared library libcheckpoint_interfaces__rosidl_typesupport_cpp.so[0m
[5.850s] [ 61%] Built target checkpoint_interfaces__rosidl_typesupport_cpp
[5.991s] [ 64%] [32m[1mLinking CXX shared library libcheckpoint_interfaces__rosidl_typesupport_introspection_cpp.so[0m
[6.006s] [ 67%] [32m[1mLinking CXX shared library libcheckpoint_interfaces__rosidl_typesupport_fastrtps_cpp.so[0m
[6.102s] [ 67%] Built target checkpoint_interfaces__rosidl_typesupport_introspection_cpp
[6.168s] [ 67%] Built target checkpoint_interfaces__rosidl_typesupport_fastrtps_cpp
[6.221s] [ 70%] [32m[1mLinking CXX shared library libcheckpoint_interfaces__rosidl_typesupport_fastrtps_c.so[0m
[6.362s] [ 70%] Built target checkpoint_interfaces__rosidl_typesupport_fastrtps_c
[6.401s] [ 70%] Built target checkpoint_interfaces
[6.446s] [ 74%] [34m[1mGenerating Python code for ROS interfaces[0m
[7.092s] [ 74%] Built target checkpoint_interfaces__py
[7.181s] [ 77%] [32mBuilding C object CMakeFiles/checkpoint_interfaces__rosidl_generator_py.dir/rosidl_generator_py/checkpoint_interfaces/msg/_parameters_to_target_s.c.o[0m
[7.546s] [ 80%] [32m[1mLinking C shared library rosidl_generator_py/checkpoint_interfaces/libcheckpoint_interfaces__rosidl_generator_py.so[0m
[7.687s] [ 80%] Built target checkpoint_interfaces__rosidl_generator_py
[7.781s] [ 90%] [32mBuilding C object CMakeFiles/checkpoint_interfaces__rosidl_typesupport_c__pyext.dir/rosidl_generator_py/checkpoint_interfaces/_checkpoint_interfaces_s.ep.rosidl_typesupport_c.c.o[0m
[7.785s] [ 90%] [32mBuilding C object CMakeFiles/checkpoint_interfaces__rosidl_typesupport_introspection_c__pyext.dir/rosidl_generator_py/checkpoint_interfaces/_checkpoint_interfaces_s.ep.rosidl_typesupport_introspection_c.c.o[0m
[7.789s] [ 90%] [32mBuilding C object CMakeFiles/checkpoint_interfaces__rosidl_typesupport_fastrtps_c__pyext.dir/rosidl_generator_py/checkpoint_interfaces/_checkpoint_interfaces_s.ep.rosidl_typesupport_fastrtps_c.c.o[0m
[8.048s] [ 93%] [32m[1mLinking C shared library rosidl_generator_py/checkpoint_interfaces/checkpoint_interfaces_s__rosidl_typesupport_c.cpython-310-x86_64-linux-gnu.so[0m
[8.087s] [ 96%] [32m[1mLinking C shared library rosidl_generator_py/checkpoint_interfaces/checkpoint_interfaces_s__rosidl_typesupport_introspection_c.cpython-310-x86_64-linux-gnu.so[0m
[8.126s] [100%] [32m[1mLinking C shared library rosidl_generator_py/checkpoint_interfaces/checkpoint_interfaces_s__rosidl_typesupport_fastrtps_c.cpython-310-x86_64-linux-gnu.so[0m
[8.182s] [100%] Built target checkpoint_interfaces__rosidl_typesupport_c__pyext
[8.215s] [100%] Built target checkpoint_interfaces__rosidl_typesupport_introspection_c__pyext
[8.241s] [100%] Built target checkpoint_interfaces__rosidl_typesupport_fastrtps_c__pyext
[8.271s] Invoked command in '/root/ros2_ws/build/checkpoint_interfaces' returned '0': CMAKE_PREFIX_PATH=/opt/ros/humble /usr/bin/cmake --build /root/ros2_ws/build/checkpoint_interfaces -- -j8 -l8
[8.292s] Invoking command in '/root/ros2_ws/build/checkpoint_interfaces': CMAKE_PREFIX_PATH=/opt/ros/humble /usr/bin/cmake --install /root/ros2_ws/build/checkpoint_interfaces
[8.304s] -- Install configuration: ""
[8.308s] -- Installing: /root/ros2_ws/install/checkpoint_interfaces/share/ament_index/resource_index/rosidl_interfaces/checkpoint_interfaces
[8.313s] -- Installing: /root/ros2_ws/install/checkpoint_interfaces/include/checkpoint_interfaces/checkpoint_interfaces
[8.316s] -- Installing: /root/ros2_ws/install/checkpoint_interfaces/include/checkpoint_interfaces/checkpoint_interfaces/msg
[8.320s] -- Installing: /root/ros2_ws/install/checkpoint_interfaces/include/checkpoint_interfaces/checkpoint_interfaces/msg/rosidl_generator_c__visibility_control.h
[8.326s] -- Installing: /root/ros2_ws/install/checkpoint_interfaces/include/checkpoint_interfaces/checkpoint_interfaces/msg/detail
[8.330s] -- Installing: /root/ros2_ws/install/checkpoint_interfaces/include/checkpoint_interfaces/checkpoint_interfaces/msg/detail/parameters_to_target__functions.c
[8.338s] -- Installing: /root/ros2_ws/install/checkpoint_interfaces/include/checkpoint_interfaces/checkpoint_interfaces/msg/detail/parameters_to_target__type_support.h
[8.345s] -- Installing: /root/ros2_ws/install/checkpoint_interfaces/include/checkpoint_interfaces/checkpoint_interfaces/msg/detail/parameters_to_target__struct.h
[8.354s] -- Installing: /root/ros2_ws/install/checkpoint_interfaces/include/checkpoint_interfaces/checkpoint_interfaces/msg/detail/parameters_to_target__functions.h
[8.360s] -- Installing: /root/ros2_ws/install/checkpoint_interfaces/include/checkpoint_interfaces/checkpoint_interfaces/msg/parameters_to_target.h
[8.367s] -- Installing: /root/ros2_ws/install/checkpoint_interfaces/share/checkpoint_interfaces/environment/library_path.sh
[8.373s] -- Installing: /root/ros2_ws/install/checkpoint_interfaces/share/checkpoint_interfaces/environment/library_path.dsv
[8.384s] -- Installing: /root/ros2_ws/install/checkpoint_interfaces/lib/libcheckpoint_interfaces__rosidl_generator_c.so
[8.392s] -- Set runtime path of "/root/ros2_ws/install/checkpoint_interfaces/lib/libcheckpoint_interfaces__rosidl_generator_c.so" to ""
[8.393s] -- Up-to-date: /root/ros2_ws/install/checkpoint_interfaces/include/checkpoint_interfaces/checkpoint_interfaces
[8.394s] -- Up-to-date: /root/ros2_ws/install/checkpoint_interfaces/include/checkpoint_interfaces/checkpoint_interfaces/msg
[8.396s] -- Up-to-date: /root/ros2_ws/install/checkpoint_interfaces/include/checkpoint_interfaces/checkpoint_interfaces/msg/detail
[8.398s] -- Installing: /root/ros2_ws/install/checkpoint_interfaces/include/checkpoint_interfaces/checkpoint_interfaces/msg/detail/parameters_to_target__rosidl_typesupport_fastrtps_c.h
[8.403s] -- Installing: /root/ros2_ws/install/checkpoint_interfaces/include/checkpoint_interfaces/checkpoint_interfaces/msg/rosidl_typesupport_fastrtps_c__visibility_control.h
[8.409s] -- Installing: /root/ros2_ws/install/checkpoint_interfaces/lib/libcheckpoint_interfaces__rosidl_typesupport_fastrtps_c.so
[8.416s] -- Set runtime path of "/root/ros2_ws/install/checkpoint_interfaces/lib/libcheckpoint_interfaces__rosidl_typesupport_fastrtps_c.so" to ""
[8.417s] -- Up-to-date: /root/ros2_ws/install/checkpoint_interfaces/include/checkpoint_interfaces/checkpoint_interfaces
[8.419s] -- Up-to-date: /root/ros2_ws/install/checkpoint_interfaces/include/checkpoint_interfaces/checkpoint_interfaces/msg
[8.421s] -- Up-to-date: /root/ros2_ws/install/checkpoint_interfaces/include/checkpoint_interfaces/checkpoint_interfaces/msg/detail
[8.423s] -- Installing: /root/ros2_ws/install/checkpoint_interfaces/include/checkpoint_interfaces/checkpoint_interfaces/msg/detail/parameters_to_target__rosidl_typesupport_introspection_c.h
[8.428s] -- Installing: /root/ros2_ws/install/checkpoint_interfaces/include/checkpoint_interfaces/checkpoint_interfaces/msg/detail/parameters_to_target__type_support.c
[8.437s] -- Installing: /root/ros2_ws/install/checkpoint_interfaces/include/checkpoint_interfaces/checkpoint_interfaces/msg/rosidl_typesupport_introspection_c__visibility_control.h
[8.444s] -- Installing: /root/ros2_ws/install/checkpoint_interfaces/lib/libcheckpoint_interfaces__rosidl_typesupport_introspection_c.so
[8.450s] -- Set runtime path of "/root/ros2_ws/install/checkpoint_interfaces/lib/libcheckpoint_interfaces__rosidl_typesupport_introspection_c.so" to ""
[8.452s] -- Installing: /root/ros2_ws/install/checkpoint_interfaces/lib/libcheckpoint_interfaces__rosidl_typesupport_c.so
[8.459s] -- Set runtime path of "/root/ros2_ws/install/checkpoint_interfaces/lib/libcheckpoint_interfaces__rosidl_typesupport_c.so" to ""
[8.459s] -- Up-to-date: /root/ros2_ws/install/checkpoint_interfaces/include/checkpoint_interfaces/checkpoint_interfaces
[8.460s] -- Up-to-date: /root/ros2_ws/install/checkpoint_interfaces/include/checkpoint_interfaces/checkpoint_interfaces/msg
[8.462s] -- Up-to-date: /root/ros2_ws/install/checkpoint_interfaces/include/checkpoint_interfaces/checkpoint_interfaces/msg/detail
[8.464s] -- Installing: /root/ros2_ws/install/checkpoint_interfaces/include/checkpoint_interfaces/checkpoint_interfaces/msg/detail/parameters_to_target__traits.hpp
[8.472s] -- Installing: /root/ros2_ws/install/checkpoint_interfaces/include/checkpoint_interfaces/checkpoint_interfaces/msg/detail/parameters_to_target__builder.hpp
[8.481s] -- Installing: /root/ros2_ws/install/checkpoint_interfaces/include/checkpoint_interfaces/checkpoint_interfaces/msg/detail/parameters_to_target__type_support.hpp
[8.489s] -- Installing: /root/ros2_ws/install/checkpoint_interfaces/include/checkpoint_interfaces/checkpoint_interfaces/msg/detail/parameters_to_target__struct.hpp
[8.498s] -- Installing: /root/ros2_ws/install/checkpoint_interfaces/include/checkpoint_interfaces/checkpoint_interfaces/msg/rosidl_generator_cpp__visibility_control.hpp
[8.505s] -- Installing: /root/ros2_ws/install/checkpoint_interfaces/include/checkpoint_interfaces/checkpoint_interfaces/msg/parameters_to_target.hpp
[8.511s] -- Up-to-date: /root/ros2_ws/install/checkpoint_interfaces/include/checkpoint_interfaces/checkpoint_interfaces
[8.513s] -- Up-to-date: /root/ros2_ws/install/checkpoint_interfaces/include/checkpoint_interfaces/checkpoint_interfaces/msg
[8.514s] -- Installing: /root/ros2_ws/install/checkpoint_interfaces/include/checkpoint_interfaces/checkpoint_interfaces/msg/rosidl_typesupport_fastrtps_cpp__visibility_control.h
[8.519s] -- Up-to-date: /root/ros2_ws/install/checkpoint_interfaces/include/checkpoint_interfaces/checkpoint_interfaces/msg/detail
[8.523s] -- Installing: /root/ros2_ws/install/checkpoint_interfaces/include/checkpoint_interfaces/checkpoint_interfaces/msg/detail/parameters_to_target__rosidl_typesupport_fastrtps_cpp.hpp
[8.530s] -- Installing: /root/ros2_ws/install/checkpoint_interfaces/include/checkpoint_interfaces/checkpoint_interfaces/msg/detail/dds_fastrtps
[8.533s] -- Installing: /root/ros2_ws/install/checkpoint_interfaces/lib/libcheckpoint_interfaces__rosidl_typesupport_fastrtps_cpp.so
[8.542s] -- Set runtime path of "/root/ros2_ws/install/checkpoint_interfaces/lib/libcheckpoint_interfaces__rosidl_typesupport_fastrtps_cpp.so" to ""
[8.542s] -- Up-to-date: /root/ros2_ws/install/checkpoint_interfaces/include/checkpoint_interfaces/checkpoint_interfaces
[8.543s] -- Up-to-date: /root/ros2_ws/install/checkpoint_interfaces/include/checkpoint_interfaces/checkpoint_interfaces/msg
[8.545s] -- Up-to-date: /root/ros2_ws/install/checkpoint_interfaces/include/checkpoint_interfaces/checkpoint_interfaces/msg/detail
[8.547s] -- Installing: /root/ros2_ws/install/checkpoint_interfaces/include/checkpoint_interfaces/checkpoint_interfaces/msg/detail/parameters_to_target__rosidl_typesupport_introspection_cpp.hpp
[8.551s] -- Installing: /root/ros2_ws/install/checkpoint_interfaces/include/checkpoint_interfaces/checkpoint_interfaces/msg/detail/parameters_to_target__type_support.cpp
[8.558s] -- Installing: /root/ros2_ws/install/checkpoint_interfaces/lib/libcheckpoint_interfaces__rosidl_typesupport_introspection_cpp.so
[8.565s] -- Set runtime path of "/root/ros2_ws/install/checkpoint_interfaces/lib/libcheckpoint_interfaces__rosidl_typesupport_introspection_cpp.so" to ""
[8.567s] -- Installing: /root/ros2_ws/install/checkpoint_interfaces/lib/libcheckpoint_interfaces__rosidl_typesupport_cpp.so
[8.575s] -- Set runtime path of "/root/ros2_ws/install/checkpoint_interfaces/lib/libcheckpoint_interfaces__rosidl_typesupport_cpp.so" to ""
[8.576s] -- Installing: /root/ros2_ws/install/checkpoint_interfaces/share/checkpoint_interfaces/environment/pythonpath.sh
[8.582s] -- Installing: /root/ros2_ws/install/checkpoint_interfaces/share/checkpoint_interfaces/environment/pythonpath.dsv
[8.588s] -- Installing: /root/ros2_ws/install/checkpoint_interfaces/local/lib/python3.10/dist-packages/checkpoint_interfaces-0.0.0-py3.10.egg-info
[8.592s] -- Installing: /root/ros2_ws/install/checkpoint_interfaces/local/lib/python3.10/dist-packages/checkpoint_interfaces-0.0.0-py3.10.egg-info/PKG-INFO
[8.597s] -- Installing: /root/ros2_ws/install/checkpoint_interfaces/local/lib/python3.10/dist-packages/checkpoint_interfaces-0.0.0-py3.10.egg-info/SOURCES.txt
[8.603s] -- Installing: /root/ros2_ws/install/checkpoint_interfaces/local/lib/python3.10/dist-packages/checkpoint_interfaces-0.0.0-py3.10.egg-info/top_level.txt
[8.608s] -- Installing: /root/ros2_ws/install/checkpoint_interfaces/local/lib/python3.10/dist-packages/checkpoint_interfaces-0.0.0-py3.10.egg-info/dependency_links.txt
[8.614s] -- Installing: /root/ros2_ws/install/checkpoint_interfaces/local/lib/python3.10/dist-packages/checkpoint_interfaces
[8.617s] -- Installing: /root/ros2_ws/install/checkpoint_interfaces/local/lib/python3.10/dist-packages/checkpoint_interfaces/checkpoint_interfaces_s__rosidl_typesupport_fastrtps_c.cpython-310-x86_64-linux-gnu.so
[8.623s] -- Installing: /root/ros2_ws/install/checkpoint_interfaces/local/lib/python3.10/dist-packages/checkpoint_interfaces/checkpoint_interfaces_s__rosidl_typesupport_c.cpython-310-x86_64-linux-gnu.so
[8.629s] -- Installing: /root/ros2_ws/install/checkpoint_interfaces/local/lib/python3.10/dist-packages/checkpoint_interfaces/msg
[8.633s] -- Installing: /root/ros2_ws/install/checkpoint_interfaces/local/lib/python3.10/dist-packages/checkpoint_interfaces/msg/_parameters_to_target.py
[8.638s] -- Installing: /root/ros2_ws/install/checkpoint_interfaces/local/lib/python3.10/dist-packages/checkpoint_interfaces/msg/__init__.py
[8.643s] -- Installing: /root/ros2_ws/install/checkpoint_interfaces/local/lib/python3.10/dist-packages/checkpoint_interfaces/msg/_parameters_to_target_s.c
[8.649s] -- Installing: /root/ros2_ws/install/checkpoint_interfaces/local/lib/python3.10/dist-packages/checkpoint_interfaces/__init__.py
[8.655s] -- Installing: /root/ros2_ws/install/checkpoint_interfaces/local/lib/python3.10/dist-packages/checkpoint_interfaces/checkpoint_interfaces_s__rosidl_typesupport_introspection_c.cpython-310-x86_64-linux-gnu.so
[8.661s] -- Installing: /root/ros2_ws/install/checkpoint_interfaces/local/lib/python3.10/dist-packages/checkpoint_interfaces/_checkpoint_interfaces_s.ep.rosidl_typesupport_introspection_c.c
[8.667s] -- Installing: /root/ros2_ws/install/checkpoint_interfaces/local/lib/python3.10/dist-packages/checkpoint_interfaces/_checkpoint_interfaces_s.ep.rosidl_typesupport_fastrtps_c.c
[8.674s] -- Installing: /root/ros2_ws/install/checkpoint_interfaces/local/lib/python3.10/dist-packages/checkpoint_interfaces/libcheckpoint_interfaces__rosidl_generator_py.so
[8.681s] -- Installing: /root/ros2_ws/install/checkpoint_interfaces/local/lib/python3.10/dist-packages/checkpoint_interfaces/_checkpoint_interfaces_s.ep.rosidl_typesupport_c.c
[8.760s] Listing '/root/ros2_ws/install/checkpoint_interfaces/local/lib/python3.10/dist-packages/checkpoint_interfaces'...
[8.761s] Compiling '/root/ros2_ws/install/checkpoint_interfaces/local/lib/python3.10/dist-packages/checkpoint_interfaces/__init__.py'...
[8.762s] Listing '/root/ros2_ws/install/checkpoint_interfaces/local/lib/python3.10/dist-packages/checkpoint_interfaces/msg'...
[8.763s] Compiling '/root/ros2_ws/install/checkpoint_interfaces/local/lib/python3.10/dist-packages/checkpoint_interfaces/msg/__init__.py'...
[8.765s] Compiling '/root/ros2_ws/install/checkpoint_interfaces/local/lib/python3.10/dist-packages/checkpoint_interfaces/msg/_parameters_to_target.py'...
[8.768s] -- Installing: /root/ros2_ws/install/checkpoint_interfaces/local/lib/python3.10/dist-packages/checkpoint_interfaces/checkpoint_interfaces_s__rosidl_typesupport_fastrtps_c.cpython-310-x86_64-linux-gnu.so
[8.783s] -- Set runtime path of "/root/ros2_ws/install/checkpoint_interfaces/local/lib/python3.10/dist-packages/checkpoint_interfaces/checkpoint_interfaces_s__rosidl_typesupport_fastrtps_c.cpython-310-x86_64-linux-gnu.so" to ""
[8.785s] -- Installing: /root/ros2_ws/install/checkpoint_interfaces/local/lib/python3.10/dist-packages/checkpoint_interfaces/checkpoint_interfaces_s__rosidl_typesupport_introspection_c.cpython-310-x86_64-linux-gnu.so
[8.798s] -- Set runtime path of "/root/ros2_ws/install/checkpoint_interfaces/local/lib/python3.10/dist-packages/checkpoint_interfaces/checkpoint_interfaces_s__rosidl_typesupport_introspection_c.cpython-310-x86_64-linux-gnu.so" to ""
[8.801s] -- Installing: /root/ros2_ws/install/checkpoint_interfaces/local/lib/python3.10/dist-packages/checkpoint_interfaces/checkpoint_interfaces_s__rosidl_typesupport_c.cpython-310-x86_64-linux-gnu.so
[8.814s] -- Set runtime path of "/root/ros2_ws/install/checkpoint_interfaces/local/lib/python3.10/dist-packages/checkpoint_interfaces/checkpoint_interfaces_s__rosidl_typesupport_c.cpython-310-x86_64-linux-gnu.so" to ""
[8.816s] -- Installing: /root/ros2_ws/install/checkpoint_interfaces/lib/libcheckpoint_interfaces__rosidl_generator_py.so
[8.828s] -- Set runtime path of "/root/ros2_ws/install/checkpoint_interfaces/lib/libcheckpoint_interfaces__rosidl_generator_py.so" to ""
[8.831s] -- Installing: /root/ros2_ws/install/checkpoint_interfaces/share/checkpoint_interfaces/msg/ParametersToTarget.idl
[8.839s] -- Installing: /root/ros2_ws/install/checkpoint_interfaces/share/checkpoint_interfaces/msg/ParametersToTarget.msg
[8.848s] -- Installing: /root/ros2_ws/install/checkpoint_interfaces/share/ament_index/resource_index/package_run_dependencies/checkpoint_interfaces
[8.859s] -- Installing: /root/ros2_ws/install/checkpoint_interfaces/share/ament_index/resource_index/parent_prefix_path/checkpoint_interfaces
[8.868s] -- Installing: /root/ros2_ws/install/checkpoint_interfaces/share/checkpoint_interfaces/environment/ament_prefix_path.sh
[8.875s] -- Installing: /root/ros2_ws/install/checkpoint_interfaces/share/checkpoint_interfaces/environment/ament_prefix_path.dsv
[8.882s] -- Installing: /root/ros2_ws/install/checkpoint_interfaces/share/checkpoint_interfaces/environment/path.sh
[8.890s] -- Installing: /root/ros2_ws/install/checkpoint_interfaces/share/checkpoint_interfaces/environment/path.dsv
[8.899s] -- Installing: /root/ros2_ws/install/checkpoint_interfaces/share/checkpoint_interfaces/local_setup.bash
[8.908s] -- Installing: /root/ros2_ws/install/checkpoint_interfaces/share/checkpoint_interfaces/local_setup.sh
[8.916s] -- Installing: /root/ros2_ws/install/checkpoint_interfaces/share/checkpoint_interfaces/local_setup.zsh
[8.922s] -- Installing: /root/ros2_ws/install/checkpoint_interfaces/share/checkpoint_interfaces/local_setup.dsv
[8.928s] -- Installing: /root/ros2_ws/install/checkpoint_interfaces/share/checkpoint_interfaces/package.dsv
[8.937s] -- Installing: /root/ros2_ws/install/checkpoint_interfaces/share/ament_index/resource_index/packages/checkpoint_interfaces
[8.946s] -- Installing: /root/ros2_ws/install/checkpoint_interfaces/share/checkpoint_interfaces/cmake/export_checkpoint_interfaces__rosidl_generator_cExport.cmake
[8.953s] -- Installing: /root/ros2_ws/install/checkpoint_interfaces/share/checkpoint_interfaces/cmake/export_checkpoint_interfaces__rosidl_generator_cExport-noconfig.cmake
[8.958s] -- Installing: /root/ros2_ws/install/checkpoint_interfaces/share/checkpoint_interfaces/cmake/export_checkpoint_interfaces__rosidl_typesupport_fastrtps_cExport.cmake
[8.964s] -- Installing: /root/ros2_ws/install/checkpoint_interfaces/share/checkpoint_interfaces/cmake/export_checkpoint_interfaces__rosidl_typesupport_fastrtps_cExport-noconfig.cmake
[8.970s] -- Installing: /root/ros2_ws/install/checkpoint_interfaces/share/checkpoint_interfaces/cmake/checkpoint_interfaces__rosidl_typesupport_introspection_cExport.cmake
[8.978s] -- Installing: /root/ros2_ws/install/checkpoint_interfaces/share/checkpoint_interfaces/cmake/checkpoint_interfaces__rosidl_typesupport_introspection_cExport-noconfig.cmake
[8.985s] -- Installing: /root/ros2_ws/install/checkpoint_interfaces/share/checkpoint_interfaces/cmake/checkpoint_interfaces__rosidl_typesupport_cExport.cmake
[8.999s] -- Installing: /root/ros2_ws/install/checkpoint_interfaces/share/checkpoint_interfaces/cmake/checkpoint_interfaces__rosidl_typesupport_cExport-noconfig.cmake
[9.013s] -- Installing: /root/ros2_ws/install/checkpoint_interfaces/share/checkpoint_interfaces/cmake/export_checkpoint_interfaces__rosidl_generator_cppExport.cmake
[9.024s] -- Installing: /root/ros2_ws/install/checkpoint_interfaces/share/checkpoint_interfaces/cmake/export_checkpoint_interfaces__rosidl_typesupport_fastrtps_cppExport.cmake
[9.041s] -- Installing: /root/ros2_ws/install/checkpoint_interfaces/share/checkpoint_interfaces/cmake/export_checkpoint_interfaces__rosidl_typesupport_fastrtps_cppExport-noconfig.cmake
[9.132s] -- Installing: /root/ros2_ws/install/checkpoint_interfaces/share/checkpoint_interfaces/cmake/checkpoint_interfaces__rosidl_typesupport_introspection_cppExport.cmake
[9.145s] -- Installing: /root/ros2_ws/install/checkpoint_interfaces/share/checkpoint_interfaces/cmake/checkpoint_interfaces__rosidl_typesupport_introspection_cppExport-noconfig.cmake
[9.162s] -- Installing: /root/ros2_ws/install/checkpoint_interfaces/share/checkpoint_interfaces/cmake/checkpoint_interfaces__rosidl_typesupport_cppExport.cmake
[9.178s] -- Installing: /root/ros2_ws/install/checkpoint_interfaces/share/checkpoint_interfaces/cmake/checkpoint_interfaces__rosidl_typesupport_cppExport-noconfig.cmake
[9.189s] -- Installing: /root/ros2_ws/install/checkpoint_interfaces/share/checkpoint_interfaces/cmake/export_checkpoint_interfaces__rosidl_generator_pyExport.cmake
[9.205s] -- Installing: /root/ros2_ws/install/checkpoint_interfaces/share/checkpoint_interfaces/cmake/export_checkpoint_interfaces__rosidl_generator_pyExport-noconfig.cmake
[9.212s] -- Installing: /root/ros2_ws/install/checkpoint_interfaces/share/checkpoint_interfaces/cmake/rosidl_cmake-extras.cmake
[9.224s] -- Installing: /root/ros2_ws/install/checkpoint_interfaces/share/checkpoint_interfaces/cmake/ament_cmake_export_include_directories-extras.cmake
[9.235s] -- Installing: /root/ros2_ws/install/checkpoint_interfaces/share/checkpoint_interfaces/cmake/ament_cmake_export_libraries-extras.cmake
[9.247s] -- Installing: /root/ros2_ws/install/checkpoint_interfaces/share/checkpoint_interfaces/cmake/ament_cmake_export_targets-extras.cmake
[9.257s] -- Installing: /root/ros2_ws/install/checkpoint_interfaces/share/checkpoint_interfaces/cmake/rosidl_cmake_export_typesupport_targets-extras.cmake
[9.266s] -- Installing: /root/ros2_ws/install/checkpoint_interfaces/share/checkpoint_interfaces/cmake/ament_cmake_export_dependencies-extras.cmake
[9.277s] -- Installing: /root/ros2_ws/install/checkpoint_interfaces/share/checkpoint_interfaces/cmake/rosidl_cmake_export_typesupport_libraries-extras.cmake
[9.289s] -- Installing: /root/ros2_ws/install/checkpoint_interfaces/share/checkpoint_interfaces/cmake/checkpoint_interfacesConfig.cmake
[9.299s] -- Installing: /root/ros2_ws/install/checkpoint_interfaces/share/checkpoint_interfaces/cmake/checkpoint_interfacesConfig-version.cmake
[9.309s] -- Installing: /root/ros2_ws/install/checkpoint_interfaces/share/checkpoint_interfaces/package.xml
[9.326s] Invoked command in '/root/ros2_ws/build/checkpoint_interfaces' returned '0': CMAKE_PREFIX_PATH=/opt/ros/humble /usr/bin/cmake --install /root/ros2_ws/build/checkpoint_interfaces
