[0.161s] DEBUG:colcon:Command line arguments: ['/usr/bin/colcon', 'build', '--symlink-install']
[0.161s] DEBUG:colcon:Parsed command line arguments: Namespace(log_base=None, log_level=None, verb_name='build', build_base='build', install_base='install', merge_install=False, symlink_install=True, test_result_base=None, continue_on_error=False, executor='parallel', parallel_workers=4, event_handlers=None, ignore_user_meta=False, metas=['./colcon.meta'], base_paths=['.'], packages_ignore=None, packages_ignore_regex=None, paths=None, packages_up_to=None, packages_up_to_regex=None, packages_above=None, packages_above_and_dependencies=None, packages_above_depth=None, packages_select_by_dep=None, packages_skip_by_dep=None, packages_skip_up_to=None, packages_select_build_failed=False, packages_skip_build_finished=False, packages_select_test_failures=False, packages_skip_test_passed=False, packages_select=None, packages_skip=None, packages_select_regex=None, packages_skip_regex=None, packages_start=None, packages_end=None, cmake_args=None, cmake_target=None, cmake_target_skip_unavailable=False, cmake_clean_cache=False, cmake_clean_first=False, cmake_force_configure=False, ament_cmake_args=None, catkin_cmake_args=None, catkin_skip_building_tests=False, mixin_files=None, mixin=None, verb_parser=<colcon_mixin.mixin.mixin_argument.MixinArgumentDecorator object at 0xffffa3669030>, verb_extension=<colcon_core.verb.build.BuildVerb object at 0xffffa3668b80>, main=<bound method BuildVerb.main of <colcon_core.verb.build.BuildVerb object at 0xffffa3668b80>>, mixin_verb=('build',))
[0.324s] Level 1:colcon.colcon_core.package_discovery:discover_packages(colcon_meta) check parameters
[0.325s] INFO:colcon.colcon_metadata.package_discovery.colcon_meta:Using configuration from '/root/.colcon/metadata/default/Gazebo.meta'
[0.325s] INFO:colcon.colcon_metadata.package_discovery.colcon_meta:Using configuration from '/root/.colcon/metadata/default/fastrtps.meta'
[0.325s] Level 1:colcon.colcon_core.package_discovery:discover_packages(recursive) check parameters
[0.325s] Level 1:colcon.colcon_core.package_discovery:discover_packages(ignore) check parameters
[0.325s] Level 1:colcon.colcon_core.package_discovery:discover_packages(path) check parameters
[0.325s] Level 1:colcon.colcon_core.package_discovery:discover_packages(colcon_meta) discover
[0.326s] Level 1:colcon.colcon_core.package_discovery:discover_packages(recursive) discover
[0.326s] INFO:colcon.colcon_core.package_discovery:Crawling recursively for packages in '/root/ros2_ws'
[0.326s] Level 1:colcon.colcon_core.package_identification:_identify(.) by extensions ['ignore', 'ignore_ament_install']
[0.326s] Level 1:colcon.colcon_core.package_identification:_identify(.) by extension 'ignore'
[0.326s] Level 1:colcon.colcon_core.package_identification:_identify(.) by extension 'ignore_ament_install'
[0.326s] Level 1:colcon.colcon_core.package_identification:_identify(.) by extensions ['colcon_pkg']
[0.326s] Level 1:colcon.colcon_core.package_identification:_identify(.) by extension 'colcon_pkg'
[0.326s] Level 1:colcon.colcon_core.package_identification:_identify(.) by extensions ['colcon_meta']
[0.326s] Level 1:colcon.colcon_core.package_identification:_identify(.) by extension 'colcon_meta'
[0.326s] Level 1:colcon.colcon_core.package_identification:_identify(.) by extensions ['ros']
[0.326s] Level 1:colcon.colcon_core.package_identification:_identify(.) by extension 'ros'
[0.342s] Level 1:colcon.colcon_core.package_identification:_identify(.) by extensions ['cmake', 'python']
[0.342s] Level 1:colcon.colcon_core.package_identification:_identify(.) by extension 'cmake'
[0.342s] Level 1:colcon.colcon_core.package_identification:_identify(.) by extension 'python'
[0.342s] Level 1:colcon.colcon_core.package_identification:_identify(.) by extensions ['python_setup_py']
[0.342s] Level 1:colcon.colcon_core.package_identification:_identify(.) by extension 'python_setup_py'
[0.342s] Level 1:colcon.colcon_core.package_identification:_identify(build) by extensions ['ignore', 'ignore_ament_install']
[0.342s] Level 1:colcon.colcon_core.package_identification:_identify(build) by extension 'ignore'
[0.343s] Level 1:colcon.colcon_core.package_identification:_identify(build) ignored
[0.343s] Level 1:colcon.colcon_core.package_identification:_identify(install) by extensions ['ignore', 'ignore_ament_install']
[0.343s] Level 1:colcon.colcon_core.package_identification:_identify(install) by extension 'ignore'
[0.343s] Level 1:colcon.colcon_core.package_identification:_identify(install) ignored
[0.343s] Level 1:colcon.colcon_core.package_identification:_identify(log) by extensions ['ignore', 'ignore_ament_install']
[0.343s] Level 1:colcon.colcon_core.package_identification:_identify(log) by extension 'ignore'
[0.343s] Level 1:colcon.colcon_core.package_identification:_identify(log) ignored
[0.343s] Level 1:colcon.colcon_core.package_identification:_identify(src) by extensions ['ignore', 'ignore_ament_install']
[0.343s] Level 1:colcon.colcon_core.package_identification:_identify(src) by extension 'ignore'
[0.343s] Level 1:colcon.colcon_core.package_identification:_identify(src) by extension 'ignore_ament_install'
[0.343s] Level 1:colcon.colcon_core.package_identification:_identify(src) by extensions ['colcon_pkg']
[0.343s] Level 1:colcon.colcon_core.package_identification:_identify(src) by extension 'colcon_pkg'
[0.343s] Level 1:colcon.colcon_core.package_identification:_identify(src) by extensions ['colcon_meta']
[0.343s] Level 1:colcon.colcon_core.package_identification:_identify(src) by extension 'colcon_meta'
[0.343s] Level 1:colcon.colcon_core.package_identification:_identify(src) by extensions ['ros']
[0.344s] Level 1:colcon.colcon_core.package_identification:_identify(src) by extension 'ros'
[0.344s] Level 1:colcon.colcon_core.package_identification:_identify(src) by extensions ['cmake', 'python']
[0.344s] Level 1:colcon.colcon_core.package_identification:_identify(src) by extension 'cmake'
[0.344s] Level 1:colcon.colcon_core.package_identification:_identify(src) by extension 'python'
[0.344s] Level 1:colcon.colcon_core.package_identification:_identify(src) by extensions ['python_setup_py']
[0.344s] Level 1:colcon.colcon_core.package_identification:_identify(src) by extension 'python_setup_py'
[0.344s] Level 1:colcon.colcon_core.package_identification:_identify(src/checkpoint_interfaces) by extensions ['ignore', 'ignore_ament_install']
[0.344s] Level 1:colcon.colcon_core.package_identification:_identify(src/checkpoint_interfaces) by extension 'ignore'
[0.344s] Level 1:colcon.colcon_core.package_identification:_identify(src/checkpoint_interfaces) by extension 'ignore_ament_install'
[0.344s] Level 1:colcon.colcon_core.package_identification:_identify(src/checkpoint_interfaces) by extensions ['colcon_pkg']
[0.344s] Level 1:colcon.colcon_core.package_identification:_identify(src/checkpoint_interfaces) by extension 'colcon_pkg'
[0.344s] Level 1:colcon.colcon_core.package_identification:_identify(src/checkpoint_interfaces) by extensions ['colcon_meta']
[0.344s] Level 1:colcon.colcon_core.package_identification:_identify(src/checkpoint_interfaces) by extension 'colcon_meta'
[0.344s] Level 1:colcon.colcon_core.package_identification:_identify(src/checkpoint_interfaces) by extensions ['ros']
[0.344s] Level 1:colcon.colcon_core.package_identification:_identify(src/checkpoint_interfaces) by extension 'ros'
[0.348s] DEBUG:colcon.colcon_core.package_identification:Package 'src/checkpoint_interfaces' with type 'ros.ament_cmake' and name 'checkpoint_interfaces'
[0.348s] Level 1:colcon.colcon_core.package_identification:_identify(src/checkpoint_pkg) by extensions ['ignore', 'ignore_ament_install']
[0.348s] Level 1:colcon.colcon_core.package_identification:_identify(src/checkpoint_pkg) by extension 'ignore'
[0.349s] Level 1:colcon.colcon_core.package_identification:_identify(src/checkpoint_pkg) by extension 'ignore_ament_install'
[0.349s] Level 1:colcon.colcon_core.package_identification:_identify(src/checkpoint_pkg) by extensions ['colcon_pkg']
[0.349s] Level 1:colcon.colcon_core.package_identification:_identify(src/checkpoint_pkg) by extension 'colcon_pkg'
[0.349s] Level 1:colcon.colcon_core.package_identification:_identify(src/checkpoint_pkg) by extensions ['colcon_meta']
[0.349s] Level 1:colcon.colcon_core.package_identification:_identify(src/checkpoint_pkg) by extension 'colcon_meta'
[0.349s] Level 1:colcon.colcon_core.package_identification:_identify(src/checkpoint_pkg) by extensions ['ros']
[0.349s] Level 1:colcon.colcon_core.package_identification:_identify(src/checkpoint_pkg) by extension 'ros'
[0.350s] DEBUG:colcon.colcon_core.package_identification:Package 'src/checkpoint_pkg' with type 'ros.ament_python' and name 'checkpoint_pkg'
[0.350s] Level 1:colcon.colcon_core.package_identification:_identify(src/hw1_pkg) by extensions ['ignore', 'ignore_ament_install']
[0.350s] Level 1:colcon.colcon_core.package_identification:_identify(src/hw1_pkg) by extension 'ignore'
[0.350s] Level 1:colcon.colcon_core.package_identification:_identify(src/hw1_pkg) by extension 'ignore_ament_install'
[0.350s] Level 1:colcon.colcon_core.package_identification:_identify(src/hw1_pkg) by extensions ['colcon_pkg']
[0.350s] Level 1:colcon.colcon_core.package_identification:_identify(src/hw1_pkg) by extension 'colcon_pkg'
[0.350s] Level 1:colcon.colcon_core.package_identification:_identify(src/hw1_pkg) by extensions ['colcon_meta']
[0.350s] Level 1:colcon.colcon_core.package_identification:_identify(src/hw1_pkg) by extension 'colcon_meta'
[0.350s] Level 1:colcon.colcon_core.package_identification:_identify(src/hw1_pkg) by extensions ['ros']
[0.350s] Level 1:colcon.colcon_core.package_identification:_identify(src/hw1_pkg) by extension 'ros'
[0.351s] DEBUG:colcon.colcon_core.package_identification:Package 'src/hw1_pkg' with type 'ros.ament_python' and name 'hw1_pkg'
[0.351s] Level 1:colcon.colcon_core.package_discovery:discover_packages(recursive) using defaults
[0.351s] Level 1:colcon.colcon_core.package_discovery:discover_packages(ignore) discover
[0.351s] Level 1:colcon.colcon_core.package_discovery:discover_packages(ignore) using defaults
[0.351s] Level 1:colcon.colcon_core.package_discovery:discover_packages(path) discover
[0.351s] Level 1:colcon.colcon_core.package_discovery:discover_packages(path) using defaults
[0.382s] Level 5:colcon.colcon_core.verb:set package 'checkpoint_interfaces' build argument 'cmake_args' from command line to 'None'
[0.382s] Level 5:colcon.colcon_core.verb:set package 'checkpoint_interfaces' build argument 'cmake_target' from command line to 'None'
[0.382s] Level 5:colcon.colcon_core.verb:set package 'checkpoint_interfaces' build argument 'cmake_target_skip_unavailable' from command line to 'False'
[0.382s] Level 5:colcon.colcon_core.verb:set package 'checkpoint_interfaces' build argument 'cmake_clean_cache' from command line to 'False'
[0.382s] Level 5:colcon.colcon_core.verb:set package 'checkpoint_interfaces' build argument 'cmake_clean_first' from command line to 'False'
[0.382s] Level 5:colcon.colcon_core.verb:set package 'checkpoint_interfaces' build argument 'cmake_force_configure' from command line to 'False'
[0.382s] Level 5:colcon.colcon_core.verb:set package 'checkpoint_interfaces' build argument 'ament_cmake_args' from command line to 'None'
[0.382s] Level 5:colcon.colcon_core.verb:set package 'checkpoint_interfaces' build argument 'catkin_cmake_args' from command line to 'None'
[0.382s] Level 5:colcon.colcon_core.verb:set package 'checkpoint_interfaces' build argument 'catkin_skip_building_tests' from command line to 'False'
[0.382s] DEBUG:colcon.colcon_core.verb:Building package 'checkpoint_interfaces' with the following arguments: {'ament_cmake_args': None, 'build_base': '/root/ros2_ws/build/checkpoint_interfaces', 'catkin_cmake_args': None, 'catkin_skip_building_tests': False, 'cmake_args': None, 'cmake_clean_cache': False, 'cmake_clean_first': False, 'cmake_force_configure': False, 'cmake_target': None, 'cmake_target_skip_unavailable': False, 'install_base': '/root/ros2_ws/install/checkpoint_interfaces', 'merge_install': False, 'path': '/root/ros2_ws/src/checkpoint_interfaces', 'symlink_install': True, 'test_result_base': None}
[0.383s] Level 5:colcon.colcon_core.verb:set package 'hw1_pkg' build argument 'cmake_args' from command line to 'None'
[0.383s] Level 5:colcon.colcon_core.verb:set package 'hw1_pkg' build argument 'cmake_target' from command line to 'None'
[0.383s] Level 5:colcon.colcon_core.verb:set package 'hw1_pkg' build argument 'cmake_target_skip_unavailable' from command line to 'False'
[0.383s] Level 5:colcon.colcon_core.verb:set package 'hw1_pkg' build argument 'cmake_clean_cache' from command line to 'False'
[0.383s] Level 5:colcon.colcon_core.verb:set package 'hw1_pkg' build argument 'cmake_clean_first' from command line to 'False'
[0.383s] Level 5:colcon.colcon_core.verb:set package 'hw1_pkg' build argument 'cmake_force_configure' from command line to 'False'
[0.383s] Level 5:colcon.colcon_core.verb:set package 'hw1_pkg' build argument 'ament_cmake_args' from command line to 'None'
[0.383s] Level 5:colcon.colcon_core.verb:set package 'hw1_pkg' build argument 'catkin_cmake_args' from command line to 'None'
[0.383s] Level 5:colcon.colcon_core.verb:set package 'hw1_pkg' build argument 'catkin_skip_building_tests' from command line to 'False'
[0.383s] DEBUG:colcon.colcon_core.verb:Building package 'hw1_pkg' with the following arguments: {'ament_cmake_args': None, 'build_base': '/root/ros2_ws/build/hw1_pkg', 'catkin_cmake_args': None, 'catkin_skip_building_tests': False, 'cmake_args': None, 'cmake_clean_cache': False, 'cmake_clean_first': False, 'cmake_force_configure': False, 'cmake_target': None, 'cmake_target_skip_unavailable': False, 'install_base': '/root/ros2_ws/install/hw1_pkg', 'merge_install': False, 'path': '/root/ros2_ws/src/hw1_pkg', 'symlink_install': True, 'test_result_base': None}
[0.383s] Level 5:colcon.colcon_core.verb:set package 'checkpoint_pkg' build argument 'cmake_args' from command line to 'None'
[0.383s] Level 5:colcon.colcon_core.verb:set package 'checkpoint_pkg' build argument 'cmake_target' from command line to 'None'
[0.383s] Level 5:colcon.colcon_core.verb:set package 'checkpoint_pkg' build argument 'cmake_target_skip_unavailable' from command line to 'False'
[0.383s] Level 5:colcon.colcon_core.verb:set package 'checkpoint_pkg' build argument 'cmake_clean_cache' from command line to 'False'
[0.383s] Level 5:colcon.colcon_core.verb:set package 'checkpoint_pkg' build argument 'cmake_clean_first' from command line to 'False'
[0.383s] Level 5:colcon.colcon_core.verb:set package 'checkpoint_pkg' build argument 'cmake_force_configure' from command line to 'False'
[0.383s] Level 5:colcon.colcon_core.verb:set package 'checkpoint_pkg' build argument 'ament_cmake_args' from command line to 'None'
[0.383s] Level 5:colcon.colcon_core.verb:set package 'checkpoint_pkg' build argument 'catkin_cmake_args' from command line to 'None'
[0.383s] Level 5:colcon.colcon_core.verb:set package 'checkpoint_pkg' build argument 'catkin_skip_building_tests' from command line to 'False'
[0.383s] DEBUG:colcon.colcon_core.verb:Building package 'checkpoint_pkg' with the following arguments: {'ament_cmake_args': None, 'build_base': '/root/ros2_ws/build/checkpoint_pkg', 'catkin_cmake_args': None, 'catkin_skip_building_tests': False, 'cmake_args': None, 'cmake_clean_cache': False, 'cmake_clean_first': False, 'cmake_force_configure': False, 'cmake_target': None, 'cmake_target_skip_unavailable': False, 'install_base': '/root/ros2_ws/install/checkpoint_pkg', 'merge_install': False, 'path': '/root/ros2_ws/src/checkpoint_pkg', 'symlink_install': True, 'test_result_base': None}
[0.384s] INFO:colcon.colcon_core.executor:Executing jobs using 'parallel' executor
[0.385s] DEBUG:colcon.colcon_parallel_executor.executor.parallel:run_until_complete
[0.386s] INFO:colcon.colcon_ros.task.ament_cmake.build:Building ROS package in '/root/ros2_ws/src/checkpoint_interfaces' with build type 'ament_cmake'
[0.386s] INFO:colcon.colcon_cmake.task.cmake.build:Building CMake package in '/root/ros2_ws/src/checkpoint_interfaces'
[0.389s] INFO:colcon.colcon_core.plugin_system:Skipping extension 'colcon_core.shell.bat': Not used on non-Windows systems
[0.389s] INFO:colcon.colcon_core.shell:Skip shell extension 'powershell' for command environment: Not usable outside of PowerShell
[0.389s] DEBUG:colcon.colcon_core.shell:Skip shell extension 'dsv' for command environment
[0.391s] WARNING:colcon.colcon_ros.prefix_path.ament:The path '/root/ros2_ws/install/hw1_pkg' in the environment variable AMENT_PREFIX_PATH doesn't exist
[0.391s] WARNING:colcon.colcon_ros.prefix_path.ament:The path '/root/ros2_ws/install/checkpoint_pkg' in the environment variable AMENT_PREFIX_PATH doesn't exist
[0.391s] WARNING:colcon.colcon_ros.prefix_path.ament:The path '/root/ros2_ws/install/checkpoint_interfaces' in the environment variable AMENT_PREFIX_PATH doesn't exist
[0.392s] WARNING:colcon.colcon_ros.prefix_path.catkin:The path '/root/ros2_ws/install/checkpoint_interfaces' in the environment variable CMAKE_PREFIX_PATH doesn't exist
[0.402s] INFO:colcon.colcon_ros.task.ament_python.build:Building ROS package in '/root/ros2_ws/src/hw1_pkg' with build type 'ament_python'
[0.403s] Level 1:colcon.colcon_core.shell:create_environment_hook('hw1_pkg', 'ament_prefix_path')
[0.403s] INFO:colcon.colcon_core.shell:Creating environment hook '/root/ros2_ws/install/hw1_pkg/share/hw1_pkg/hook/ament_prefix_path.ps1'
[0.405s] INFO:colcon.colcon_core.shell:Creating environment descriptor '/root/ros2_ws/install/hw1_pkg/share/hw1_pkg/hook/ament_prefix_path.dsv'
[0.407s] INFO:colcon.colcon_core.shell:Creating environment hook '/root/ros2_ws/install/hw1_pkg/share/hw1_pkg/hook/ament_prefix_path.sh'
[0.411s] INFO:colcon.colcon_core.shell:Skip shell extension 'powershell' for command environment: Not usable outside of PowerShell
[0.411s] DEBUG:colcon.colcon_core.shell:Skip shell extension 'dsv' for command environment
[0.456s] DEBUG:colcon.colcon_core.event_handler.log_command:Invoking command in '/root/ros2_ws/build/checkpoint_interfaces': CMAKE_PREFIX_PATH=${CMAKE_PREFIX_PATH}:/root/ros2_ws/src/checkpoint_pkg/install/checkpoint_pkg:/root/install/checkpoint_pkg:/root/ros2_ws/install/hw1_pkg:/root/ros2_ws/install/checkpoint_pkg:/root/create3_ws/install/create3_teleop:/root/create3_ws/install/create3_examples_py:/opt/ros/humble /usr/bin/cmake /root/ros2_ws/src/checkpoint_interfaces -DAMENT_CMAKE_SYMLINK_INSTALL=1 -DCMAKE_INSTALL_PREFIX=/root/ros2_ws/install/checkpoint_interfaces
[0.826s] INFO:colcon.colcon_core.task.python.build:Building Python package in '/root/ros2_ws/src/hw1_pkg'
[0.826s] INFO:colcon.colcon_core.shell:Skip shell extension 'powershell' for command environment: Not usable outside of PowerShell
[0.826s] DEBUG:colcon.colcon_core.shell:Skip shell extension 'dsv' for command environment
[1.518s] DEBUG:colcon.colcon_core.event_handler.log_command:Invoking command in '/root/ros2_ws/build/hw1_pkg': PYTHONPATH=/root/ros2_ws/build/hw1_pkg/prefix_override:/usr/lib/python3/dist-packages/colcon_core/task/python/colcon_distutils_commands:/root/ros2_ws/install/hw1_pkg/lib/python3.10/site-packages:${PYTHONPATH} /usr/bin/python3 -W ignore:setup.py install is deprecated setup.py develop --editable --build-directory /root/ros2_ws/build/hw1_pkg/build --no-deps symlink_data
[2.141s] Level 1:colcon.colcon_core.shell:create_environment_hook('hw1_pkg', 'pythonpath_develop')
[2.142s] INFO:colcon.colcon_core.shell:Creating environment hook '/root/ros2_ws/build/hw1_pkg/share/hw1_pkg/hook/pythonpath_develop.ps1'
[2.143s] DEBUG:colcon.colcon_core.event_handler.log_command:Invoked command in '/root/ros2_ws/build/hw1_pkg' returned '0': PYTHONPATH=/root/ros2_ws/build/hw1_pkg/prefix_override:/usr/lib/python3/dist-packages/colcon_core/task/python/colcon_distutils_commands:/root/ros2_ws/install/hw1_pkg/lib/python3.10/site-packages:${PYTHONPATH} /usr/bin/python3 -W ignore:setup.py install is deprecated setup.py develop --editable --build-directory /root/ros2_ws/build/hw1_pkg/build --no-deps symlink_data
[2.143s] INFO:colcon.colcon_core.shell:Creating environment descriptor '/root/ros2_ws/build/hw1_pkg/share/hw1_pkg/hook/pythonpath_develop.dsv'
[2.144s] INFO:colcon.colcon_core.shell:Creating environment hook '/root/ros2_ws/build/hw1_pkg/share/hw1_pkg/hook/pythonpath_develop.sh'
[2.148s] Level 1:colcon.colcon_core.environment:checking '/root/ros2_ws/install/hw1_pkg' for CMake module files
[2.148s] Level 1:colcon.colcon_core.environment:checking '/root/ros2_ws/install/hw1_pkg' for CMake config files
[2.149s] Level 1:colcon.colcon_core.environment:checking '/root/ros2_ws/install/hw1_pkg/lib'
[2.150s] Level 1:colcon.colcon_core.environment:checking '/root/ros2_ws/install/hw1_pkg/bin'
[2.150s] Level 1:colcon.colcon_core.environment:checking '/root/ros2_ws/install/hw1_pkg/lib/pkgconfig/hw1_pkg.pc'
[2.150s] Level 1:colcon.colcon_core.environment:checking '/root/ros2_ws/install/hw1_pkg/lib/python3.10/site-packages'
[2.150s] Level 1:colcon.colcon_core.shell:create_environment_hook('hw1_pkg', 'pythonpath')
[2.150s] INFO:colcon.colcon_core.shell:Creating environment hook '/root/ros2_ws/install/hw1_pkg/share/hw1_pkg/hook/pythonpath.ps1'
[2.152s] INFO:colcon.colcon_core.shell:Creating environment descriptor '/root/ros2_ws/install/hw1_pkg/share/hw1_pkg/hook/pythonpath.dsv'
[2.152s] INFO:colcon.colcon_core.shell:Creating environment hook '/root/ros2_ws/install/hw1_pkg/share/hw1_pkg/hook/pythonpath.sh'
[2.153s] Level 1:colcon.colcon_core.environment:checking '/root/ros2_ws/install/hw1_pkg/bin'
[2.154s] Level 1:colcon.colcon_core.environment:create_environment_scripts_only(hw1_pkg)
[2.154s] INFO:colcon.colcon_core.shell:Creating package script '/root/ros2_ws/install/hw1_pkg/share/hw1_pkg/package.ps1'
[2.156s] INFO:colcon.colcon_core.shell:Creating package descriptor '/root/ros2_ws/install/hw1_pkg/share/hw1_pkg/package.dsv'
[2.158s] INFO:colcon.colcon_core.shell:Creating package script '/root/ros2_ws/install/hw1_pkg/share/hw1_pkg/package.sh'
[2.159s] INFO:colcon.colcon_core.shell:Creating package script '/root/ros2_ws/install/hw1_pkg/share/hw1_pkg/package.bash'
[2.160s] INFO:colcon.colcon_core.shell:Creating package script '/root/ros2_ws/install/hw1_pkg/share/hw1_pkg/package.zsh'
[2.161s] Level 1:colcon.colcon_core.environment:create_file_with_runtime_dependencies(/root/ros2_ws/install/hw1_pkg/share/colcon-core/packages/hw1_pkg)
[6.280s] DEBUG:colcon.colcon_core.event_handler.log_command:Invoked command in '/root/ros2_ws/build/checkpoint_interfaces' returned '0': CMAKE_PREFIX_PATH=${CMAKE_PREFIX_PATH}:/root/ros2_ws/src/checkpoint_pkg/install/checkpoint_pkg:/root/install/checkpoint_pkg:/root/ros2_ws/install/hw1_pkg:/root/ros2_ws/install/checkpoint_pkg:/root/create3_ws/install/create3_teleop:/root/create3_ws/install/create3_examples_py:/opt/ros/humble /usr/bin/cmake /root/ros2_ws/src/checkpoint_interfaces -DAMENT_CMAKE_SYMLINK_INSTALL=1 -DCMAKE_INSTALL_PREFIX=/root/ros2_ws/install/checkpoint_interfaces
[6.283s] DEBUG:colcon.colcon_core.event_handler.log_command:Invoking command in '/root/ros2_ws/build/checkpoint_interfaces': CMAKE_PREFIX_PATH=${CMAKE_PREFIX_PATH}:/root/ros2_ws/src/checkpoint_pkg/install/checkpoint_pkg:/root/install/checkpoint_pkg:/root/ros2_ws/install/hw1_pkg:/root/ros2_ws/install/checkpoint_pkg:/root/create3_ws/install/create3_teleop:/root/create3_ws/install/create3_examples_py:/opt/ros/humble /usr/bin/cmake --build /root/ros2_ws/build/checkpoint_interfaces -- -j4 -l4
[11.134s] DEBUG:colcon.colcon_core.event_handler.log_command:Invoked command in '/root/ros2_ws/build/checkpoint_interfaces' returned '0': CMAKE_PREFIX_PATH=${CMAKE_PREFIX_PATH}:/root/ros2_ws/src/checkpoint_pkg/install/checkpoint_pkg:/root/install/checkpoint_pkg:/root/ros2_ws/install/hw1_pkg:/root/ros2_ws/install/checkpoint_pkg:/root/create3_ws/install/create3_teleop:/root/create3_ws/install/create3_examples_py:/opt/ros/humble /usr/bin/cmake --build /root/ros2_ws/build/checkpoint_interfaces -- -j4 -l4
[11.273s] DEBUG:colcon.colcon_core.event_handler.log_command:Invoking command in '/root/ros2_ws/build/checkpoint_interfaces': CMAKE_PREFIX_PATH=${CMAKE_PREFIX_PATH}:/root/ros2_ws/src/checkpoint_pkg/install/checkpoint_pkg:/root/install/checkpoint_pkg:/root/ros2_ws/install/hw1_pkg:/root/ros2_ws/install/checkpoint_pkg:/root/create3_ws/install/create3_teleop:/root/create3_ws/install/create3_examples_py:/opt/ros/humble /usr/bin/cmake --install /root/ros2_ws/build/checkpoint_interfaces
[12.457s] Level 1:colcon.colcon_core.environment:create_environment_scripts_only(checkpoint_interfaces)
[12.458s] Level 1:colcon.colcon_core.environment:checking '/root/ros2_ws/install/checkpoint_interfaces' for CMake module files
[12.460s] DEBUG:colcon.colcon_core.event_handler.log_command:Invoked command in '/root/ros2_ws/build/checkpoint_interfaces' returned '0': CMAKE_PREFIX_PATH=${CMAKE_PREFIX_PATH}:/root/ros2_ws/src/checkpoint_pkg/install/checkpoint_pkg:/root/install/checkpoint_pkg:/root/ros2_ws/install/hw1_pkg:/root/ros2_ws/install/checkpoint_pkg:/root/create3_ws/install/create3_teleop:/root/create3_ws/install/create3_examples_py:/opt/ros/humble /usr/bin/cmake --install /root/ros2_ws/build/checkpoint_interfaces
[12.460s] Level 1:colcon.colcon_core.environment:checking '/root/ros2_ws/install/checkpoint_interfaces' for CMake config files
[12.461s] Level 1:colcon.colcon_core.shell:create_environment_hook('checkpoint_interfaces', 'cmake_prefix_path')
[12.461s] INFO:colcon.colcon_core.shell:Creating environment hook '/root/ros2_ws/install/checkpoint_interfaces/share/checkpoint_interfaces/hook/cmake_prefix_path.ps1'
[12.462s] INFO:colcon.colcon_core.shell:Creating environment descriptor '/root/ros2_ws/install/checkpoint_interfaces/share/checkpoint_interfaces/hook/cmake_prefix_path.dsv'
[12.463s] INFO:colcon.colcon_core.shell:Creating environment hook '/root/ros2_ws/install/checkpoint_interfaces/share/checkpoint_interfaces/hook/cmake_prefix_path.sh'
[12.464s] Level 1:colcon.colcon_core.environment:checking '/root/ros2_ws/install/checkpoint_interfaces/lib'
[12.464s] Level 1:colcon.colcon_core.shell:create_environment_hook('checkpoint_interfaces', 'ld_library_path_lib')
[12.464s] INFO:colcon.colcon_core.shell:Creating environment hook '/root/ros2_ws/install/checkpoint_interfaces/share/checkpoint_interfaces/hook/ld_library_path_lib.ps1'
[12.465s] INFO:colcon.colcon_core.shell:Creating environment descriptor '/root/ros2_ws/install/checkpoint_interfaces/share/checkpoint_interfaces/hook/ld_library_path_lib.dsv'
[12.465s] INFO:colcon.colcon_core.shell:Creating environment hook '/root/ros2_ws/install/checkpoint_interfaces/share/checkpoint_interfaces/hook/ld_library_path_lib.sh'
[12.466s] Level 1:colcon.colcon_core.environment:checking '/root/ros2_ws/install/checkpoint_interfaces/bin'
[12.466s] Level 1:colcon.colcon_core.environment:checking '/root/ros2_ws/install/checkpoint_interfaces/lib/pkgconfig/checkpoint_interfaces.pc'
[12.466s] Level 1:colcon.colcon_core.environment:checking '/root/ros2_ws/install/checkpoint_interfaces/lib/python3.10/site-packages'
[12.466s] Level 1:colcon.colcon_core.environment:checking '/root/ros2_ws/install/checkpoint_interfaces/bin'
[12.467s] INFO:colcon.colcon_core.shell:Creating package script '/root/ros2_ws/install/checkpoint_interfaces/share/checkpoint_interfaces/package.ps1'
[12.468s] INFO:colcon.colcon_core.shell:Creating package descriptor '/root/ros2_ws/install/checkpoint_interfaces/share/checkpoint_interfaces/package.dsv'
[12.469s] INFO:colcon.colcon_core.shell:Creating package script '/root/ros2_ws/install/checkpoint_interfaces/share/checkpoint_interfaces/package.sh'
[12.470s] INFO:colcon.colcon_core.shell:Creating package script '/root/ros2_ws/install/checkpoint_interfaces/share/checkpoint_interfaces/package.bash'
[12.471s] INFO:colcon.colcon_core.shell:Creating package script '/root/ros2_ws/install/checkpoint_interfaces/share/checkpoint_interfaces/package.zsh'
[12.472s] Level 1:colcon.colcon_core.environment:create_file_with_runtime_dependencies(/root/ros2_ws/install/checkpoint_interfaces/share/colcon-core/packages/checkpoint_interfaces)
[12.590s] Level 1:colcon.colcon_core.environment:create_environment_scripts_only(checkpoint_interfaces)
[12.590s] Level 1:colcon.colcon_core.environment:checking '/root/ros2_ws/install/checkpoint_interfaces' for CMake module files
[12.591s] Level 1:colcon.colcon_core.environment:checking '/root/ros2_ws/install/checkpoint_interfaces' for CMake config files
[12.592s] Level 1:colcon.colcon_core.shell:create_environment_hook('checkpoint_interfaces', 'cmake_prefix_path')
[12.592s] INFO:colcon.colcon_core.shell:Creating environment hook '/root/ros2_ws/install/checkpoint_interfaces/share/checkpoint_interfaces/hook/cmake_prefix_path.ps1'
[12.593s] INFO:colcon.colcon_core.shell:Creating environment descriptor '/root/ros2_ws/install/checkpoint_interfaces/share/checkpoint_interfaces/hook/cmake_prefix_path.dsv'
[12.599s] INFO:colcon.colcon_core.shell:Creating environment hook '/root/ros2_ws/install/checkpoint_interfaces/share/checkpoint_interfaces/hook/cmake_prefix_path.sh'
[12.601s] Level 1:colcon.colcon_core.environment:checking '/root/ros2_ws/install/checkpoint_interfaces/lib'
[12.601s] Level 1:colcon.colcon_core.shell:create_environment_hook('checkpoint_interfaces', 'ld_library_path_lib')
[12.601s] INFO:colcon.colcon_core.shell:Creating environment hook '/root/ros2_ws/install/checkpoint_interfaces/share/checkpoint_interfaces/hook/ld_library_path_lib.ps1'
[12.602s] INFO:colcon.colcon_core.shell:Creating environment descriptor '/root/ros2_ws/install/checkpoint_interfaces/share/checkpoint_interfaces/hook/ld_library_path_lib.dsv'
[12.603s] INFO:colcon.colcon_core.shell:Creating environment hook '/root/ros2_ws/install/checkpoint_interfaces/share/checkpoint_interfaces/hook/ld_library_path_lib.sh'
[12.604s] Level 1:colcon.colcon_core.environment:checking '/root/ros2_ws/install/checkpoint_interfaces/bin'
[12.604s] Level 1:colcon.colcon_core.environment:checking '/root/ros2_ws/install/checkpoint_interfaces/lib/pkgconfig/checkpoint_interfaces.pc'
[12.604s] Level 1:colcon.colcon_core.environment:checking '/root/ros2_ws/install/checkpoint_interfaces/lib/python3.10/site-packages'
[12.605s] Level 1:colcon.colcon_core.environment:checking '/root/ros2_ws/install/checkpoint_interfaces/bin'
[12.605s] INFO:colcon.colcon_core.shell:Creating package script '/root/ros2_ws/install/checkpoint_interfaces/share/checkpoint_interfaces/package.ps1'
[12.607s] INFO:colcon.colcon_core.shell:Creating package descriptor '/root/ros2_ws/install/checkpoint_interfaces/share/checkpoint_interfaces/package.dsv'
[12.608s] INFO:colcon.colcon_core.shell:Creating package script '/root/ros2_ws/install/checkpoint_interfaces/share/checkpoint_interfaces/package.sh'
[12.609s] INFO:colcon.colcon_core.shell:Creating package script '/root/ros2_ws/install/checkpoint_interfaces/share/checkpoint_interfaces/package.bash'
[12.610s] INFO:colcon.colcon_core.shell:Creating package script '/root/ros2_ws/install/checkpoint_interfaces/share/checkpoint_interfaces/package.zsh'
[12.611s] Level 1:colcon.colcon_core.environment:create_file_with_runtime_dependencies(/root/ros2_ws/install/checkpoint_interfaces/share/colcon-core/packages/checkpoint_interfaces)
[12.613s] INFO:colcon.colcon_ros.task.ament_python.build:Building ROS package in '/root/ros2_ws/src/checkpoint_pkg' with build type 'ament_python'
[12.613s] Level 1:colcon.colcon_core.shell:create_environment_hook('checkpoint_pkg', 'ament_prefix_path')
[12.614s] INFO:colcon.colcon_core.shell:Creating environment hook '/root/ros2_ws/install/checkpoint_pkg/share/checkpoint_pkg/hook/ament_prefix_path.ps1'
[12.615s] INFO:colcon.colcon_core.shell:Creating environment descriptor '/root/ros2_ws/install/checkpoint_pkg/share/checkpoint_pkg/hook/ament_prefix_path.dsv'
[12.616s] INFO:colcon.colcon_core.shell:Creating environment hook '/root/ros2_ws/install/checkpoint_pkg/share/checkpoint_pkg/hook/ament_prefix_path.sh'
[12.616s] INFO:colcon.colcon_core.shell:Skip shell extension 'powershell' for command environment: Not usable outside of PowerShell
[12.616s] DEBUG:colcon.colcon_core.shell:Skip shell extension 'dsv' for command environment
[13.018s] INFO:colcon.colcon_core.task.python.build:Building Python package in '/root/ros2_ws/src/checkpoint_pkg'
[13.018s] INFO:colcon.colcon_core.shell:Skip shell extension 'powershell' for command environment: Not usable outside of PowerShell
[13.018s] DEBUG:colcon.colcon_core.shell:Skip shell extension 'dsv' for command environment
[13.535s] DEBUG:colcon.colcon_core.event_handler.log_command:Invoking command in '/root/ros2_ws/build/checkpoint_pkg': PYTHONPATH=/root/ros2_ws/build/checkpoint_pkg/prefix_override:/usr/lib/python3/dist-packages/colcon_core/task/python/colcon_distutils_commands:/root/ros2_ws/install/checkpoint_pkg/lib/python3.10/site-packages:${PYTHONPATH} /usr/bin/python3 -W ignore:setup.py install is deprecated setup.py develop --editable --build-directory /root/ros2_ws/build/checkpoint_pkg/build --no-deps symlink_data
[14.094s] Level 1:colcon.colcon_core.shell:create_environment_hook('checkpoint_pkg', 'pythonpath_develop')
[14.095s] INFO:colcon.colcon_core.shell:Creating environment hook '/root/ros2_ws/build/checkpoint_pkg/share/checkpoint_pkg/hook/pythonpath_develop.ps1'
[14.095s] DEBUG:colcon.colcon_core.event_handler.log_command:Invoked command in '/root/ros2_ws/build/checkpoint_pkg' returned '0': PYTHONPATH=/root/ros2_ws/build/checkpoint_pkg/prefix_override:/usr/lib/python3/dist-packages/colcon_core/task/python/colcon_distutils_commands:/root/ros2_ws/install/checkpoint_pkg/lib/python3.10/site-packages:${PYTHONPATH} /usr/bin/python3 -W ignore:setup.py install is deprecated setup.py develop --editable --build-directory /root/ros2_ws/build/checkpoint_pkg/build --no-deps symlink_data
[14.096s] INFO:colcon.colcon_core.shell:Creating environment descriptor '/root/ros2_ws/build/checkpoint_pkg/share/checkpoint_pkg/hook/pythonpath_develop.dsv'
[14.096s] INFO:colcon.colcon_core.shell:Creating environment hook '/root/ros2_ws/build/checkpoint_pkg/share/checkpoint_pkg/hook/pythonpath_develop.sh'
[14.097s] Level 1:colcon.colcon_core.environment:checking '/root/ros2_ws/install/checkpoint_pkg' for CMake module files
[14.097s] Level 1:colcon.colcon_core.environment:checking '/root/ros2_ws/install/checkpoint_pkg' for CMake config files
[14.098s] Level 1:colcon.colcon_core.environment:checking '/root/ros2_ws/install/checkpoint_pkg/lib'
[14.098s] Level 1:colcon.colcon_core.environment:checking '/root/ros2_ws/install/checkpoint_pkg/bin'
[14.098s] Level 1:colcon.colcon_core.environment:checking '/root/ros2_ws/install/checkpoint_pkg/lib/pkgconfig/checkpoint_pkg.pc'
[14.098s] Level 1:colcon.colcon_core.environment:checking '/root/ros2_ws/install/checkpoint_pkg/lib/python3.10/site-packages'
[14.098s] Level 1:colcon.colcon_core.shell:create_environment_hook('checkpoint_pkg', 'pythonpath')
[14.099s] INFO:colcon.colcon_core.shell:Creating environment hook '/root/ros2_ws/install/checkpoint_pkg/share/checkpoint_pkg/hook/pythonpath.ps1'
[14.099s] INFO:colcon.colcon_core.shell:Creating environment descriptor '/root/ros2_ws/install/checkpoint_pkg/share/checkpoint_pkg/hook/pythonpath.dsv'
[14.099s] INFO:colcon.colcon_core.shell:Creating environment hook '/root/ros2_ws/install/checkpoint_pkg/share/checkpoint_pkg/hook/pythonpath.sh'
[14.100s] Level 1:colcon.colcon_core.environment:checking '/root/ros2_ws/install/checkpoint_pkg/bin'
[14.100s] Level 1:colcon.colcon_core.environment:create_environment_scripts_only(checkpoint_pkg)
[14.100s] INFO:colcon.colcon_core.shell:Creating package script '/root/ros2_ws/install/checkpoint_pkg/share/checkpoint_pkg/package.ps1'
[14.101s] INFO:colcon.colcon_core.shell:Creating package descriptor '/root/ros2_ws/install/checkpoint_pkg/share/checkpoint_pkg/package.dsv'
[14.101s] INFO:colcon.colcon_core.shell:Creating package script '/root/ros2_ws/install/checkpoint_pkg/share/checkpoint_pkg/package.sh'
[14.102s] INFO:colcon.colcon_core.shell:Creating package script '/root/ros2_ws/install/checkpoint_pkg/share/checkpoint_pkg/package.bash'
[14.102s] INFO:colcon.colcon_core.shell:Creating package script '/root/ros2_ws/install/checkpoint_pkg/share/checkpoint_pkg/package.zsh'
[14.102s] Level 1:colcon.colcon_core.environment:create_file_with_runtime_dependencies(/root/ros2_ws/install/checkpoint_pkg/share/colcon-core/packages/checkpoint_pkg)
[14.103s] DEBUG:colcon.colcon_parallel_executor.executor.parallel:closing loop
[14.104s] DEBUG:colcon.colcon_parallel_executor.executor.parallel:loop closed
[14.104s] DEBUG:colcon.colcon_parallel_executor.executor.parallel:run_until_complete finished with '0'
[14.104s] DEBUG:colcon.colcon_core.event_reactor:joining thread
[14.114s] INFO:colcon.colcon_core.plugin_system:Skipping extension 'colcon_notification.desktop_notification.notify_send': Could not find 'notify-send'
[14.114s] INFO:colcon.colcon_core.plugin_system:Skipping extension 'colcon_notification.desktop_notification.terminal_notifier': Not used on non-Darwin systems
[14.114s] INFO:colcon.colcon_core.plugin_system:Skipping extension 'colcon_notification.desktop_notification.win32': Not used on non-Windows systems
[14.114s] INFO:colcon.colcon_notification.desktop_notification:Sending desktop notification using 'notify2'
[14.119s] DEBUG:colcon.colcon_notification.desktop_notification.notify2:Failed to initialize notify2: org.freedesktop.DBus.Error.Spawn.ExecFailed: /usr/bin/dbus-launch terminated abnormally without any error message
[14.119s] DEBUG:colcon.colcon_core.event_reactor:joined thread
[14.120s] INFO:colcon.colcon_core.shell:Creating prefix script '/root/ros2_ws/install/local_setup.ps1'
[14.122s] INFO:colcon.colcon_core.shell:Creating prefix util module '/root/ros2_ws/install/_local_setup_util_ps1.py'
[14.124s] INFO:colcon.colcon_core.shell:Creating prefix chain script '/root/ros2_ws/install/setup.ps1'
[14.127s] INFO:colcon.colcon_core.shell:Creating prefix script '/root/ros2_ws/install/local_setup.sh'
[14.128s] INFO:colcon.colcon_core.shell:Creating prefix util module '/root/ros2_ws/install/_local_setup_util_sh.py'
[14.129s] INFO:colcon.colcon_core.shell:Creating prefix chain script '/root/ros2_ws/install/setup.sh'
[14.131s] INFO:colcon.colcon_core.shell:Creating prefix script '/root/ros2_ws/install/local_setup.bash'
[14.132s] INFO:colcon.colcon_core.shell:Creating prefix chain script '/root/ros2_ws/install/setup.bash'
[14.136s] INFO:colcon.colcon_core.shell:Creating prefix script '/root/ros2_ws/install/local_setup.zsh'
[14.137s] INFO:colcon.colcon_core.shell:Creating prefix chain script '/root/ros2_ws/install/setup.zsh'
