[0.954s] Invoking command in '/root/ros2_ws/build/final_pkg': PYTHONPATH=/root/ros2_ws/build/final_pkg/prefix_override:/usr/lib/python3/dist-packages/colcon_core/task/python/colcon_distutils_commands:/root/ros2_ws/install/final_pkg/lib/python3.10/site-packages:${PYTHONPATH} /usr/bin/python3 -W ignore:setup.py install is deprecated -W ignore:easy_install command is deprecated setup.py develop --editable --build-directory /root/ros2_ws/build/final_pkg/build --no-deps symlink_data
[1.332s] running develop
[1.606s] running egg_info
[1.607s] writing final_pkg.egg-info/PKG-INFO
[1.607s] writing dependency_links to final_pkg.egg-info/dependency_links.txt
[1.609s] writing entry points to final_pkg.egg-info/entry_points.txt
[1.610s] writing requirements to final_pkg.egg-info/requires.txt
[1.612s] writing top-level names to final_pkg.egg-info/top_level.txt
[1.639s] reading manifest file 'final_pkg.egg-info/SOURCES.txt'
[1.679s] writing manifest file 'final_pkg.egg-info/SOURCES.txt'
[1.687s] running build_ext
[1.691s] Creating /root/ros2_ws/install/final_pkg/lib/python3.10/site-packages/final-pkg.egg-link (link to .)
[1.712s] Installing aruco_detector script to /root/ros2_ws/install/final_pkg/lib/final_pkg
[1.721s] Installing aruco_pose_node script to /root/ros2_ws/install/final_pkg/lib/final_pkg
[1.728s] Installing lidar script to /root/ros2_ws/install/final_pkg/lib/final_pkg
[1.733s] Installing localizer script to /root/ros2_ws/install/final_pkg/lib/final_pkg
[1.738s] Installing move_robot script to /root/ros2_ws/install/final_pkg/lib/final_pkg
[1.743s] Installing move_robot_follow_path script to /root/ros2_ws/install/final_pkg/lib/final_pkg
[1.747s] Installing move_robot_outside_box script to /root/ros2_ws/install/final_pkg/lib/final_pkg
[1.751s] Installing move_robot_to_aruco script to /root/ros2_ws/install/final_pkg/lib/final_pkg
[1.756s] Installing navigator script to /root/ros2_ws/install/final_pkg/lib/final_pkg
[1.760s] Installing process_lidar script to /root/ros2_ws/install/final_pkg/lib/final_pkg
[1.764s] Installing robot_manager script to /root/ros2_ws/install/final_pkg/lib/final_pkg
[1.770s] Installing rotate_robot script to /root/ros2_ws/install/final_pkg/lib/final_pkg
[1.774s] Installing rotate_robot_to_aruco script to /root/ros2_ws/install/final_pkg/lib/final_pkg
[1.778s] Installing user_interface script to /root/ros2_ws/install/final_pkg/lib/final_pkg
[1.783s] 
[1.784s] Installed /root/ros2_ws/build/final_pkg
[1.786s] running symlink_data
[1.870s] Invoked command in '/root/ros2_ws/build/final_pkg' returned '0': PYTHONPATH=/root/ros2_ws/build/final_pkg/prefix_override:/usr/lib/python3/dist-packages/colcon_core/task/python/colcon_distutils_commands:/root/ros2_ws/install/final_pkg/lib/python3.10/site-packages:${PYTHONPATH} /usr/bin/python3 -W ignore:setup.py install is deprecated -W ignore:easy_install command is deprecated setup.py develop --editable --build-directory /root/ros2_ws/build/final_pkg/build --no-deps symlink_data
