[0.070s] Invoking command in '/root/ros2_ws/build/checkpoint_interfaces': CMAKE_PREFIX_PATH=${CMAKE_PREFIX_PATH}:/root/ros2_ws/src/checkpoint_pkg/install/checkpoint_pkg:/root/install/checkpoint_pkg:/root/ros2_ws/install/hw1_pkg:/root/ros2_ws/install/checkpoint_pkg:/root/create3_ws/install/create3_teleop:/root/create3_ws/install/create3_examples_py:/opt/ros/humble /usr/bin/cmake /root/ros2_ws/src/checkpoint_interfaces -DAMENT_CMAKE_SYMLINK_INSTALL=1 -DCMAKE_INSTALL_PREFIX=/root/ros2_ws/install/checkpoint_interfaces
[2.388s] -- The C compiler identification is GNU 11.4.0
[2.834s] -- The CXX compiler identification is GNU 11.4.0
[2.869s] -- Detecting C compiler ABI info
[3.066s] -- Detecting C compiler ABI info - done
[3.077s] -- Check for working C compiler: /usr/bin/cc - skipped
[3.083s] -- Detecting C compile features
[3.085s] -- Detecting C compile features - done
[3.093s] -- Detecting CXX compiler ABI info
[3.269s] -- Detecting CXX compiler ABI info - done
[3.281s] -- Check for working CXX compiler: /usr/bin/c++ - skipped
[3.281s] -- Detecting CXX compile features
[3.282s] -- Detecting CXX compile features - done
[3.314s] -- Found ament_cmake: 1.3.10 (/opt/ros/humble/share/ament_cmake/cmake)
[3.577s] -- Found Python3: /usr/bin/python3 (found version "3.10.12") found components: Interpreter 
[3.733s] -- Override CMake install command with custom implementation using symlinks instead of copying resources
[3.851s] -- Found rosidl_default_generators: 1.2.0 (/opt/ros/humble/share/rosidl_default_generators/cmake)
[3.874s] -- Using all available rosidl_typesupport_c: rosidl_typesupport_fastrtps_c;rosidl_typesupport_introspection_c
[3.972s] -- Found rosidl_adapter: 3.1.5 (/opt/ros/humble/share/rosidl_adapter/cmake)
[4.145s] -- Using all available rosidl_typesupport_cpp: rosidl_typesupport_fastrtps_cpp;rosidl_typesupport_introspection_cpp
[4.734s] -- Found ament_cmake_ros: 0.10.0 (/opt/ros/humble/share/ament_cmake_ros/cmake)
[5.116s] -- Using all available rosidl_typesupport_c: rosidl_typesupport_fastrtps_c;rosidl_typesupport_introspection_c
[5.518s] -- Using all available rosidl_typesupport_cpp: rosidl_typesupport_fastrtps_cpp;rosidl_typesupport_introspection_cpp
[5.564s] -- Found PythonInterp: /usr/bin/python3 (found suitable version "3.10.12", minimum required is "3.6") 
[5.575s] -- Found python_cmake_module: 0.10.0 (/opt/ros/humble/share/python_cmake_module/cmake)
[5.639s] -- Found PythonLibs: /usr/lib/aarch64-linux-gnu/libpython3.10.so (found suitable version "3.10.12", minimum required is "3.5") 
[5.639s] -- Using PYTHON_EXECUTABLE: /usr/bin/python3
[5.639s] -- Using PYTHON_INCLUDE_DIRS: /usr/include/python3.10
[5.639s] -- Using PYTHON_LIBRARIES: /usr/lib/aarch64-linux-gnu/libpython3.10.so
[5.668s] -- Found PythonExtra: .so  
[5.750s] -- Found ament_lint_auto: 0.12.11 (/opt/ros/humble/share/ament_lint_auto/cmake)
[5.820s] -- Added test 'lint_cmake' to check CMake code style
[5.823s] -- Added test 'xmllint' to check XML markup files
[5.831s] -- Configuring done
[5.877s] -- Generating done
[5.882s] -- Build files have been written to: /root/ros2_ws/build/checkpoint_interfaces
[5.894s] Invoked command in '/root/ros2_ws/build/checkpoint_interfaces' returned '0': CMAKE_PREFIX_PATH=${CMAKE_PREFIX_PATH}:/root/ros2_ws/src/checkpoint_pkg/install/checkpoint_pkg:/root/install/checkpoint_pkg:/root/ros2_ws/install/hw1_pkg:/root/ros2_ws/install/checkpoint_pkg:/root/create3_ws/install/create3_teleop:/root/create3_ws/install/create3_examples_py:/opt/ros/humble /usr/bin/cmake /root/ros2_ws/src/checkpoint_interfaces -DAMENT_CMAKE_SYMLINK_INSTALL=1 -DCMAKE_INSTALL_PREFIX=/root/ros2_ws/install/checkpoint_interfaces
[5.897s] Invoking command in '/root/ros2_ws/build/checkpoint_interfaces': CMAKE_PREFIX_PATH=${CMAKE_PREFIX_PATH}:/root/ros2_ws/src/checkpoint_pkg/install/checkpoint_pkg:/root/install/checkpoint_pkg:/root/ros2_ws/install/hw1_pkg:/root/ros2_ws/install/checkpoint_pkg:/root/create3_ws/install/create3_teleop:/root/create3_ws/install/create3_examples_py:/opt/ros/humble /usr/bin/cmake --build /root/ros2_ws/build/checkpoint_interfaces -- -j4 -l4
[5.977s] [  3%] [34m[1mGenerating C code for ROS interfaces[0m
[5.995s] [  6%] [34m[1mGenerating C++ code for ROS interfaces[0m
[6.015s] [  6%] Built target ament_cmake_python_symlink_checkpoint_interfaces
[6.421s] running egg_info
[6.422s] creating checkpoint_interfaces.egg-info
[6.422s] writing checkpoint_interfaces.egg-info/PKG-INFO
[6.422s] writing dependency_links to checkpoint_interfaces.egg-info/dependency_links.txt
[6.422s] writing top-level names to checkpoint_interfaces.egg-info/top_level.txt
[6.423s] writing manifest file 'checkpoint_interfaces.egg-info/SOURCES.txt'
[6.426s] reading manifest file 'checkpoint_interfaces.egg-info/SOURCES.txt'
[6.427s] writing manifest file 'checkpoint_interfaces.egg-info/SOURCES.txt'
[6.544s] [  6%] Built target ament_cmake_python_build_checkpoint_interfaces_egg
[6.576s] [  6%] Built target checkpoint_interfaces__cpp
[6.599s] [ 12%] [34m[1mGenerating C++ type support for eProsima Fast-RTPS[0m
[6.599s] [ 12%] [34m[1mGenerating C++ type support dispatch for ROS interfaces[0m
[6.599s] [ 16%] [34m[1mGenerating C++ introspection for ROS interfaces[0m
[6.622s] [ 19%] [32mBuilding C object CMakeFiles/checkpoint_interfaces__rosidl_generator_c.dir/rosidl_generator_c/checkpoint_interfaces/msg/detail/parameters_to_target__functions.c.o[0m
[6.832s] [ 22%] [32m[1mLinking C shared library libcheckpoint_interfaces__rosidl_generator_c.so[0m
[6.940s] [ 22%] Built target checkpoint_interfaces__rosidl_generator_c
[6.999s] [ 25%] [34m[1mGenerating C type support for eProsima Fast-RTPS[0m
[7.092s] [ 29%] [32mBuilding CXX object CMakeFiles/checkpoint_interfaces__rosidl_typesupport_cpp.dir/rosidl_typesupport_cpp/checkpoint_interfaces/msg/parameters_to_target__type_support.cpp.o[0m
[7.120s] [ 32%] [32mBuilding CXX object CMakeFiles/checkpoint_interfaces__rosidl_typesupport_introspection_cpp.dir/rosidl_typesupport_introspection_cpp/checkpoint_interfaces/msg/detail/parameters_to_target__type_support.cpp.o[0m
[7.442s] [ 35%] [32mBuilding CXX object CMakeFiles/checkpoint_interfaces__rosidl_typesupport_fastrtps_cpp.dir/rosidl_typesupport_fastrtps_cpp/checkpoint_interfaces/msg/detail/dds_fastrtps/parameters_to_target__type_support.cpp.o[0m
[7.996s] [ 38%] [32mBuilding CXX object CMakeFiles/checkpoint_interfaces__rosidl_typesupport_fastrtps_c.dir/rosidl_typesupport_fastrtps_c/checkpoint_interfaces/msg/detail/parameters_to_target__type_support_c.cpp.o[0m
[8.239s] [ 41%] [32m[1mLinking CXX shared library libcheckpoint_interfaces__rosidl_typesupport_cpp.so[0m
[8.341s] [ 41%] Built target checkpoint_interfaces__rosidl_typesupport_cpp
[8.372s] [ 45%] [34m[1mGenerating C introspection for ROS interfaces[0m
[8.534s] [ 48%] [32m[1mLinking CXX shared library libcheckpoint_interfaces__rosidl_typesupport_introspection_cpp.so[0m
[8.653s] [ 48%] Built target checkpoint_interfaces__rosidl_typesupport_introspection_cpp
[8.685s] [ 51%] [32m[1mLinking CXX shared library libcheckpoint_interfaces__rosidl_typesupport_fastrtps_cpp.so[0m
[8.695s] [ 54%] [34m[1mGenerating C type support dispatch for ROS interfaces[0m
[8.835s] [ 58%] [32m[1mLinking CXX shared library libcheckpoint_interfaces__rosidl_typesupport_fastrtps_c.so[0m
[8.931s] [ 58%] Built target checkpoint_interfaces__rosidl_typesupport_fastrtps_cpp
[9.016s] [ 61%] [32mBuilding C object CMakeFiles/checkpoint_interfaces__rosidl_typesupport_introspection_c.dir/rosidl_typesupport_introspection_c/checkpoint_interfaces/msg/detail/parameters_to_target__type_support.c.o[0m
[9.078s] [ 61%] Built target checkpoint_interfaces__rosidl_typesupport_fastrtps_c
[9.125s] [ 64%] [32m[1mLinking C shared library libcheckpoint_interfaces__rosidl_typesupport_introspection_c.so[0m
[9.224s] [ 64%] Built target checkpoint_interfaces__rosidl_typesupport_introspection_c
[9.282s] [ 67%] [32mBuilding CXX object CMakeFiles/checkpoint_interfaces__rosidl_typesupport_c.dir/rosidl_typesupport_c/checkpoint_interfaces/msg/parameters_to_target__type_support.cpp.o[0m
[9.358s] [ 70%] [32m[1mLinking CXX shared library libcheckpoint_interfaces__rosidl_typesupport_c.so[0m
[9.438s] [ 70%] Built target checkpoint_interfaces__rosidl_typesupport_c
[9.482s] [ 70%] Built target checkpoint_interfaces
[9.522s] [ 74%] [34m[1mGenerating Python code for ROS interfaces[0m
[10.002s] [ 74%] Built target checkpoint_interfaces__py
[10.040s] [ 77%] [32mBuilding C object CMakeFiles/checkpoint_interfaces__rosidl_generator_py.dir/rosidl_generator_py/checkpoint_interfaces/msg/_parameters_to_target_s.c.o[0m
[10.351s] [ 80%] [32m[1mLinking C shared library rosidl_generator_py/checkpoint_interfaces/libcheckpoint_interfaces__rosidl_generator_py.so[0m
[10.416s] [ 80%] Built target checkpoint_interfaces__rosidl_generator_py
[10.456s] [ 90%] [32mBuilding C object CMakeFiles/checkpoint_interfaces__rosidl_typesupport_introspection_c__pyext.dir/rosidl_generator_py/checkpoint_interfaces/_checkpoint_interfaces_s.ep.rosidl_typesupport_introspection_c.c.o[0m
[10.456s] [ 90%] [32mBuilding C object CMakeFiles/checkpoint_interfaces__rosidl_typesupport_c__pyext.dir/rosidl_generator_py/checkpoint_interfaces/_checkpoint_interfaces_s.ep.rosidl_typesupport_c.c.o[0m
[10.456s] [ 90%] [32mBuilding C object CMakeFiles/checkpoint_interfaces__rosidl_typesupport_fastrtps_c__pyext.dir/rosidl_generator_py/checkpoint_interfaces/_checkpoint_interfaces_s.ep.rosidl_typesupport_fastrtps_c.c.o[0m
[10.638s] [ 93%] [32m[1mLinking C shared library rosidl_generator_py/checkpoint_interfaces/checkpoint_interfaces_s__rosidl_typesupport_fastrtps_c.cpython-310-aarch64-linux-gnu.so[0m
[10.639s] [ 96%] [32m[1mLinking C shared library rosidl_generator_py/checkpoint_interfaces/checkpoint_interfaces_s__rosidl_typesupport_c.cpython-310-aarch64-linux-gnu.so[0m
[10.641s] [100%] [32m[1mLinking C shared library rosidl_generator_py/checkpoint_interfaces/checkpoint_interfaces_s__rosidl_typesupport_introspection_c.cpython-310-aarch64-linux-gnu.so[0m
[10.724s] [100%] Built target checkpoint_interfaces__rosidl_typesupport_introspection_c__pyext
[10.728s] [100%] Built target checkpoint_interfaces__rosidl_typesupport_fastrtps_c__pyext
[10.728s] [100%] Built target checkpoint_interfaces__rosidl_typesupport_c__pyext
[10.748s] Invoked command in '/root/ros2_ws/build/checkpoint_interfaces' returned '0': CMAKE_PREFIX_PATH=${CMAKE_PREFIX_PATH}:/root/ros2_ws/src/checkpoint_pkg/install/checkpoint_pkg:/root/install/checkpoint_pkg:/root/ros2_ws/install/hw1_pkg:/root/ros2_ws/install/checkpoint_pkg:/root/create3_ws/install/create3_teleop:/root/create3_ws/install/create3_examples_py:/opt/ros/humble /usr/bin/cmake --build /root/ros2_ws/build/checkpoint_interfaces -- -j4 -l4
[10.886s] Invoking command in '/root/ros2_ws/build/checkpoint_interfaces': CMAKE_PREFIX_PATH=${CMAKE_PREFIX_PATH}:/root/ros2_ws/src/checkpoint_pkg/install/checkpoint_pkg:/root/install/checkpoint_pkg:/root/ros2_ws/install/hw1_pkg:/root/ros2_ws/install/checkpoint_pkg:/root/create3_ws/install/create3_teleop:/root/create3_ws/install/create3_examples_py:/opt/ros/humble /usr/bin/cmake --install /root/ros2_ws/build/checkpoint_interfaces
[10.902s] -- Install configuration: ""
[10.903s] -- Execute custom install script
[10.903s] -- Symlinking: /root/ros2_ws/install/checkpoint_interfaces/share/ament_index/resource_index/rosidl_interfaces/checkpoint_interfaces
[10.923s] -- Symlinking: /root/ros2_ws/install/checkpoint_interfaces/include/checkpoint_interfaces/checkpoint_interfaces/msg/detail/parameters_to_target__functions.h
[10.940s] -- Symlinking: /root/ros2_ws/install/checkpoint_interfaces/include/checkpoint_interfaces/checkpoint_interfaces/msg/detail/parameters_to_target__struct.h
[10.956s] -- Symlinking: /root/ros2_ws/install/checkpoint_interfaces/include/checkpoint_interfaces/checkpoint_interfaces/msg/detail/parameters_to_target__type_support.h
[10.975s] -- Symlinking: /root/ros2_ws/install/checkpoint_interfaces/include/checkpoint_interfaces/checkpoint_interfaces/msg/parameters_to_target.h
[10.995s] -- Symlinking: /root/ros2_ws/install/checkpoint_interfaces/include/checkpoint_interfaces/checkpoint_interfaces/msg/rosidl_generator_c__visibility_control.h
[11.012s] -- Symlinking: /root/ros2_ws/install/checkpoint_interfaces/share/checkpoint_interfaces/environment/library_path.sh
[11.028s] -- Symlinking: /root/ros2_ws/install/checkpoint_interfaces/share/checkpoint_interfaces/environment/library_path.dsv
[11.045s] -- Symlinking: /root/ros2_ws/install/checkpoint_interfaces/include/checkpoint_interfaces/checkpoint_interfaces/msg/detail/parameters_to_target__rosidl_typesupport_fastrtps_c.h
[11.061s] -- Symlinking: /root/ros2_ws/install/checkpoint_interfaces/include/checkpoint_interfaces/checkpoint_interfaces/msg/rosidl_typesupport_fastrtps_c__visibility_control.h
[11.082s] -- Symlinking: /root/ros2_ws/install/checkpoint_interfaces/include/checkpoint_interfaces/checkpoint_interfaces/msg/detail/parameters_to_target__rosidl_typesupport_introspection_c.h
[11.100s] -- Symlinking: /root/ros2_ws/install/checkpoint_interfaces/include/checkpoint_interfaces/checkpoint_interfaces/msg/rosidl_typesupport_introspection_c__visibility_control.h
[11.117s] -- Symlinking: /root/ros2_ws/install/checkpoint_interfaces/include/checkpoint_interfaces/checkpoint_interfaces/msg/detail/parameters_to_target__builder.hpp
[11.134s] -- Symlinking: /root/ros2_ws/install/checkpoint_interfaces/include/checkpoint_interfaces/checkpoint_interfaces/msg/detail/parameters_to_target__struct.hpp
[11.150s] -- Symlinking: /root/ros2_ws/install/checkpoint_interfaces/include/checkpoint_interfaces/checkpoint_interfaces/msg/detail/parameters_to_target__traits.hpp
[11.167s] -- Symlinking: /root/ros2_ws/install/checkpoint_interfaces/include/checkpoint_interfaces/checkpoint_interfaces/msg/parameters_to_target.hpp
[11.190s] -- Symlinking: /root/ros2_ws/install/checkpoint_interfaces/include/checkpoint_interfaces/checkpoint_interfaces/msg/detail/parameters_to_target__rosidl_typesupport_fastrtps_cpp.hpp
[11.211s] -- Symlinking: /root/ros2_ws/install/checkpoint_interfaces/include/checkpoint_interfaces/checkpoint_interfaces/msg/rosidl_typesupport_fastrtps_cpp__visibility_control.h
[11.228s] -- Symlinking: /root/ros2_ws/install/checkpoint_interfaces/include/checkpoint_interfaces/checkpoint_interfaces/msg/detail/parameters_to_target__rosidl_typesupport_introspection_cpp.hpp
[11.245s] -- Symlinking: /root/ros2_ws/install/checkpoint_interfaces/share/checkpoint_interfaces/environment/pythonpath.sh
[11.262s] -- Symlinking: /root/ros2_ws/install/checkpoint_interfaces/share/checkpoint_interfaces/environment/pythonpath.dsv
[11.282s] -- Symlinking: /root/ros2_ws/install/checkpoint_interfaces/local/lib/python3.10/dist-packages/checkpoint_interfaces-0.0.0-py3.10.egg-info/PKG-INFO
[11.300s] -- Symlinking: /root/ros2_ws/install/checkpoint_interfaces/local/lib/python3.10/dist-packages/checkpoint_interfaces-0.0.0-py3.10.egg-info/SOURCES.txt
[11.316s] -- Symlinking: /root/ros2_ws/install/checkpoint_interfaces/local/lib/python3.10/dist-packages/checkpoint_interfaces-0.0.0-py3.10.egg-info/dependency_links.txt
[11.334s] -- Symlinking: /root/ros2_ws/install/checkpoint_interfaces/local/lib/python3.10/dist-packages/checkpoint_interfaces-0.0.0-py3.10.egg-info/top_level.txt
[11.351s] -- Symlinking: /root/ros2_ws/install/checkpoint_interfaces/local/lib/python3.10/dist-packages/checkpoint_interfaces/__init__.py
[11.369s] -- Symlinking: /root/ros2_ws/install/checkpoint_interfaces/local/lib/python3.10/dist-packages/checkpoint_interfaces/_checkpoint_interfaces_s.ep.rosidl_typesupport_c.c
[11.390s] -- Symlinking: /root/ros2_ws/install/checkpoint_interfaces/local/lib/python3.10/dist-packages/checkpoint_interfaces/_checkpoint_interfaces_s.ep.rosidl_typesupport_fastrtps_c.c
[11.407s] -- Symlinking: /root/ros2_ws/install/checkpoint_interfaces/local/lib/python3.10/dist-packages/checkpoint_interfaces/_checkpoint_interfaces_s.ep.rosidl_typesupport_introspection_c.c
[11.423s] -- Symlinking: /root/ros2_ws/install/checkpoint_interfaces/local/lib/python3.10/dist-packages/checkpoint_interfaces/checkpoint_interfaces_s__rosidl_typesupport_c.cpython-310-aarch64-linux-gnu.so
[11.440s] -- Symlinking: /root/ros2_ws/install/checkpoint_interfaces/local/lib/python3.10/dist-packages/checkpoint_interfaces/checkpoint_interfaces_s__rosidl_typesupport_fastrtps_c.cpython-310-aarch64-linux-gnu.so
[11.456s] -- Symlinking: /root/ros2_ws/install/checkpoint_interfaces/local/lib/python3.10/dist-packages/checkpoint_interfaces/checkpoint_interfaces_s__rosidl_typesupport_introspection_c.cpython-310-aarch64-linux-gnu.so
[11.474s] -- Symlinking: /root/ros2_ws/install/checkpoint_interfaces/local/lib/python3.10/dist-packages/checkpoint_interfaces/libcheckpoint_interfaces__rosidl_generator_py.so
[11.494s] -- Symlinking: /root/ros2_ws/install/checkpoint_interfaces/local/lib/python3.10/dist-packages/checkpoint_interfaces/msg/__init__.py
[11.511s] -- Symlinking: /root/ros2_ws/install/checkpoint_interfaces/local/lib/python3.10/dist-packages/checkpoint_interfaces/msg/_parameters_to_target.py
[11.529s] -- Symlinking: /root/ros2_ws/install/checkpoint_interfaces/local/lib/python3.10/dist-packages/checkpoint_interfaces/msg/_parameters_to_target_s.c
[11.545s] -- Up-to-date symlink: /root/ros2_ws/install/checkpoint_interfaces/local/lib/python3.10/dist-packages/checkpoint_interfaces/checkpoint_interfaces_s__rosidl_typesupport_fastrtps_c.cpython-310-aarch64-linux-gnu.so
[11.546s] -- Up-to-date symlink: /root/ros2_ws/install/checkpoint_interfaces/local/lib/python3.10/dist-packages/checkpoint_interfaces/checkpoint_interfaces_s__rosidl_typesupport_introspection_c.cpython-310-aarch64-linux-gnu.so
[11.546s] -- Up-to-date symlink: /root/ros2_ws/install/checkpoint_interfaces/local/lib/python3.10/dist-packages/checkpoint_interfaces/checkpoint_interfaces_s__rosidl_typesupport_c.cpython-310-aarch64-linux-gnu.so
[11.546s] -- Symlinking: /root/ros2_ws/install/checkpoint_interfaces/share/checkpoint_interfaces/msg/ParametersToTarget.idl
[11.563s] -- Symlinking: /root/ros2_ws/install/checkpoint_interfaces/share/checkpoint_interfaces/msg/ParametersToTarget.msg
[11.585s] -- Symlinking: /root/ros2_ws/install/checkpoint_interfaces/share/ament_index/resource_index/package_run_dependencies/checkpoint_interfaces
[11.603s] -- Symlinking: /root/ros2_ws/install/checkpoint_interfaces/share/ament_index/resource_index/parent_prefix_path/checkpoint_interfaces
[11.619s] -- Symlinking: /root/ros2_ws/install/checkpoint_interfaces/share/checkpoint_interfaces/environment/ament_prefix_path.sh
[11.635s] -- Symlinking: /root/ros2_ws/install/checkpoint_interfaces/share/checkpoint_interfaces/environment/ament_prefix_path.dsv
[11.653s] -- Symlinking: /root/ros2_ws/install/checkpoint_interfaces/share/checkpoint_interfaces/environment/path.sh
[11.670s] -- Symlinking: /root/ros2_ws/install/checkpoint_interfaces/share/checkpoint_interfaces/environment/path.dsv
[11.691s] -- Symlinking: /root/ros2_ws/install/checkpoint_interfaces/share/checkpoint_interfaces/local_setup.bash
[11.708s] -- Symlinking: /root/ros2_ws/install/checkpoint_interfaces/share/checkpoint_interfaces/local_setup.sh
[11.725s] -- Symlinking: /root/ros2_ws/install/checkpoint_interfaces/share/checkpoint_interfaces/local_setup.zsh
[11.742s] -- Symlinking: /root/ros2_ws/install/checkpoint_interfaces/share/checkpoint_interfaces/local_setup.dsv
[11.758s] -- Symlinking: /root/ros2_ws/install/checkpoint_interfaces/share/checkpoint_interfaces/package.dsv
[11.778s] -- Symlinking: /root/ros2_ws/install/checkpoint_interfaces/share/ament_index/resource_index/packages/checkpoint_interfaces
[11.797s] -- Symlinking: /root/ros2_ws/install/checkpoint_interfaces/share/checkpoint_interfaces/cmake/rosidl_cmake-extras.cmake
[11.814s] -- Symlinking: /root/ros2_ws/install/checkpoint_interfaces/share/checkpoint_interfaces/cmake/ament_cmake_export_include_directories-extras.cmake
[11.831s] -- Symlinking: /root/ros2_ws/install/checkpoint_interfaces/share/checkpoint_interfaces/cmake/ament_cmake_export_libraries-extras.cmake
[11.847s] -- Symlinking: /root/ros2_ws/install/checkpoint_interfaces/share/checkpoint_interfaces/cmake/ament_cmake_export_targets-extras.cmake
[11.864s] -- Symlinking: /root/ros2_ws/install/checkpoint_interfaces/share/checkpoint_interfaces/cmake/rosidl_cmake_export_typesupport_targets-extras.cmake
[11.886s] -- Symlinking: /root/ros2_ws/install/checkpoint_interfaces/share/checkpoint_interfaces/cmake/ament_cmake_export_dependencies-extras.cmake
[11.907s] -- Symlinking: /root/ros2_ws/install/checkpoint_interfaces/share/checkpoint_interfaces/cmake/rosidl_cmake_export_typesupport_libraries-extras.cmake
[11.924s] -- Symlinking: /root/ros2_ws/install/checkpoint_interfaces/share/checkpoint_interfaces/cmake/checkpoint_interfacesConfig.cmake
[11.944s] -- Symlinking: /root/ros2_ws/install/checkpoint_interfaces/share/checkpoint_interfaces/cmake/checkpoint_interfacesConfig-version.cmake
[11.961s] -- Symlinking: /root/ros2_ws/install/checkpoint_interfaces/share/checkpoint_interfaces/package.xml
[11.981s] -- Installing: /root/ros2_ws/install/checkpoint_interfaces/lib/libcheckpoint_interfaces__rosidl_generator_c.so
[11.981s] -- Set runtime path of "/root/ros2_ws/install/checkpoint_interfaces/lib/libcheckpoint_interfaces__rosidl_generator_c.so" to ""
[11.981s] -- Installing: /root/ros2_ws/install/checkpoint_interfaces/lib/libcheckpoint_interfaces__rosidl_typesupport_fastrtps_c.so
[11.983s] -- Set runtime path of "/root/ros2_ws/install/checkpoint_interfaces/lib/libcheckpoint_interfaces__rosidl_typesupport_fastrtps_c.so" to ""
[11.983s] -- Installing: /root/ros2_ws/install/checkpoint_interfaces/lib/libcheckpoint_interfaces__rosidl_typesupport_introspection_c.so
[11.984s] -- Set runtime path of "/root/ros2_ws/install/checkpoint_interfaces/lib/libcheckpoint_interfaces__rosidl_typesupport_introspection_c.so" to ""
[11.984s] -- Installing: /root/ros2_ws/install/checkpoint_interfaces/lib/libcheckpoint_interfaces__rosidl_typesupport_c.so
[11.985s] -- Set runtime path of "/root/ros2_ws/install/checkpoint_interfaces/lib/libcheckpoint_interfaces__rosidl_typesupport_c.so" to ""
[11.985s] -- Installing: /root/ros2_ws/install/checkpoint_interfaces/lib/libcheckpoint_interfaces__rosidl_typesupport_fastrtps_cpp.so
[11.985s] -- Set runtime path of "/root/ros2_ws/install/checkpoint_interfaces/lib/libcheckpoint_interfaces__rosidl_typesupport_fastrtps_cpp.so" to ""
[11.985s] -- Installing: /root/ros2_ws/install/checkpoint_interfaces/lib/libcheckpoint_interfaces__rosidl_typesupport_introspection_cpp.so
[11.986s] -- Set runtime path of "/root/ros2_ws/install/checkpoint_interfaces/lib/libcheckpoint_interfaces__rosidl_typesupport_introspection_cpp.so" to ""
[11.986s] -- Installing: /root/ros2_ws/install/checkpoint_interfaces/lib/libcheckpoint_interfaces__rosidl_typesupport_cpp.so
[11.986s] -- Set runtime path of "/root/ros2_ws/install/checkpoint_interfaces/lib/libcheckpoint_interfaces__rosidl_typesupport_cpp.so" to ""
[12.053s] Listing '/root/ros2_ws/install/checkpoint_interfaces/local/lib/python3.10/dist-packages/checkpoint_interfaces'...
[12.054s] Compiling '/root/ros2_ws/install/checkpoint_interfaces/local/lib/python3.10/dist-packages/checkpoint_interfaces/__init__.py'...
[12.054s] Listing '/root/ros2_ws/install/checkpoint_interfaces/local/lib/python3.10/dist-packages/checkpoint_interfaces/msg'...
[12.054s] Compiling '/root/ros2_ws/install/checkpoint_interfaces/local/lib/python3.10/dist-packages/checkpoint_interfaces/msg/__init__.py'...
[12.054s] Compiling '/root/ros2_ws/install/checkpoint_interfaces/local/lib/python3.10/dist-packages/checkpoint_interfaces/msg/_parameters_to_target.py'...
[12.063s] -- Installing: /root/ros2_ws/install/checkpoint_interfaces/lib/libcheckpoint_interfaces__rosidl_generator_py.so
[12.064s] -- Set runtime path of "/root/ros2_ws/install/checkpoint_interfaces/lib/libcheckpoint_interfaces__rosidl_generator_py.so" to ""
[12.064s] -- Installing: /root/ros2_ws/install/checkpoint_interfaces/share/checkpoint_interfaces/cmake/export_checkpoint_interfaces__rosidl_generator_cExport.cmake
[12.064s] -- Installing: /root/ros2_ws/install/checkpoint_interfaces/share/checkpoint_interfaces/cmake/export_checkpoint_interfaces__rosidl_generator_cExport-noconfig.cmake
[12.064s] -- Installing: /root/ros2_ws/install/checkpoint_interfaces/share/checkpoint_interfaces/cmake/export_checkpoint_interfaces__rosidl_typesupport_fastrtps_cExport.cmake
[12.065s] -- Installing: /root/ros2_ws/install/checkpoint_interfaces/share/checkpoint_interfaces/cmake/export_checkpoint_interfaces__rosidl_typesupport_fastrtps_cExport-noconfig.cmake
[12.065s] -- Installing: /root/ros2_ws/install/checkpoint_interfaces/share/checkpoint_interfaces/cmake/checkpoint_interfaces__rosidl_typesupport_introspection_cExport.cmake
[12.065s] -- Installing: /root/ros2_ws/install/checkpoint_interfaces/share/checkpoint_interfaces/cmake/checkpoint_interfaces__rosidl_typesupport_introspection_cExport-noconfig.cmake
[12.065s] -- Installing: /root/ros2_ws/install/checkpoint_interfaces/share/checkpoint_interfaces/cmake/checkpoint_interfaces__rosidl_typesupport_cExport.cmake
[12.065s] -- Installing: /root/ros2_ws/install/checkpoint_interfaces/share/checkpoint_interfaces/cmake/checkpoint_interfaces__rosidl_typesupport_cExport-noconfig.cmake
[12.066s] -- Installing: /root/ros2_ws/install/checkpoint_interfaces/share/checkpoint_interfaces/cmake/export_checkpoint_interfaces__rosidl_generator_cppExport.cmake
[12.066s] -- Installing: /root/ros2_ws/install/checkpoint_interfaces/share/checkpoint_interfaces/cmake/export_checkpoint_interfaces__rosidl_typesupport_fastrtps_cppExport.cmake
[12.066s] -- Installing: /root/ros2_ws/install/checkpoint_interfaces/share/checkpoint_interfaces/cmake/export_checkpoint_interfaces__rosidl_typesupport_fastrtps_cppExport-noconfig.cmake
[12.066s] -- Installing: /root/ros2_ws/install/checkpoint_interfaces/share/checkpoint_interfaces/cmake/checkpoint_interfaces__rosidl_typesupport_introspection_cppExport.cmake
[12.066s] -- Installing: /root/ros2_ws/install/checkpoint_interfaces/share/checkpoint_interfaces/cmake/checkpoint_interfaces__rosidl_typesupport_introspection_cppExport-noconfig.cmake
[12.067s] -- Installing: /root/ros2_ws/install/checkpoint_interfaces/share/checkpoint_interfaces/cmake/checkpoint_interfaces__rosidl_typesupport_cppExport.cmake
[12.067s] -- Installing: /root/ros2_ws/install/checkpoint_interfaces/share/checkpoint_interfaces/cmake/checkpoint_interfaces__rosidl_typesupport_cppExport-noconfig.cmake
[12.067s] -- Installing: /root/ros2_ws/install/checkpoint_interfaces/share/checkpoint_interfaces/cmake/export_checkpoint_interfaces__rosidl_generator_pyExport.cmake
[12.068s] -- Installing: /root/ros2_ws/install/checkpoint_interfaces/share/checkpoint_interfaces/cmake/export_checkpoint_interfaces__rosidl_generator_pyExport-noconfig.cmake
[12.073s] Invoked command in '/root/ros2_ws/build/checkpoint_interfaces' returned '0': CMAKE_PREFIX_PATH=${CMAKE_PREFIX_PATH}:/root/ros2_ws/src/checkpoint_pkg/install/checkpoint_pkg:/root/install/checkpoint_pkg:/root/ros2_ws/install/hw1_pkg:/root/ros2_ws/install/checkpoint_pkg:/root/create3_ws/install/create3_teleop:/root/create3_ws/install/create3_examples_py:/opt/ros/humble /usr/bin/cmake --install /root/ros2_ws/build/checkpoint_interfaces
