-- Found ament_cmake: 1.3.10 (/opt/ros/humble/share/ament_cmake/cmake)
-- Override CMake install command with custom implementation using symlinks instead of copying resources
-- Found rosidl_default_generators: 1.2.0 (/opt/ros/humble/share/rosidl_default_generators/cmake)
-- Using all available rosidl_typesupport_c: rosidl_typesupport_fastrtps_c;rosidl_typesupport_introspection_c
-- Found rosidl_adapter: 3.1.5 (/opt/ros/humble/share/rosidl_adapter/cmake)
-- Using all available rosidl_typesupport_cpp: rosidl_typesupport_fastrtps_cpp;rosidl_typesupport_introspection_cpp
-- Found ament_cmake_ros: 0.10.0 (/opt/ros/humble/share/ament_cmake_ros/cmake)
-- Using all available rosidl_typesupport_c: rosidl_typesupport_fastrtps_c;rosidl_typesupport_introspection_c
-- Using all available rosidl_typesupport_cpp: rosidl_typesupport_fastrtps_cpp;rosidl_typesupport_introspection_cpp
-- Found python_cmake_module: 0.10.0 (/opt/ros/humble/share/python_cmake_module/cmake)
-- Using PYTHON_EXECUTABLE: /usr/bin/python3
-- Using PYTHON_INCLUDE_DIRS: /usr/include/python3.10
-- Using PYTHON_LIBRARIES: /usr/lib/aarch64-linux-gnu/libpython3.10.so
-- Found ament_lint_auto: 0.12.11 (/opt/ros/humble/share/ament_lint_auto/cmake)
-- Added test 'lint_cmake' to check CMake code style
-- Added test 'xmllint' to check XML markup files
-- Configuring done
-- Generating done
-- Build files have been written to: /root/ros2_ws/build/checkpoint_interfaces
[  3%] [34m[1mGenerating C code for ROS interfaces[0m
[  6%] [34m[1mGenerating C++ code for ROS interfaces[0m
[  6%] Built target ament_cmake_python_symlink_checkpoint_interfaces
running egg_info
writing checkpoint_interfaces.egg-info/PKG-INFO
writing dependency_links to checkpoint_interfaces.egg-info/dependency_links.txt
writing top-level names to checkpoint_interfaces.egg-info/top_level.txt
reading manifest file 'checkpoint_interfaces.egg-info/SOURCES.txt'
writing manifest file 'checkpoint_interfaces.egg-info/SOURCES.txt'
[35m[1mConsolidate compiler generated dependencies of target checkpoint_interfaces__rosidl_generator_c[0m
[  9%] [32mBuilding C object CMakeFiles/checkpoint_interfaces__rosidl_generator_c.dir/rosidl_generator_c/checkpoint_interfaces/msg/detail/parameters_to_target__functions.c.o[0m
[  9%] Built target ament_cmake_python_build_checkpoint_interfaces_egg
[  9%] Built target checkpoint_interfaces__cpp
[ 19%] [34m[1mGenerating C++ introspection for ROS interfaces[0m
[ 19%] [34m[1mGenerating C++ type support dispatch for ROS interfaces[0m
[ 19%] [34m[1mGenerating C++ type support for eProsima Fast-RTPS[0m
[35m[1mConsolidate compiler generated dependencies of target checkpoint_interfaces__rosidl_typesupport_cpp[0m
[35m[1mConsolidate compiler generated dependencies of target checkpoint_interfaces__rosidl_typesupport_introspection_cpp[0m
[35m[1mConsolidate compiler generated dependencies of target checkpoint_interfaces__rosidl_typesupport_fastrtps_cpp[0m
[ 22%] [32mBuilding CXX object CMakeFiles/checkpoint_interfaces__rosidl_typesupport_introspection_cpp.dir/rosidl_typesupport_introspection_cpp/checkpoint_interfaces/msg/detail/parameters_to_target__type_support.cpp.o[0m
[ 25%] [32mBuilding CXX object CMakeFiles/checkpoint_interfaces__rosidl_typesupport_cpp.dir/rosidl_typesupport_cpp/checkpoint_interfaces/msg/parameters_to_target__type_support.cpp.o[0m
[ 29%] [32mBuilding CXX object CMakeFiles/checkpoint_interfaces__rosidl_typesupport_fastrtps_cpp.dir/rosidl_typesupport_fastrtps_cpp/checkpoint_interfaces/msg/detail/dds_fastrtps/parameters_to_target__type_support.cpp.o[0m
[ 32%] [32m[1mLinking C shared library libcheckpoint_interfaces__rosidl_generator_c.so[0m
[ 32%] Built target checkpoint_interfaces__rosidl_generator_c
[ 35%] [34m[1mGenerating C type support for eProsima Fast-RTPS[0m
[35m[1mConsolidate compiler generated dependencies of target checkpoint_interfaces__rosidl_typesupport_fastrtps_c[0m
[ 38%] [32mBuilding CXX object CMakeFiles/checkpoint_interfaces__rosidl_typesupport_fastrtps_c.dir/rosidl_typesupport_fastrtps_c/checkpoint_interfaces/msg/detail/parameters_to_target__type_support_c.cpp.o[0m
[ 41%] [32m[1mLinking CXX shared library libcheckpoint_interfaces__rosidl_typesupport_cpp.so[0m
[ 41%] Built target checkpoint_interfaces__rosidl_typesupport_cpp
[ 45%] [34m[1mGenerating C introspection for ROS interfaces[0m
[ 48%] [32m[1mLinking CXX shared library libcheckpoint_interfaces__rosidl_typesupport_introspection_cpp.so[0m
[ 51%] [32m[1mLinking CXX shared library libcheckpoint_interfaces__rosidl_typesupport_fastrtps_c.so[0m
[ 54%] [32m[1mLinking CXX shared library libcheckpoint_interfaces__rosidl_typesupport_fastrtps_cpp.so[0m
[ 54%] Built target checkpoint_interfaces__rosidl_typesupport_introspection_cpp
[ 58%] [34m[1mGenerating C type support dispatch for ROS interfaces[0m
[ 58%] Built target checkpoint_interfaces__rosidl_typesupport_fastrtps_c
[ 58%] Built target checkpoint_interfaces__rosidl_typesupport_fastrtps_cpp
[35m[1mConsolidate compiler generated dependencies of target checkpoint_interfaces__rosidl_typesupport_introspection_c[0m
[ 61%] [32mBuilding C object CMakeFiles/checkpoint_interfaces__rosidl_typesupport_introspection_c.dir/rosidl_typesupport_introspection_c/checkpoint_interfaces/msg/detail/parameters_to_target__type_support.c.o[0m
[35m[1mConsolidate compiler generated dependencies of target checkpoint_interfaces__rosidl_typesupport_c[0m
[ 64%] [32m[1mLinking C shared library libcheckpoint_interfaces__rosidl_typesupport_introspection_c.so[0m
[ 67%] [32mBuilding CXX object CMakeFiles/checkpoint_interfaces__rosidl_typesupport_c.dir/rosidl_typesupport_c/checkpoint_interfaces/msg/parameters_to_target__type_support.cpp.o[0m
[ 67%] Built target checkpoint_interfaces__rosidl_typesupport_introspection_c
[ 70%] [32m[1mLinking CXX shared library libcheckpoint_interfaces__rosidl_typesupport_c.so[0m
[ 70%] Built target checkpoint_interfaces__rosidl_typesupport_c
[ 70%] Built target checkpoint_interfaces
[ 74%] [34m[1mGenerating Python code for ROS interfaces[0m
[ 74%] Built target checkpoint_interfaces__py
[35m[1mConsolidate compiler generated dependencies of target checkpoint_interfaces__rosidl_generator_py[0m
[ 77%] [32mBuilding C object CMakeFiles/checkpoint_interfaces__rosidl_generator_py.dir/rosidl_generator_py/checkpoint_interfaces/msg/_parameters_to_target_s.c.o[0m
[ 80%] [32m[1mLinking C shared library rosidl_generator_py/checkpoint_interfaces/libcheckpoint_interfaces__rosidl_generator_py.so[0m
[ 80%] Built target checkpoint_interfaces__rosidl_generator_py
[35m[1mConsolidate compiler generated dependencies of target checkpoint_interfaces__rosidl_typesupport_c__pyext[0m
[35m[1mConsolidate compiler generated dependencies of target checkpoint_interfaces__rosidl_typesupport_fastrtps_c__pyext[0m
[35m[1mConsolidate compiler generated dependencies of target checkpoint_interfaces__rosidl_typesupport_introspection_c__pyext[0m
[ 87%] [32mBuilding C object CMakeFiles/checkpoint_interfaces__rosidl_typesupport_c__pyext.dir/rosidl_generator_py/checkpoint_interfaces/_checkpoint_interfaces_s.ep.rosidl_typesupport_c.c.o[0m
[ 87%] [32mBuilding C object CMakeFiles/checkpoint_interfaces__rosidl_typesupport_fastrtps_c__pyext.dir/rosidl_generator_py/checkpoint_interfaces/_checkpoint_interfaces_s.ep.rosidl_typesupport_fastrtps_c.c.o[0m
[ 90%] [32mBuilding C object CMakeFiles/checkpoint_interfaces__rosidl_typesupport_introspection_c__pyext.dir/rosidl_generator_py/checkpoint_interfaces/_checkpoint_interfaces_s.ep.rosidl_typesupport_introspection_c.c.o[0m
[ 93%] [32m[1mLinking C shared library rosidl_generator_py/checkpoint_interfaces/checkpoint_interfaces_s__rosidl_typesupport_c.cpython-310-aarch64-linux-gnu.so[0m
[ 96%] [32m[1mLinking C shared library rosidl_generator_py/checkpoint_interfaces/checkpoint_interfaces_s__rosidl_typesupport_fastrtps_c.cpython-310-aarch64-linux-gnu.so[0m
[100%] [32m[1mLinking C shared library rosidl_generator_py/checkpoint_interfaces/checkpoint_interfaces_s__rosidl_typesupport_introspection_c.cpython-310-aarch64-linux-gnu.so[0m
[100%] Built target checkpoint_interfaces__rosidl_typesupport_c__pyext
[100%] Built target checkpoint_interfaces__rosidl_typesupport_fastrtps_c__pyext
[100%] Built target checkpoint_interfaces__rosidl_typesupport_introspection_c__pyext
-- Install configuration: ""
-- Execute custom install script
-- Up-to-date symlink: /root/ros2_ws/install/checkpoint_interfaces/share/ament_index/resource_index/rosidl_interfaces/checkpoint_interfaces
-- Up-to-date symlink: /root/ros2_ws/install/checkpoint_interfaces/include/checkpoint_interfaces/checkpoint_interfaces/msg/detail/parameters_to_target__functions.h
-- Up-to-date symlink: /root/ros2_ws/install/checkpoint_interfaces/include/checkpoint_interfaces/checkpoint_interfaces/msg/detail/parameters_to_target__struct.h
-- Up-to-date symlink: /root/ros2_ws/install/checkpoint_interfaces/include/checkpoint_interfaces/checkpoint_interfaces/msg/detail/parameters_to_target__type_support.h
-- Up-to-date symlink: /root/ros2_ws/install/checkpoint_interfaces/include/checkpoint_interfaces/checkpoint_interfaces/msg/parameters_to_target.h
-- Up-to-date symlink: /root/ros2_ws/install/checkpoint_interfaces/include/checkpoint_interfaces/checkpoint_interfaces/msg/rosidl_generator_c__visibility_control.h
-- Up-to-date symlink: /root/ros2_ws/install/checkpoint_interfaces/share/checkpoint_interfaces/environment/library_path.sh
-- Up-to-date symlink: /root/ros2_ws/install/checkpoint_interfaces/share/checkpoint_interfaces/environment/library_path.dsv
-- Up-to-date symlink: /root/ros2_ws/install/checkpoint_interfaces/include/checkpoint_interfaces/checkpoint_interfaces/msg/detail/parameters_to_target__rosidl_typesupport_fastrtps_c.h
-- Up-to-date symlink: /root/ros2_ws/install/checkpoint_interfaces/include/checkpoint_interfaces/checkpoint_interfaces/msg/rosidl_typesupport_fastrtps_c__visibility_control.h
-- Up-to-date symlink: /root/ros2_ws/install/checkpoint_interfaces/include/checkpoint_interfaces/checkpoint_interfaces/msg/detail/parameters_to_target__rosidl_typesupport_introspection_c.h
-- Up-to-date symlink: /root/ros2_ws/install/checkpoint_interfaces/include/checkpoint_interfaces/checkpoint_interfaces/msg/rosidl_typesupport_introspection_c__visibility_control.h
-- Up-to-date symlink: /root/ros2_ws/install/checkpoint_interfaces/include/checkpoint_interfaces/checkpoint_interfaces/msg/detail/parameters_to_target__builder.hpp
-- Up-to-date symlink: /root/ros2_ws/install/checkpoint_interfaces/include/checkpoint_interfaces/checkpoint_interfaces/msg/detail/parameters_to_target__struct.hpp
-- Up-to-date symlink: /root/ros2_ws/install/checkpoint_interfaces/include/checkpoint_interfaces/checkpoint_interfaces/msg/detail/parameters_to_target__traits.hpp
-- Up-to-date symlink: /root/ros2_ws/install/checkpoint_interfaces/include/checkpoint_interfaces/checkpoint_interfaces/msg/parameters_to_target.hpp
-- Up-to-date symlink: /root/ros2_ws/install/checkpoint_interfaces/include/checkpoint_interfaces/checkpoint_interfaces/msg/detail/parameters_to_target__rosidl_typesupport_fastrtps_cpp.hpp
-- Up-to-date symlink: /root/ros2_ws/install/checkpoint_interfaces/include/checkpoint_interfaces/checkpoint_interfaces/msg/rosidl_typesupport_fastrtps_cpp__visibility_control.h
-- Up-to-date symlink: /root/ros2_ws/install/checkpoint_interfaces/include/checkpoint_interfaces/checkpoint_interfaces/msg/detail/parameters_to_target__rosidl_typesupport_introspection_cpp.hpp
-- Up-to-date symlink: /root/ros2_ws/install/checkpoint_interfaces/share/checkpoint_interfaces/environment/pythonpath.sh
-- Up-to-date symlink: /root/ros2_ws/install/checkpoint_interfaces/share/checkpoint_interfaces/environment/pythonpath.dsv
-- Up-to-date symlink: /root/ros2_ws/install/checkpoint_interfaces/local/lib/python3.10/dist-packages/checkpoint_interfaces-0.0.0-py3.10.egg-info/PKG-INFO
-- Up-to-date symlink: /root/ros2_ws/install/checkpoint_interfaces/local/lib/python3.10/dist-packages/checkpoint_interfaces-0.0.0-py3.10.egg-info/SOURCES.txt
-- Up-to-date symlink: /root/ros2_ws/install/checkpoint_interfaces/local/lib/python3.10/dist-packages/checkpoint_interfaces-0.0.0-py3.10.egg-info/dependency_links.txt
-- Up-to-date symlink: /root/ros2_ws/install/checkpoint_interfaces/local/lib/python3.10/dist-packages/checkpoint_interfaces-0.0.0-py3.10.egg-info/top_level.txt
-- Up-to-date symlink: /root/ros2_ws/install/checkpoint_interfaces/local/lib/python3.10/dist-packages/checkpoint_interfaces/__init__.py
-- Up-to-date symlink: /root/ros2_ws/install/checkpoint_interfaces/local/lib/python3.10/dist-packages/checkpoint_interfaces/_checkpoint_interfaces_s.ep.rosidl_typesupport_c.c
-- Up-to-date symlink: /root/ros2_ws/install/checkpoint_interfaces/local/lib/python3.10/dist-packages/checkpoint_interfaces/_checkpoint_interfaces_s.ep.rosidl_typesupport_fastrtps_c.c
-- Up-to-date symlink: /root/ros2_ws/install/checkpoint_interfaces/local/lib/python3.10/dist-packages/checkpoint_interfaces/_checkpoint_interfaces_s.ep.rosidl_typesupport_introspection_c.c
-- Up-to-date symlink: /root/ros2_ws/install/checkpoint_interfaces/local/lib/python3.10/dist-packages/checkpoint_interfaces/checkpoint_interfaces_s__rosidl_typesupport_c.cpython-310-aarch64-linux-gnu.so
-- Up-to-date symlink: /root/ros2_ws/install/checkpoint_interfaces/local/lib/python3.10/dist-packages/checkpoint_interfaces/checkpoint_interfaces_s__rosidl_typesupport_fastrtps_c.cpython-310-aarch64-linux-gnu.so
-- Up-to-date symlink: /root/ros2_ws/install/checkpoint_interfaces/local/lib/python3.10/dist-packages/checkpoint_interfaces/checkpoint_interfaces_s__rosidl_typesupport_introspection_c.cpython-310-aarch64-linux-gnu.so
-- Up-to-date symlink: /root/ros2_ws/install/checkpoint_interfaces/local/lib/python3.10/dist-packages/checkpoint_interfaces/libcheckpoint_interfaces__rosidl_generator_py.so
-- Up-to-date symlink: /root/ros2_ws/install/checkpoint_interfaces/local/lib/python3.10/dist-packages/checkpoint_interfaces/msg/__init__.py
-- Up-to-date symlink: /root/ros2_ws/install/checkpoint_interfaces/local/lib/python3.10/dist-packages/checkpoint_interfaces/msg/_parameters_to_target.py
-- Up-to-date symlink: /root/ros2_ws/install/checkpoint_interfaces/local/lib/python3.10/dist-packages/checkpoint_interfaces/msg/_parameters_to_target_s.c
-- Up-to-date symlink: /root/ros2_ws/install/checkpoint_interfaces/local/lib/python3.10/dist-packages/checkpoint_interfaces/checkpoint_interfaces_s__rosidl_typesupport_fastrtps_c.cpython-310-aarch64-linux-gnu.so
-- Up-to-date symlink: /root/ros2_ws/install/checkpoint_interfaces/local/lib/python3.10/dist-packages/checkpoint_interfaces/checkpoint_interfaces_s__rosidl_typesupport_introspection_c.cpython-310-aarch64-linux-gnu.so
-- Up-to-date symlink: /root/ros2_ws/install/checkpoint_interfaces/local/lib/python3.10/dist-packages/checkpoint_interfaces/checkpoint_interfaces_s__rosidl_typesupport_c.cpython-310-aarch64-linux-gnu.so
-- Up-to-date symlink: /root/ros2_ws/install/checkpoint_interfaces/share/checkpoint_interfaces/msg/ParametersToTarget.idl
-- Up-to-date symlink: /root/ros2_ws/install/checkpoint_interfaces/share/checkpoint_interfaces/msg/ParametersToTarget.msg
-- Up-to-date symlink: /root/ros2_ws/install/checkpoint_interfaces/share/ament_index/resource_index/package_run_dependencies/checkpoint_interfaces
-- Up-to-date symlink: /root/ros2_ws/install/checkpoint_interfaces/share/ament_index/resource_index/parent_prefix_path/checkpoint_interfaces
-- Up-to-date symlink: /root/ros2_ws/install/checkpoint_interfaces/share/checkpoint_interfaces/environment/ament_prefix_path.sh
-- Up-to-date symlink: /root/ros2_ws/install/checkpoint_interfaces/share/checkpoint_interfaces/environment/ament_prefix_path.dsv
-- Up-to-date symlink: /root/ros2_ws/install/checkpoint_interfaces/share/checkpoint_interfaces/environment/path.sh
-- Up-to-date symlink: /root/ros2_ws/install/checkpoint_interfaces/share/checkpoint_interfaces/environment/path.dsv
-- Up-to-date symlink: /root/ros2_ws/install/checkpoint_interfaces/share/checkpoint_interfaces/local_setup.bash
-- Up-to-date symlink: /root/ros2_ws/install/checkpoint_interfaces/share/checkpoint_interfaces/local_setup.sh
-- Up-to-date symlink: /root/ros2_ws/install/checkpoint_interfaces/share/checkpoint_interfaces/local_setup.zsh
-- Up-to-date symlink: /root/ros2_ws/install/checkpoint_interfaces/share/checkpoint_interfaces/local_setup.dsv
-- Symlinking: /root/ros2_ws/install/checkpoint_interfaces/share/checkpoint_interfaces/package.dsv
-- Up-to-date symlink: /root/ros2_ws/install/checkpoint_interfaces/share/ament_index/resource_index/packages/checkpoint_interfaces
-- Up-to-date symlink: /root/ros2_ws/install/checkpoint_interfaces/share/checkpoint_interfaces/cmake/rosidl_cmake-extras.cmake
-- Up-to-date symlink: /root/ros2_ws/install/checkpoint_interfaces/share/checkpoint_interfaces/cmake/ament_cmake_export_include_directories-extras.cmake
-- Up-to-date symlink: /root/ros2_ws/install/checkpoint_interfaces/share/checkpoint_interfaces/cmake/ament_cmake_export_libraries-extras.cmake
-- Up-to-date symlink: /root/ros2_ws/install/checkpoint_interfaces/share/checkpoint_interfaces/cmake/ament_cmake_export_targets-extras.cmake
-- Up-to-date symlink: /root/ros2_ws/install/checkpoint_interfaces/share/checkpoint_interfaces/cmake/rosidl_cmake_export_typesupport_targets-extras.cmake
-- Up-to-date symlink: /root/ros2_ws/install/checkpoint_interfaces/share/checkpoint_interfaces/cmake/ament_cmake_export_dependencies-extras.cmake
-- Up-to-date symlink: /root/ros2_ws/install/checkpoint_interfaces/share/checkpoint_interfaces/cmake/rosidl_cmake_export_typesupport_libraries-extras.cmake
-- Up-to-date symlink: /root/ros2_ws/install/checkpoint_interfaces/share/checkpoint_interfaces/cmake/checkpoint_interfacesConfig.cmake
-- Up-to-date symlink: /root/ros2_ws/install/checkpoint_interfaces/share/checkpoint_interfaces/cmake/checkpoint_interfacesConfig-version.cmake
-- Up-to-date symlink: /root/ros2_ws/install/checkpoint_interfaces/share/checkpoint_interfaces/package.xml
-- Installing: /root/ros2_ws/install/checkpoint_interfaces/lib/libcheckpoint_interfaces__rosidl_generator_c.so
-- Set runtime path of "/root/ros2_ws/install/checkpoint_interfaces/lib/libcheckpoint_interfaces__rosidl_generator_c.so" to ""
-- Installing: /root/ros2_ws/install/checkpoint_interfaces/lib/libcheckpoint_interfaces__rosidl_typesupport_fastrtps_c.so
-- Set runtime path of "/root/ros2_ws/install/checkpoint_interfaces/lib/libcheckpoint_interfaces__rosidl_typesupport_fastrtps_c.so" to ""
-- Installing: /root/ros2_ws/install/checkpoint_interfaces/lib/libcheckpoint_interfaces__rosidl_typesupport_introspection_c.so
-- Set runtime path of "/root/ros2_ws/install/checkpoint_interfaces/lib/libcheckpoint_interfaces__rosidl_typesupport_introspection_c.so" to ""
-- Installing: /root/ros2_ws/install/checkpoint_interfaces/lib/libcheckpoint_interfaces__rosidl_typesupport_c.so
-- Set runtime path of "/root/ros2_ws/install/checkpoint_interfaces/lib/libcheckpoint_interfaces__rosidl_typesupport_c.so" to ""
-- Installing: /root/ros2_ws/install/checkpoint_interfaces/lib/libcheckpoint_interfaces__rosidl_typesupport_fastrtps_cpp.so
-- Set runtime path of "/root/ros2_ws/install/checkpoint_interfaces/lib/libcheckpoint_interfaces__rosidl_typesupport_fastrtps_cpp.so" to ""
-- Installing: /root/ros2_ws/install/checkpoint_interfaces/lib/libcheckpoint_interfaces__rosidl_typesupport_introspection_cpp.so
-- Set runtime path of "/root/ros2_ws/install/checkpoint_interfaces/lib/libcheckpoint_interfaces__rosidl_typesupport_introspection_cpp.so" to ""
-- Installing: /root/ros2_ws/install/checkpoint_interfaces/lib/libcheckpoint_interfaces__rosidl_typesupport_cpp.so
-- Set runtime path of "/root/ros2_ws/install/checkpoint_interfaces/lib/libcheckpoint_interfaces__rosidl_typesupport_cpp.so" to ""
Listing '/root/ros2_ws/install/checkpoint_interfaces/local/lib/python3.10/dist-packages/checkpoint_interfaces'...
Compiling '/root/ros2_ws/install/checkpoint_interfaces/local/lib/python3.10/dist-packages/checkpoint_interfaces/__init__.py'...
Listing '/root/ros2_ws/install/checkpoint_interfaces/local/lib/python3.10/dist-packages/checkpoint_interfaces/msg'...
Compiling '/root/ros2_ws/install/checkpoint_interfaces/local/lib/python3.10/dist-packages/checkpoint_interfaces/msg/__init__.py'...
Compiling '/root/ros2_ws/install/checkpoint_interfaces/local/lib/python3.10/dist-packages/checkpoint_interfaces/msg/_parameters_to_target.py'...
-- Installing: /root/ros2_ws/install/checkpoint_interfaces/lib/libcheckpoint_interfaces__rosidl_generator_py.so
-- Set runtime path of "/root/ros2_ws/install/checkpoint_interfaces/lib/libcheckpoint_interfaces__rosidl_generator_py.so" to ""
-- Up-to-date: /root/ros2_ws/install/checkpoint_interfaces/share/checkpoint_interfaces/cmake/export_checkpoint_interfaces__rosidl_generator_cExport.cmake
-- Up-to-date: /root/ros2_ws/install/checkpoint_interfaces/share/checkpoint_interfaces/cmake/export_checkpoint_interfaces__rosidl_generator_cExport-noconfig.cmake
-- Up-to-date: /root/ros2_ws/install/checkpoint_interfaces/share/checkpoint_interfaces/cmake/export_checkpoint_interfaces__rosidl_typesupport_fastrtps_cExport.cmake
-- Up-to-date: /root/ros2_ws/install/checkpoint_interfaces/share/checkpoint_interfaces/cmake/export_checkpoint_interfaces__rosidl_typesupport_fastrtps_cExport-noconfig.cmake
-- Up-to-date: /root/ros2_ws/install/checkpoint_interfaces/share/checkpoint_interfaces/cmake/checkpoint_interfaces__rosidl_typesupport_introspection_cExport.cmake
-- Up-to-date: /root/ros2_ws/install/checkpoint_interfaces/share/checkpoint_interfaces/cmake/checkpoint_interfaces__rosidl_typesupport_introspection_cExport-noconfig.cmake
-- Up-to-date: /root/ros2_ws/install/checkpoint_interfaces/share/checkpoint_interfaces/cmake/checkpoint_interfaces__rosidl_typesupport_cExport.cmake
-- Up-to-date: /root/ros2_ws/install/checkpoint_interfaces/share/checkpoint_interfaces/cmake/checkpoint_interfaces__rosidl_typesupport_cExport-noconfig.cmake
-- Up-to-date: /root/ros2_ws/install/checkpoint_interfaces/share/checkpoint_interfaces/cmake/export_checkpoint_interfaces__rosidl_generator_cppExport.cmake
-- Up-to-date: /root/ros2_ws/install/checkpoint_interfaces/share/checkpoint_interfaces/cmake/export_checkpoint_interfaces__rosidl_typesupport_fastrtps_cppExport.cmake
-- Up-to-date: /root/ros2_ws/install/checkpoint_interfaces/share/checkpoint_interfaces/cmake/export_checkpoint_interfaces__rosidl_typesupport_fastrtps_cppExport-noconfig.cmake
-- Up-to-date: /root/ros2_ws/install/checkpoint_interfaces/share/checkpoint_interfaces/cmake/checkpoint_interfaces__rosidl_typesupport_introspection_cppExport.cmake
-- Up-to-date: /root/ros2_ws/install/checkpoint_interfaces/share/checkpoint_interfaces/cmake/checkpoint_interfaces__rosidl_typesupport_introspection_cppExport-noconfig.cmake
-- Up-to-date: /root/ros2_ws/install/checkpoint_interfaces/share/checkpoint_interfaces/cmake/checkpoint_interfaces__rosidl_typesupport_cppExport.cmake
-- Up-to-date: /root/ros2_ws/install/checkpoint_interfaces/share/checkpoint_interfaces/cmake/checkpoint_interfaces__rosidl_typesupport_cppExport-noconfig.cmake
-- Up-to-date: /root/ros2_ws/install/checkpoint_interfaces/share/checkpoint_interfaces/cmake/export_checkpoint_interfaces__rosidl_generator_pyExport.cmake
-- Up-to-date: /root/ros2_ws/install/checkpoint_interfaces/share/checkpoint_interfaces/cmake/export_checkpoint_interfaces__rosidl_generator_pyExport-noconfig.cmake
