[0.065s] Invoking command in '/root/ros2_ws/build/checkpoint_interfaces': CMAKE_PREFIX_PATH=${CMAKE_PREFIX_PATH}:/root/ros2_ws/install/hw3_pkg:/root/ros2_ws/install/hw1_pkg:/root/ros2_ws/install/final_pkg:/root/ros2_ws/install/checkpoint_pkg:/root/create3_ws/install/create3_teleop:/root/create3_ws/install/create3_examples_py:/opt/ros/humble /usr/bin/cmake /root/ros2_ws/src/checkpoint_interfaces -DCMAKE_INSTALL_PREFIX=/root/ros2_ws/install/checkpoint_interfaces
[0.333s] -- Found ament_cmake: 1.3.10 (/opt/ros/humble/share/ament_cmake/cmake)
[0.656s] -- Override CMake install command with custom implementation using symlinks instead of copying resources
[0.731s] -- Found rosidl_default_generators: 1.2.0 (/opt/ros/humble/share/rosidl_default_generators/cmake)
[0.744s] -- Using all available rosidl_typesupport_c: rosidl_typesupport_fastrtps_c;rosidl_typesupport_introspection_c
[0.759s] -- Found rosidl_adapter: 3.1.5 (/opt/ros/humble/share/rosidl_adapter/cmake)
[0.912s] -- Using all available rosidl_typesupport_cpp: rosidl_typesupport_fastrtps_cpp;rosidl_typesupport_introspection_cpp
[1.508s] -- Found ament_cmake_ros: 0.10.0 (/opt/ros/humble/share/ament_cmake_ros/cmake)
[1.906s] -- Using all available rosidl_typesupport_c: rosidl_typesupport_fastrtps_c;rosidl_typesupport_introspection_c
[2.376s] -- Using all available rosidl_typesupport_cpp: rosidl_typesupport_fastrtps_cpp;rosidl_typesupport_introspection_cpp
[2.437s] -- Found python_cmake_module: 0.10.0 (/opt/ros/humble/share/python_cmake_module/cmake)
[2.507s] -- Using PYTHON_EXECUTABLE: /usr/bin/python3
[2.507s] -- Using PYTHON_INCLUDE_DIRS: /usr/include/python3.10
[2.507s] -- Using PYTHON_LIBRARIES: /usr/lib/aarch64-linux-gnu/libpython3.10.so
[2.545s] -- Found ament_lint_auto: 0.12.11 (/opt/ros/humble/share/ament_lint_auto/cmake)
[2.606s] -- Added test 'lint_cmake' to check CMake code style
[2.608s] -- Added test 'xmllint' to check XML markup files
[2.624s] -- Configuring done
[2.770s] -- Generating done
[2.802s] -- Build files have been written to: /root/ros2_ws/build/checkpoint_interfaces
[2.816s] Invoked command in '/root/ros2_ws/build/checkpoint_interfaces' returned '0': CMAKE_PREFIX_PATH=${CMAKE_PREFIX_PATH}:/root/ros2_ws/install/hw3_pkg:/root/ros2_ws/install/hw1_pkg:/root/ros2_ws/install/final_pkg:/root/ros2_ws/install/checkpoint_pkg:/root/create3_ws/install/create3_teleop:/root/create3_ws/install/create3_examples_py:/opt/ros/humble /usr/bin/cmake /root/ros2_ws/src/checkpoint_interfaces -DCMAKE_INSTALL_PREFIX=/root/ros2_ws/install/checkpoint_interfaces
[2.821s] Invoking command in '/root/ros2_ws/build/checkpoint_interfaces': CMAKE_PREFIX_PATH=${CMAKE_PREFIX_PATH}:/root/ros2_ws/install/hw3_pkg:/root/ros2_ws/install/hw1_pkg:/root/ros2_ws/install/final_pkg:/root/ros2_ws/install/checkpoint_pkg:/root/create3_ws/install/create3_teleop:/root/create3_ws/install/create3_examples_py:/opt/ros/humble /usr/bin/cmake --build /root/ros2_ws/build/checkpoint_interfaces -- -j4 -l4
[2.917s] [  3%] [34m[1mGenerating C code for ROS interfaces[0m
[2.970s] [  6%] [34m[1mGenerating C++ code for ROS interfaces[0m
[2.978s] [  6%] Built target ament_cmake_python_symlink_checkpoint_interfaces
[3.528s] running egg_info
[3.532s] writing checkpoint_interfaces.egg-info/PKG-INFO
[3.532s] writing dependency_links to checkpoint_interfaces.egg-info/dependency_links.txt
[3.540s] writing top-level names to checkpoint_interfaces.egg-info/top_level.txt
[3.555s] reading manifest file 'checkpoint_interfaces.egg-info/SOURCES.txt'
[3.562s] writing manifest file 'checkpoint_interfaces.egg-info/SOURCES.txt'
[3.592s] [35m[1mConsolidate compiler generated dependencies of target checkpoint_interfaces__rosidl_generator_c[0m
[3.653s] [  9%] [32mBuilding C object CMakeFiles/checkpoint_interfaces__rosidl_generator_c.dir/rosidl_generator_c/checkpoint_interfaces/msg/detail/parameters_to_target__functions.c.o[0m
[3.660s] [  9%] Built target ament_cmake_python_build_checkpoint_interfaces_egg
[3.695s] [  9%] Built target checkpoint_interfaces__cpp
[3.715s] [ 19%] [34m[1mGenerating C++ introspection for ROS interfaces[0m
[3.716s] [ 19%] [34m[1mGenerating C++ type support dispatch for ROS interfaces[0m
[3.716s] [ 19%] [34m[1mGenerating C++ type support for eProsima Fast-RTPS[0m
[4.195s] [35m[1mConsolidate compiler generated dependencies of target checkpoint_interfaces__rosidl_typesupport_cpp[0m
[4.236s] [35m[1mConsolidate compiler generated dependencies of target checkpoint_interfaces__rosidl_typesupport_introspection_cpp[0m
[4.250s] [35m[1mConsolidate compiler generated dependencies of target checkpoint_interfaces__rosidl_typesupport_fastrtps_cpp[0m
[4.350s] [ 22%] [32mBuilding CXX object CMakeFiles/checkpoint_interfaces__rosidl_typesupport_introspection_cpp.dir/rosidl_typesupport_introspection_cpp/checkpoint_interfaces/msg/detail/parameters_to_target__type_support.cpp.o[0m
[4.354s] [ 25%] [32mBuilding CXX object CMakeFiles/checkpoint_interfaces__rosidl_typesupport_cpp.dir/rosidl_typesupport_cpp/checkpoint_interfaces/msg/parameters_to_target__type_support.cpp.o[0m
[4.375s] [ 29%] [32mBuilding CXX object CMakeFiles/checkpoint_interfaces__rosidl_typesupport_fastrtps_cpp.dir/rosidl_typesupport_fastrtps_cpp/checkpoint_interfaces/msg/detail/dds_fastrtps/parameters_to_target__type_support.cpp.o[0m
[5.150s] [ 32%] [32m[1mLinking C shared library libcheckpoint_interfaces__rosidl_generator_c.so[0m
[5.360s] [ 32%] Built target checkpoint_interfaces__rosidl_generator_c
[5.380s] [ 35%] [34m[1mGenerating C type support for eProsima Fast-RTPS[0m
[5.829s] [35m[1mConsolidate compiler generated dependencies of target checkpoint_interfaces__rosidl_typesupport_fastrtps_c[0m
[5.874s] [ 38%] [32mBuilding CXX object CMakeFiles/checkpoint_interfaces__rosidl_typesupport_fastrtps_c.dir/rosidl_typesupport_fastrtps_c/checkpoint_interfaces/msg/detail/parameters_to_target__type_support_c.cpp.o[0m
[6.440s] [ 41%] [32m[1mLinking CXX shared library libcheckpoint_interfaces__rosidl_typesupport_cpp.so[0m
[6.556s] [ 41%] Built target checkpoint_interfaces__rosidl_typesupport_cpp
[6.587s] [ 45%] [34m[1mGenerating C introspection for ROS interfaces[0m
[6.643s] [ 48%] [32m[1mLinking CXX shared library libcheckpoint_interfaces__rosidl_typesupport_introspection_cpp.so[0m
[6.657s] [ 51%] [32m[1mLinking CXX shared library libcheckpoint_interfaces__rosidl_typesupport_fastrtps_c.so[0m
[6.705s] [ 54%] [32m[1mLinking CXX shared library libcheckpoint_interfaces__rosidl_typesupport_fastrtps_cpp.so[0m
[6.771s] [ 54%] Built target checkpoint_interfaces__rosidl_typesupport_introspection_cpp
[6.830s] [ 58%] [34m[1mGenerating C type support dispatch for ROS interfaces[0m
[6.942s] [ 58%] Built target checkpoint_interfaces__rosidl_typesupport_fastrtps_c
[6.966s] [ 58%] Built target checkpoint_interfaces__rosidl_typesupport_fastrtps_cpp
[7.163s] [35m[1mConsolidate compiler generated dependencies of target checkpoint_interfaces__rosidl_typesupport_introspection_c[0m
[7.189s] [ 61%] [32mBuilding C object CMakeFiles/checkpoint_interfaces__rosidl_typesupport_introspection_c.dir/rosidl_typesupport_introspection_c/checkpoint_interfaces/msg/detail/parameters_to_target__type_support.c.o[0m
[7.250s] [35m[1mConsolidate compiler generated dependencies of target checkpoint_interfaces__rosidl_typesupport_c[0m
[7.274s] [ 64%] [32m[1mLinking C shared library libcheckpoint_interfaces__rosidl_typesupport_introspection_c.so[0m
[7.275s] [ 67%] [32mBuilding CXX object CMakeFiles/checkpoint_interfaces__rosidl_typesupport_c.dir/rosidl_typesupport_c/checkpoint_interfaces/msg/parameters_to_target__type_support.cpp.o[0m
[7.338s] [ 67%] Built target checkpoint_interfaces__rosidl_typesupport_introspection_c
[7.342s] [ 70%] [32m[1mLinking CXX shared library libcheckpoint_interfaces__rosidl_typesupport_c.so[0m
[7.421s] [ 70%] Built target checkpoint_interfaces__rosidl_typesupport_c
[7.463s] [ 70%] Built target checkpoint_interfaces
[7.510s] [ 74%] [34m[1mGenerating Python code for ROS interfaces[0m
[7.996s] [ 74%] Built target checkpoint_interfaces__py
[8.025s] [35m[1mConsolidate compiler generated dependencies of target checkpoint_interfaces__rosidl_generator_py[0m
[8.066s] [ 77%] [32mBuilding C object CMakeFiles/checkpoint_interfaces__rosidl_generator_py.dir/rosidl_generator_py/checkpoint_interfaces/msg/_parameters_to_target_s.c.o[0m
[8.431s] [ 80%] [32m[1mLinking C shared library rosidl_generator_py/checkpoint_interfaces/libcheckpoint_interfaces__rosidl_generator_py.so[0m
[8.516s] [ 80%] Built target checkpoint_interfaces__rosidl_generator_py
[8.543s] [35m[1mConsolidate compiler generated dependencies of target checkpoint_interfaces__rosidl_typesupport_c__pyext[0m
[8.543s] [35m[1mConsolidate compiler generated dependencies of target checkpoint_interfaces__rosidl_typesupport_fastrtps_c__pyext[0m
[8.546s] [35m[1mConsolidate compiler generated dependencies of target checkpoint_interfaces__rosidl_typesupport_introspection_c__pyext[0m
[8.576s] [ 87%] [32mBuilding C object CMakeFiles/checkpoint_interfaces__rosidl_typesupport_c__pyext.dir/rosidl_generator_py/checkpoint_interfaces/_checkpoint_interfaces_s.ep.rosidl_typesupport_c.c.o[0m
[8.576s] [ 87%] [32mBuilding C object CMakeFiles/checkpoint_interfaces__rosidl_typesupport_fastrtps_c__pyext.dir/rosidl_generator_py/checkpoint_interfaces/_checkpoint_interfaces_s.ep.rosidl_typesupport_fastrtps_c.c.o[0m
[8.597s] [ 90%] [32mBuilding C object CMakeFiles/checkpoint_interfaces__rosidl_typesupport_introspection_c__pyext.dir/rosidl_generator_py/checkpoint_interfaces/_checkpoint_interfaces_s.ep.rosidl_typesupport_introspection_c.c.o[0m
[8.753s] [ 93%] [32m[1mLinking C shared library rosidl_generator_py/checkpoint_interfaces/checkpoint_interfaces_s__rosidl_typesupport_c.cpython-310-aarch64-linux-gnu.so[0m
[8.792s] [ 96%] [32m[1mLinking C shared library rosidl_generator_py/checkpoint_interfaces/checkpoint_interfaces_s__rosidl_typesupport_fastrtps_c.cpython-310-aarch64-linux-gnu.so[0m
[8.824s] [100%] [32m[1mLinking C shared library rosidl_generator_py/checkpoint_interfaces/checkpoint_interfaces_s__rosidl_typesupport_introspection_c.cpython-310-aarch64-linux-gnu.so[0m
[8.838s] [100%] Built target checkpoint_interfaces__rosidl_typesupport_c__pyext
[8.872s] [100%] Built target checkpoint_interfaces__rosidl_typesupport_fastrtps_c__pyext
[8.901s] [100%] Built target checkpoint_interfaces__rosidl_typesupport_introspection_c__pyext
[8.925s] Invoked command in '/root/ros2_ws/build/checkpoint_interfaces' returned '0': CMAKE_PREFIX_PATH=${CMAKE_PREFIX_PATH}:/root/ros2_ws/install/hw3_pkg:/root/ros2_ws/install/hw1_pkg:/root/ros2_ws/install/final_pkg:/root/ros2_ws/install/checkpoint_pkg:/root/create3_ws/install/create3_teleop:/root/create3_ws/install/create3_examples_py:/opt/ros/humble /usr/bin/cmake --build /root/ros2_ws/build/checkpoint_interfaces -- -j4 -l4
[9.060s] Invoking command in '/root/ros2_ws/build/checkpoint_interfaces': CMAKE_PREFIX_PATH=${CMAKE_PREFIX_PATH}:/root/ros2_ws/install/hw3_pkg:/root/ros2_ws/install/hw1_pkg:/root/ros2_ws/install/final_pkg:/root/ros2_ws/install/checkpoint_pkg:/root/create3_ws/install/create3_teleop:/root/create3_ws/install/create3_examples_py:/opt/ros/humble /usr/bin/cmake --install /root/ros2_ws/build/checkpoint_interfaces
[9.076s] -- Install configuration: ""
[9.078s] -- Execute custom install script
[9.078s] -- Up-to-date symlink: /root/ros2_ws/install/checkpoint_interfaces/share/ament_index/resource_index/rosidl_interfaces/checkpoint_interfaces
[9.079s] -- Up-to-date symlink: /root/ros2_ws/install/checkpoint_interfaces/include/checkpoint_interfaces/checkpoint_interfaces/msg/detail/parameters_to_target__functions.h
[9.079s] -- Up-to-date symlink: /root/ros2_ws/install/checkpoint_interfaces/include/checkpoint_interfaces/checkpoint_interfaces/msg/detail/parameters_to_target__struct.h
[9.079s] -- Up-to-date symlink: /root/ros2_ws/install/checkpoint_interfaces/include/checkpoint_interfaces/checkpoint_interfaces/msg/detail/parameters_to_target__type_support.h
[9.079s] -- Up-to-date symlink: /root/ros2_ws/install/checkpoint_interfaces/include/checkpoint_interfaces/checkpoint_interfaces/msg/parameters_to_target.h
[9.079s] -- Up-to-date symlink: /root/ros2_ws/install/checkpoint_interfaces/include/checkpoint_interfaces/checkpoint_interfaces/msg/rosidl_generator_c__visibility_control.h
[9.080s] -- Up-to-date symlink: /root/ros2_ws/install/checkpoint_interfaces/share/checkpoint_interfaces/environment/library_path.sh
[9.080s] -- Up-to-date symlink: /root/ros2_ws/install/checkpoint_interfaces/share/checkpoint_interfaces/environment/library_path.dsv
[9.081s] -- Up-to-date symlink: /root/ros2_ws/install/checkpoint_interfaces/include/checkpoint_interfaces/checkpoint_interfaces/msg/detail/parameters_to_target__rosidl_typesupport_fastrtps_c.h
[9.081s] -- Up-to-date symlink: /root/ros2_ws/install/checkpoint_interfaces/include/checkpoint_interfaces/checkpoint_interfaces/msg/rosidl_typesupport_fastrtps_c__visibility_control.h
[9.082s] -- Up-to-date symlink: /root/ros2_ws/install/checkpoint_interfaces/include/checkpoint_interfaces/checkpoint_interfaces/msg/detail/parameters_to_target__rosidl_typesupport_introspection_c.h
[9.082s] -- Up-to-date symlink: /root/ros2_ws/install/checkpoint_interfaces/include/checkpoint_interfaces/checkpoint_interfaces/msg/rosidl_typesupport_introspection_c__visibility_control.h
[9.083s] -- Up-to-date symlink: /root/ros2_ws/install/checkpoint_interfaces/include/checkpoint_interfaces/checkpoint_interfaces/msg/detail/parameters_to_target__builder.hpp
[9.083s] -- Up-to-date symlink: /root/ros2_ws/install/checkpoint_interfaces/include/checkpoint_interfaces/checkpoint_interfaces/msg/detail/parameters_to_target__struct.hpp
[9.083s] -- Up-to-date symlink: /root/ros2_ws/install/checkpoint_interfaces/include/checkpoint_interfaces/checkpoint_interfaces/msg/detail/parameters_to_target__traits.hpp
[9.083s] -- Up-to-date symlink: /root/ros2_ws/install/checkpoint_interfaces/include/checkpoint_interfaces/checkpoint_interfaces/msg/parameters_to_target.hpp
[9.085s] -- Up-to-date symlink: /root/ros2_ws/install/checkpoint_interfaces/include/checkpoint_interfaces/checkpoint_interfaces/msg/detail/parameters_to_target__rosidl_typesupport_fastrtps_cpp.hpp
[9.085s] -- Up-to-date symlink: /root/ros2_ws/install/checkpoint_interfaces/include/checkpoint_interfaces/checkpoint_interfaces/msg/rosidl_typesupport_fastrtps_cpp__visibility_control.h
[9.085s] -- Up-to-date symlink: /root/ros2_ws/install/checkpoint_interfaces/include/checkpoint_interfaces/checkpoint_interfaces/msg/detail/parameters_to_target__rosidl_typesupport_introspection_cpp.hpp
[9.085s] -- Up-to-date symlink: /root/ros2_ws/install/checkpoint_interfaces/share/checkpoint_interfaces/environment/pythonpath.sh
[9.086s] -- Up-to-date symlink: /root/ros2_ws/install/checkpoint_interfaces/share/checkpoint_interfaces/environment/pythonpath.dsv
[9.088s] -- Up-to-date symlink: /root/ros2_ws/install/checkpoint_interfaces/local/lib/python3.10/dist-packages/checkpoint_interfaces-0.0.0-py3.10.egg-info/PKG-INFO
[9.088s] -- Up-to-date symlink: /root/ros2_ws/install/checkpoint_interfaces/local/lib/python3.10/dist-packages/checkpoint_interfaces-0.0.0-py3.10.egg-info/SOURCES.txt
[9.088s] -- Up-to-date symlink: /root/ros2_ws/install/checkpoint_interfaces/local/lib/python3.10/dist-packages/checkpoint_interfaces-0.0.0-py3.10.egg-info/dependency_links.txt
[9.088s] -- Up-to-date symlink: /root/ros2_ws/install/checkpoint_interfaces/local/lib/python3.10/dist-packages/checkpoint_interfaces-0.0.0-py3.10.egg-info/top_level.txt
[9.089s] -- Up-to-date symlink: /root/ros2_ws/install/checkpoint_interfaces/local/lib/python3.10/dist-packages/checkpoint_interfaces/__init__.py
[9.089s] -- Up-to-date symlink: /root/ros2_ws/install/checkpoint_interfaces/local/lib/python3.10/dist-packages/checkpoint_interfaces/_checkpoint_interfaces_s.ep.rosidl_typesupport_c.c
[9.089s] -- Up-to-date symlink: /root/ros2_ws/install/checkpoint_interfaces/local/lib/python3.10/dist-packages/checkpoint_interfaces/_checkpoint_interfaces_s.ep.rosidl_typesupport_fastrtps_c.c
[9.089s] -- Up-to-date symlink: /root/ros2_ws/install/checkpoint_interfaces/local/lib/python3.10/dist-packages/checkpoint_interfaces/_checkpoint_interfaces_s.ep.rosidl_typesupport_introspection_c.c
[9.089s] -- Up-to-date symlink: /root/ros2_ws/install/checkpoint_interfaces/local/lib/python3.10/dist-packages/checkpoint_interfaces/checkpoint_interfaces_s__rosidl_typesupport_c.cpython-310-aarch64-linux-gnu.so
[9.089s] -- Up-to-date symlink: /root/ros2_ws/install/checkpoint_interfaces/local/lib/python3.10/dist-packages/checkpoint_interfaces/checkpoint_interfaces_s__rosidl_typesupport_fastrtps_c.cpython-310-aarch64-linux-gnu.so
[9.089s] -- Up-to-date symlink: /root/ros2_ws/install/checkpoint_interfaces/local/lib/python3.10/dist-packages/checkpoint_interfaces/checkpoint_interfaces_s__rosidl_typesupport_introspection_c.cpython-310-aarch64-linux-gnu.so
[9.090s] -- Up-to-date symlink: /root/ros2_ws/install/checkpoint_interfaces/local/lib/python3.10/dist-packages/checkpoint_interfaces/libcheckpoint_interfaces__rosidl_generator_py.so
[9.090s] -- Up-to-date symlink: /root/ros2_ws/install/checkpoint_interfaces/local/lib/python3.10/dist-packages/checkpoint_interfaces/msg/__init__.py
[9.093s] -- Up-to-date symlink: /root/ros2_ws/install/checkpoint_interfaces/local/lib/python3.10/dist-packages/checkpoint_interfaces/msg/_parameters_to_target.py
[9.093s] -- Up-to-date symlink: /root/ros2_ws/install/checkpoint_interfaces/local/lib/python3.10/dist-packages/checkpoint_interfaces/msg/_parameters_to_target_s.c
[9.094s] -- Up-to-date symlink: /root/ros2_ws/install/checkpoint_interfaces/local/lib/python3.10/dist-packages/checkpoint_interfaces/checkpoint_interfaces_s__rosidl_typesupport_fastrtps_c.cpython-310-aarch64-linux-gnu.so
[9.096s] -- Up-to-date symlink: /root/ros2_ws/install/checkpoint_interfaces/local/lib/python3.10/dist-packages/checkpoint_interfaces/checkpoint_interfaces_s__rosidl_typesupport_introspection_c.cpython-310-aarch64-linux-gnu.so
[9.096s] -- Up-to-date symlink: /root/ros2_ws/install/checkpoint_interfaces/local/lib/python3.10/dist-packages/checkpoint_interfaces/checkpoint_interfaces_s__rosidl_typesupport_c.cpython-310-aarch64-linux-gnu.so
[9.096s] -- Up-to-date symlink: /root/ros2_ws/install/checkpoint_interfaces/share/checkpoint_interfaces/msg/ParametersToTarget.idl
[9.096s] -- Up-to-date symlink: /root/ros2_ws/install/checkpoint_interfaces/share/checkpoint_interfaces/msg/ParametersToTarget.msg
[9.099s] -- Up-to-date symlink: /root/ros2_ws/install/checkpoint_interfaces/share/ament_index/resource_index/package_run_dependencies/checkpoint_interfaces
[9.099s] -- Up-to-date symlink: /root/ros2_ws/install/checkpoint_interfaces/share/ament_index/resource_index/parent_prefix_path/checkpoint_interfaces
[9.099s] -- Up-to-date symlink: /root/ros2_ws/install/checkpoint_interfaces/share/checkpoint_interfaces/environment/ament_prefix_path.sh
[9.099s] -- Up-to-date symlink: /root/ros2_ws/install/checkpoint_interfaces/share/checkpoint_interfaces/environment/ament_prefix_path.dsv
[9.099s] -- Up-to-date symlink: /root/ros2_ws/install/checkpoint_interfaces/share/checkpoint_interfaces/environment/path.sh
[9.099s] -- Up-to-date symlink: /root/ros2_ws/install/checkpoint_interfaces/share/checkpoint_interfaces/environment/path.dsv
[9.100s] -- Up-to-date symlink: /root/ros2_ws/install/checkpoint_interfaces/share/checkpoint_interfaces/local_setup.bash
[9.100s] -- Up-to-date symlink: /root/ros2_ws/install/checkpoint_interfaces/share/checkpoint_interfaces/local_setup.sh
[9.100s] -- Up-to-date symlink: /root/ros2_ws/install/checkpoint_interfaces/share/checkpoint_interfaces/local_setup.zsh
[9.100s] -- Up-to-date symlink: /root/ros2_ws/install/checkpoint_interfaces/share/checkpoint_interfaces/local_setup.dsv
[9.100s] -- Symlinking: /root/ros2_ws/install/checkpoint_interfaces/share/checkpoint_interfaces/package.dsv
[9.119s] -- Up-to-date symlink: /root/ros2_ws/install/checkpoint_interfaces/share/ament_index/resource_index/packages/checkpoint_interfaces
[9.120s] -- Up-to-date symlink: /root/ros2_ws/install/checkpoint_interfaces/share/checkpoint_interfaces/cmake/rosidl_cmake-extras.cmake
[9.120s] -- Up-to-date symlink: /root/ros2_ws/install/checkpoint_interfaces/share/checkpoint_interfaces/cmake/ament_cmake_export_include_directories-extras.cmake
[9.120s] -- Up-to-date symlink: /root/ros2_ws/install/checkpoint_interfaces/share/checkpoint_interfaces/cmake/ament_cmake_export_libraries-extras.cmake
[9.120s] -- Up-to-date symlink: /root/ros2_ws/install/checkpoint_interfaces/share/checkpoint_interfaces/cmake/ament_cmake_export_targets-extras.cmake
[9.120s] -- Up-to-date symlink: /root/ros2_ws/install/checkpoint_interfaces/share/checkpoint_interfaces/cmake/rosidl_cmake_export_typesupport_targets-extras.cmake
[9.120s] -- Up-to-date symlink: /root/ros2_ws/install/checkpoint_interfaces/share/checkpoint_interfaces/cmake/ament_cmake_export_dependencies-extras.cmake
[9.121s] -- Up-to-date symlink: /root/ros2_ws/install/checkpoint_interfaces/share/checkpoint_interfaces/cmake/rosidl_cmake_export_typesupport_libraries-extras.cmake
[9.121s] -- Up-to-date symlink: /root/ros2_ws/install/checkpoint_interfaces/share/checkpoint_interfaces/cmake/checkpoint_interfacesConfig.cmake
[9.121s] -- Up-to-date symlink: /root/ros2_ws/install/checkpoint_interfaces/share/checkpoint_interfaces/cmake/checkpoint_interfacesConfig-version.cmake
[9.121s] -- Up-to-date symlink: /root/ros2_ws/install/checkpoint_interfaces/share/checkpoint_interfaces/package.xml
[9.121s] -- Installing: /root/ros2_ws/install/checkpoint_interfaces/lib/libcheckpoint_interfaces__rosidl_generator_c.so
[9.122s] -- Set runtime path of "/root/ros2_ws/install/checkpoint_interfaces/lib/libcheckpoint_interfaces__rosidl_generator_c.so" to ""
[9.122s] -- Installing: /root/ros2_ws/install/checkpoint_interfaces/lib/libcheckpoint_interfaces__rosidl_typesupport_fastrtps_c.so
[9.123s] -- Set runtime path of "/root/ros2_ws/install/checkpoint_interfaces/lib/libcheckpoint_interfaces__rosidl_typesupport_fastrtps_c.so" to ""
[9.123s] -- Installing: /root/ros2_ws/install/checkpoint_interfaces/lib/libcheckpoint_interfaces__rosidl_typesupport_introspection_c.so
[9.123s] -- Set runtime path of "/root/ros2_ws/install/checkpoint_interfaces/lib/libcheckpoint_interfaces__rosidl_typesupport_introspection_c.so" to ""
[9.124s] -- Installing: /root/ros2_ws/install/checkpoint_interfaces/lib/libcheckpoint_interfaces__rosidl_typesupport_c.so
[9.124s] -- Set runtime path of "/root/ros2_ws/install/checkpoint_interfaces/lib/libcheckpoint_interfaces__rosidl_typesupport_c.so" to ""
[9.130s] -- Installing: /root/ros2_ws/install/checkpoint_interfaces/lib/libcheckpoint_interfaces__rosidl_typesupport_fastrtps_cpp.so
[9.131s] -- Set runtime path of "/root/ros2_ws/install/checkpoint_interfaces/lib/libcheckpoint_interfaces__rosidl_typesupport_fastrtps_cpp.so" to ""
[9.132s] -- Installing: /root/ros2_ws/install/checkpoint_interfaces/lib/libcheckpoint_interfaces__rosidl_typesupport_introspection_cpp.so
[9.132s] -- Set runtime path of "/root/ros2_ws/install/checkpoint_interfaces/lib/libcheckpoint_interfaces__rosidl_typesupport_introspection_cpp.so" to ""
[9.133s] -- Installing: /root/ros2_ws/install/checkpoint_interfaces/lib/libcheckpoint_interfaces__rosidl_typesupport_cpp.so
[9.133s] -- Set runtime path of "/root/ros2_ws/install/checkpoint_interfaces/lib/libcheckpoint_interfaces__rosidl_typesupport_cpp.so" to ""
[9.208s] Listing '/root/ros2_ws/install/checkpoint_interfaces/local/lib/python3.10/dist-packages/checkpoint_interfaces'...
[9.208s] Compiling '/root/ros2_ws/install/checkpoint_interfaces/local/lib/python3.10/dist-packages/checkpoint_interfaces/__init__.py'...
[9.208s] Listing '/root/ros2_ws/install/checkpoint_interfaces/local/lib/python3.10/dist-packages/checkpoint_interfaces/msg'...
[9.208s] Compiling '/root/ros2_ws/install/checkpoint_interfaces/local/lib/python3.10/dist-packages/checkpoint_interfaces/msg/__init__.py'...
[9.209s] Compiling '/root/ros2_ws/install/checkpoint_interfaces/local/lib/python3.10/dist-packages/checkpoint_interfaces/msg/_parameters_to_target.py'...
[9.219s] -- Installing: /root/ros2_ws/install/checkpoint_interfaces/lib/libcheckpoint_interfaces__rosidl_generator_py.so
[9.220s] -- Set runtime path of "/root/ros2_ws/install/checkpoint_interfaces/lib/libcheckpoint_interfaces__rosidl_generator_py.so" to ""
[9.226s] -- Up-to-date: /root/ros2_ws/install/checkpoint_interfaces/share/checkpoint_interfaces/cmake/export_checkpoint_interfaces__rosidl_generator_cExport.cmake
[9.226s] -- Up-to-date: /root/ros2_ws/install/checkpoint_interfaces/share/checkpoint_interfaces/cmake/export_checkpoint_interfaces__rosidl_generator_cExport-noconfig.cmake
[9.226s] -- Up-to-date: /root/ros2_ws/install/checkpoint_interfaces/share/checkpoint_interfaces/cmake/export_checkpoint_interfaces__rosidl_typesupport_fastrtps_cExport.cmake
[9.227s] -- Up-to-date: /root/ros2_ws/install/checkpoint_interfaces/share/checkpoint_interfaces/cmake/export_checkpoint_interfaces__rosidl_typesupport_fastrtps_cExport-noconfig.cmake
[9.227s] -- Up-to-date: /root/ros2_ws/install/checkpoint_interfaces/share/checkpoint_interfaces/cmake/checkpoint_interfaces__rosidl_typesupport_introspection_cExport.cmake
[9.227s] -- Up-to-date: /root/ros2_ws/install/checkpoint_interfaces/share/checkpoint_interfaces/cmake/checkpoint_interfaces__rosidl_typesupport_introspection_cExport-noconfig.cmake
[9.228s] -- Up-to-date: /root/ros2_ws/install/checkpoint_interfaces/share/checkpoint_interfaces/cmake/checkpoint_interfaces__rosidl_typesupport_cExport.cmake
[9.228s] -- Up-to-date: /root/ros2_ws/install/checkpoint_interfaces/share/checkpoint_interfaces/cmake/checkpoint_interfaces__rosidl_typesupport_cExport-noconfig.cmake
[9.228s] -- Up-to-date: /root/ros2_ws/install/checkpoint_interfaces/share/checkpoint_interfaces/cmake/export_checkpoint_interfaces__rosidl_generator_cppExport.cmake
[9.228s] -- Up-to-date: /root/ros2_ws/install/checkpoint_interfaces/share/checkpoint_interfaces/cmake/export_checkpoint_interfaces__rosidl_typesupport_fastrtps_cppExport.cmake
[9.228s] -- Up-to-date: /root/ros2_ws/install/checkpoint_interfaces/share/checkpoint_interfaces/cmake/export_checkpoint_interfaces__rosidl_typesupport_fastrtps_cppExport-noconfig.cmake
[9.229s] -- Up-to-date: /root/ros2_ws/install/checkpoint_interfaces/share/checkpoint_interfaces/cmake/checkpoint_interfaces__rosidl_typesupport_introspection_cppExport.cmake
[9.229s] -- Up-to-date: /root/ros2_ws/install/checkpoint_interfaces/share/checkpoint_interfaces/cmake/checkpoint_interfaces__rosidl_typesupport_introspection_cppExport-noconfig.cmake
[9.230s] -- Up-to-date: /root/ros2_ws/install/checkpoint_interfaces/share/checkpoint_interfaces/cmake/checkpoint_interfaces__rosidl_typesupport_cppExport.cmake
[9.230s] -- Up-to-date: /root/ros2_ws/install/checkpoint_interfaces/share/checkpoint_interfaces/cmake/checkpoint_interfaces__rosidl_typesupport_cppExport-noconfig.cmake
[9.230s] -- Up-to-date: /root/ros2_ws/install/checkpoint_interfaces/share/checkpoint_interfaces/cmake/export_checkpoint_interfaces__rosidl_generator_pyExport.cmake
[9.230s] -- Up-to-date: /root/ros2_ws/install/checkpoint_interfaces/share/checkpoint_interfaces/cmake/export_checkpoint_interfaces__rosidl_generator_pyExport-noconfig.cmake
[9.235s] Invoked command in '/root/ros2_ws/build/checkpoint_interfaces' returned '0': CMAKE_PREFIX_PATH=${CMAKE_PREFIX_PATH}:/root/ros2_ws/install/hw3_pkg:/root/ros2_ws/install/hw1_pkg:/root/ros2_ws/install/final_pkg:/root/ros2_ws/install/checkpoint_pkg:/root/create3_ws/install/create3_teleop:/root/create3_ws/install/create3_examples_py:/opt/ros/humble /usr/bin/cmake --install /root/ros2_ws/build/checkpoint_interfaces
