running develop
running egg_info
creating hw3_pkg.egg-info
writing hw3_pkg.egg-info/PKG-INFO
writing dependency_links to hw3_pkg.egg-info/dependency_links.txt
writing entry points to hw3_pkg.egg-info/entry_points.txt
writing requirements to hw3_pkg.egg-info/requires.txt
writing top-level names to hw3_pkg.egg-info/top_level.txt
writing manifest file 'hw3_pkg.egg-info/SOURCES.txt'
reading manifest file 'hw3_pkg.egg-info/SOURCES.txt'
writing manifest file 'hw3_pkg.egg-info/SOURCES.txt'
running build_ext
Creating /root/ros2_ws/install/hw3_pkg/lib/python3.10/site-packages/hw3-pkg.egg-link (link to .)
Installing camera_publisher script to /root/ros2_ws/install/hw3_pkg/lib/hw3_pkg
Installing camera_subscriber script to /root/ros2_ws/install/hw3_pkg/lib/hw3_pkg

Installed /root/ros2_ws/build/hw3_pkg
running symlink_data
creating /root/ros2_ws/install/hw3_pkg/share/ament_index
creating /root/ros2_ws/install/hw3_pkg/share/ament_index/resource_index
creating /root/ros2_ws/install/hw3_pkg/share/ament_index/resource_index/packages
symbolically linking /root/ros2_ws/build/hw3_pkg/resource/hw3_pkg -> /root/ros2_ws/install/hw3_pkg/share/ament_index/resource_index/packages
symbolically linking /root/ros2_ws/build/hw3_pkg/package.xml -> /root/ros2_ws/install/hw3_pkg/share/hw3_pkg
