running develop
/usr/lib/python3/dist-packages/setuptools/command/easy_install.py:158: EasyInstallDeprecationWarning: easy_install command is deprecated. Use build and pip and other standards-based tools.
  warnings.warn(
running egg_info
creating hw1_pkg.egg-info
writing hw1_pkg.egg-info/PKG-INFO
writing dependency_links to hw1_pkg.egg-info/dependency_links.txt
writing entry points to hw1_pkg.egg-info/entry_points.txt
writing requirements to hw1_pkg.egg-info/requires.txt
writing top-level names to hw1_pkg.egg-info/top_level.txt
writing manifest file 'hw1_pkg.egg-info/SOURCES.txt'
reading manifest file 'hw1_pkg.egg-info/SOURCES.txt'
writing manifest file 'hw1_pkg.egg-info/SOURCES.txt'
running build_ext
Creating /root/ros2_ws/install/hw1_pkg/lib/python3.10/site-packages/hw1-pkg.egg-link (link to .)
Installing publisher script to /root/ros2_ws/install/hw1_pkg/lib/hw1_pkg
Installing subscriber script to /root/ros2_ws/install/hw1_pkg/lib/hw1_pkg

Installed /root/ros2_ws/build/hw1_pkg
running symlink_data
creating /root/ros2_ws/install/hw1_pkg/share/ament_index
creating /root/ros2_ws/install/hw1_pkg/share/ament_index/resource_index
creating /root/ros2_ws/install/hw1_pkg/share/ament_index/resource_index/packages
symbolically linking /root/ros2_ws/build/hw1_pkg/resource/hw1_pkg -> /root/ros2_ws/install/hw1_pkg/share/ament_index/resource_index/packages
symbolically linking /root/ros2_ws/build/hw1_pkg/package.xml -> /root/ros2_ws/install/hw1_pkg/share/hw1_pkg
