[1.114s] Invoking command in '/root/ros2_ws/build/hw1_pkg': PYTHONPATH=/root/ros2_ws/build/hw1_pkg/prefix_override:/usr/lib/python3/dist-packages/colcon_core/task/python/colcon_distutils_commands:/root/ros2_ws/install/hw1_pkg/lib/python3.10/site-packages:${PYTHONPATH} /usr/bin/python3 -W ignore:setup.py install is deprecated setup.py develop --editable --build-directory /root/ros2_ws/build/hw1_pkg/build --no-deps symlink_data
[1.453s] running develop
[1.453s] /usr/lib/python3/dist-packages/setuptools/command/easy_install.py:158: EasyInstallDeprecationWarning: easy_install command is deprecated. Use build and pip and other standards-based tools.
[1.454s]   warnings.warn(
[1.609s] running egg_info
[1.609s] creating hw1_pkg.egg-info
[1.609s] writing hw1_pkg.egg-info/PKG-INFO
[1.610s] writing dependency_links to hw1_pkg.egg-info/dependency_links.txt
[1.610s] writing entry points to hw1_pkg.egg-info/entry_points.txt
[1.610s] writing requirements to hw1_pkg.egg-info/requires.txt
[1.610s] writing top-level names to hw1_pkg.egg-info/top_level.txt
[1.610s] writing manifest file 'hw1_pkg.egg-info/SOURCES.txt'
[1.612s] reading manifest file 'hw1_pkg.egg-info/SOURCES.txt'
[1.613s] writing manifest file 'hw1_pkg.egg-info/SOURCES.txt'
[1.646s] running build_ext
[1.647s] Creating /root/ros2_ws/install/hw1_pkg/lib/python3.10/site-packages/hw1-pkg.egg-link (link to .)
[1.649s] Installing publisher script to /root/ros2_ws/install/hw1_pkg/lib/hw1_pkg
[1.650s] Installing subscriber script to /root/ros2_ws/install/hw1_pkg/lib/hw1_pkg
[1.651s] 
[1.651s] Installed /root/ros2_ws/build/hw1_pkg
[1.651s] running symlink_data
[1.651s] creating /root/ros2_ws/install/hw1_pkg/share/ament_index
[1.652s] creating /root/ros2_ws/install/hw1_pkg/share/ament_index/resource_index
[1.652s] creating /root/ros2_ws/install/hw1_pkg/share/ament_index/resource_index/packages
[1.652s] symbolically linking /root/ros2_ws/build/hw1_pkg/resource/hw1_pkg -> /root/ros2_ws/install/hw1_pkg/share/ament_index/resource_index/packages
[1.652s] symbolically linking /root/ros2_ws/build/hw1_pkg/package.xml -> /root/ros2_ws/install/hw1_pkg/share/hw1_pkg
[1.739s] Invoked command in '/root/ros2_ws/build/hw1_pkg' returned '0': PYTHONPATH=/root/ros2_ws/build/hw1_pkg/prefix_override:/usr/lib/python3/dist-packages/colcon_core/task/python/colcon_distutils_commands:/root/ros2_ws/install/hw1_pkg/lib/python3.10/site-packages:${PYTHONPATH} /usr/bin/python3 -W ignore:setup.py install is deprecated setup.py develop --editable --build-directory /root/ros2_ws/build/hw1_pkg/build --no-deps symlink_data
