running develop
running egg_info
writing final_pkg.egg-info/PKG-INFO
writing dependency_links to final_pkg.egg-info/dependency_links.txt
writing entry points to final_pkg.egg-info/entry_points.txt
writing requirements to final_pkg.egg-info/requires.txt
writing top-level names to final_pkg.egg-info/top_level.txt
reading manifest file 'final_pkg.egg-info/SOURCES.txt'
writing manifest file 'final_pkg.egg-info/SOURCES.txt'
running build_ext
Creating /root/ros2_ws/install/final_pkg/lib/python3.10/site-packages/final-pkg.egg-link (link to .)
Installing aruco_detector script to /root/ros2_ws/install/final_pkg/lib/final_pkg
Installing aruco_pose_node script to /root/ros2_ws/install/final_pkg/lib/final_pkg
Installing lidar script to /root/ros2_ws/install/final_pkg/lib/final_pkg
Installing localizer script to /root/ros2_ws/install/final_pkg/lib/final_pkg
Installing move_robot script to /root/ros2_ws/install/final_pkg/lib/final_pkg
Installing move_robot_follow_path script to /root/ros2_ws/install/final_pkg/lib/final_pkg
Installing move_robot_outside_box script to /root/ros2_ws/install/final_pkg/lib/final_pkg
Installing move_robot_to_aruco script to /root/ros2_ws/install/final_pkg/lib/final_pkg
Installing navigator script to /root/ros2_ws/install/final_pkg/lib/final_pkg
Installing process_lidar script to /root/ros2_ws/install/final_pkg/lib/final_pkg
Installing robot_manager script to /root/ros2_ws/install/final_pkg/lib/final_pkg
Installing rotate_robot script to /root/ros2_ws/install/final_pkg/lib/final_pkg
Installing rotate_robot_to_aruco script to /root/ros2_ws/install/final_pkg/lib/final_pkg
Installing user_interface script to /root/ros2_ws/install/final_pkg/lib/final_pkg

Installed /root/ros2_ws/build/final_pkg
running symlink_data
